Component: Arm Compiler for Embedded 6.19 Tool: armlink [5e73cb00]

==============================================================================

Section Cross References

    startup_stm32g0c1xx.o(STACK) refers (Special) to heapauxi.o(.text) for __use_two_region_memory
    startup_stm32g0c1xx.o(HEAP) refers (Special) to heapauxi.o(.text) for __use_two_region_memory
    startup_stm32g0c1xx.o(RESET) refers (Special) to heapauxi.o(.text) for __use_two_region_memory
    startup_stm32g0c1xx.o(RESET) refers to startup_stm32g0c1xx.o(STACK) for __initial_sp
    startup_stm32g0c1xx.o(RESET) refers to startup_stm32g0c1xx.o(.text) for Reset_Handler
    startup_stm32g0c1xx.o(RESET) refers to stm32g0xx_it.o(.text.NMI_Handler) for NMI_Handler
    startup_stm32g0c1xx.o(RESET) refers to stm32g0xx_it.o(.text.HardFault_Handler) for HardFault_Handler
    startup_stm32g0c1xx.o(RESET) refers to stm32g0xx_it.o(.text.SVC_Handler) for SVC_Handler
    startup_stm32g0c1xx.o(RESET) refers to stm32g0xx_it.o(.text.PendSV_Handler) for PendSV_Handler
    startup_stm32g0c1xx.o(RESET) refers to stm32g0xx_it.o(.text.SysTick_Handler) for SysTick_Handler
    startup_stm32g0c1xx.o(RESET) refers to stm32g0xx_it.o(.text.TIM16_FDCAN_IT0_IRQHandler) for TIM16_FDCAN_IT0_IRQHandler
    startup_stm32g0c1xx.o(.text) refers (Special) to heapauxi.o(.text) for __use_two_region_memory
    startup_stm32g0c1xx.o(.text) refers to system_stm32g0xx.o(.text.SystemInit) for SystemInit
    startup_stm32g0c1xx.o(.text) refers to __main.o(!!!main) for __main
    startup_stm32g0c1xx.o(.text) refers to startup_stm32g0c1xx.o(HEAP) for Heap_Mem
    startup_stm32g0c1xx.o(.text) refers to startup_stm32g0c1xx.o(STACK) for Stack_Mem
    main.o(.text.HAL_FDCAN_RxFifo0Callback) refers to stm32g0xx_hal_fdcan.o(.text.HAL_FDCAN_GetRxMessage) for HAL_FDCAN_GetRxMessage
    main.o(.text.HAL_FDCAN_RxFifo0Callback) refers to rt_memcpy.o(.emb_text) for __aeabi_memcpy4
    main.o(.text.HAL_FDCAN_RxFifo0Callback) refers to stm32g0xx_hal.o(.text.HAL_GetTick) for HAL_GetTick
    main.o(.text.HAL_FDCAN_RxFifo0Callback) refers to llmul.o(.text) for __aeabi_lmul
    main.o(.text.HAL_FDCAN_RxFifo0Callback) refers to canard.o(.text.canardHandleRxFrame) for canardHandleRxFrame
    main.o(.text.HAL_FDCAN_RxFifo0Callback) refers to main.o(.bss..L_MergedGlobals) for [Anonymous Symbol]
    main.o(.text.HAL_FDCAN_RxFifo0Callback) refers to main.o(.bss.canard) for canard
    main.o(.ARM.exidx.text.HAL_FDCAN_RxFifo0Callback) refers to main.o(.text.HAL_FDCAN_RxFifo0Callback) for [Anonymous Symbol]
    main.o(.text.send_debug_key_value) refers to strlen.o(.text) for strlen
    main.o(.text.send_debug_key_value) refers to rt_memcpy.o(.text) for __aeabi_memcpy
    main.o(.text.send_debug_key_value) refers to uavcan.protocol.debug.keyvalue.o(.text.uavcan_protocol_debug_KeyValue_encode) for uavcan_protocol_debug_KeyValue_encode
    main.o(.text.send_debug_key_value) refers to canard.o(.text.canardBroadcast) for canardBroadcast
    main.o(.ARM.exidx.text.send_debug_key_value) refers to main.o(.text.send_debug_key_value) for [Anonymous Symbol]
    main.o(.text.send_heartbeat) refers to fflti.o(.text) for __aeabi_ui2f
    main.o(.text.send_heartbeat) refers to rt_memcpy.o(.text) for __aeabi_memcpy
    main.o(.text.send_heartbeat) refers to uavcan.protocol.debug.keyvalue.o(.text.uavcan_protocol_debug_KeyValue_encode) for uavcan_protocol_debug_KeyValue_encode
    main.o(.text.send_heartbeat) refers to canard.o(.text.canardBroadcast) for canardBroadcast
    main.o(.text.send_heartbeat) refers to uavcan.protocol.nodestatus.o(.text.uavcan_protocol_NodeStatus_encode) for uavcan_protocol_NodeStatus_encode
    main.o(.text.send_heartbeat) refers to main.o(.bss..L_MergedGlobals) for [Anonymous Symbol]
    main.o(.text.send_heartbeat) refers to main.o(.rodata.str1.4) for [Anonymous Symbol]
    main.o(.ARM.exidx.text.send_heartbeat) refers to main.o(.text.send_heartbeat) for [Anonymous Symbol]
    main.o(.text.send_batteryinfo) refers to rt_memclr.o(.text) for __aeabi_memclr4
    main.o(.text.send_batteryinfo) refers to rt_memcpy.o(.text) for __aeabi_memcpy
    main.o(.text.send_batteryinfo) refers to uavcan.equipment.power.batteryinfo.o(.text.uavcan_equipment_power_BatteryInfo_encode) for uavcan_equipment_power_BatteryInfo_encode
    main.o(.text.send_batteryinfo) refers to canard.o(.text.canardBroadcast) for canardBroadcast
    main.o(.text.send_batteryinfo) refers to main.o(.rodata.str1.4) for [Anonymous Symbol]
    main.o(.ARM.exidx.text.send_batteryinfo) refers to main.o(.text.send_batteryinfo) for [Anonymous Symbol]
    main.o(.ARM.exidx.text.should_accept) refers to main.o(.text.should_accept) for [Anonymous Symbol]
    main.o(.text.on_reception) refers to rt_memclr.o(.text) for __aeabi_memclr8
    main.o(.text.on_reception) refers to stm32g0xx_hal.o(.text.HAL_GetTick) for HAL_GetTick
    main.o(.text.on_reception) refers to aeabi_sdivfast.o(.text_divfast) for __aeabi_uidiv
[...]
    Removing stm32g0xx_hal_exti.o(.text), (0 bytes).
    Removing stm32g0xx_hal_exti.o(.text.HAL_EXTI_SetConfigLine), (176 bytes).
    Removing stm32g0xx_hal_exti.o(.ARM.exidx.text.HAL_EXTI_SetConfigLine), (8 bytes).
    Removing stm32g0xx_hal_exti.o(.text.HAL_EXTI_GetConfigLine), (156 bytes).
    Removing stm32g0xx_hal_exti.o(.ARM.exidx.text.HAL_EXTI_GetConfigLine), (8 bytes).
    Removing stm32g0xx_hal_exti.o(.text.HAL_EXTI_ClearConfigLine), (116 bytes).
    Removing stm32g0xx_hal_exti.o(.ARM.exidx.text.HAL_EXTI_ClearConfigLine), (8 bytes).
    Removing stm32g0xx_hal_exti.o(.text.HAL_EXTI_RegisterCallback), (34 bytes).
    Removing stm32g0xx_hal_exti.o(.ARM.exidx.text.HAL_EXTI_RegisterCallback), (8 bytes).
    Removing stm32g0xx_hal_exti.o(.text.HAL_EXTI_GetHandle), (14 bytes).
    Removing stm32g0xx_hal_exti.o(.ARM.exidx.text.HAL_EXTI_GetHandle), (8 bytes).
    Removing stm32g0xx_hal_exti.o(.text.HAL_EXTI_IRQHandler), (68 bytes).
    Removing stm32g0xx_hal_exti.o(.ARM.exidx.text.HAL_EXTI_IRQHandler), (8 bytes).
    Removing stm32g0xx_hal_exti.o(.text.HAL_EXTI_GetPending), (40 bytes).
    Removing stm32g0xx_hal_exti.o(.ARM.exidx.text.HAL_EXTI_GetPending), (8 bytes).
    Removing stm32g0xx_hal_exti.o(.text.HAL_EXTI_ClearPending), (36 bytes).
    Removing stm32g0xx_hal_exti.o(.ARM.exidx.text.HAL_EXTI_ClearPending), (8 bytes).
    Removing stm32g0xx_hal_exti.o(.text.HAL_EXTI_GenerateSWI), (28 bytes).
    Removing stm32g0xx_hal_exti.o(.ARM.exidx.text.HAL_EXTI_GenerateSWI), (8 bytes).
    Removing stm32g0xx_hal_tim.o(.text), (0 bytes).
    Removing stm32g0xx_hal_tim_ex.o(.text), (0 bytes).
    Removing system_stm32g0xx.o(.text), (0 bytes).
    Removing system_stm32g0xx.o(.ARM.exidx.text.SystemInit), (8 bytes).
    Removing system_stm32g0xx.o(.text.SystemCoreClockUpdate), (144 bytes).
    Removing system_stm32g0xx.o(.ARM.exidx.text.SystemCoreClockUpdate), (8 bytes).
    Removing system_stm32g0xx.o(.rodata.APBPrescTable), (32 bytes).
    Removing canard.o(.text), (0 bytes).
    Removing canard.o(.ARM.exidx.text.canardInit), (8 bytes).
    Removing canard.o(.text.canardGetUserReference), (4 bytes).
    Removing canard.o(.ARM.exidx.text.canardGetUserReference), (8 bytes).
    Removing canard.o(.ARM.exidx.text.canardSetLocalNodeID), (8 bytes).
    Removing canard.o(.text.canardGetLocalNodeID), (4 bytes).
    Removing canard.o(.ARM.exidx.text.canardGetLocalNodeID), (8 bytes).
    Removing canard.o(.text.canardForgetLocalNodeID), (6 bytes).
    Removing canard.o(.ARM.exidx.text.canardForgetLocalNodeID), (8 bytes).
    Removing canard.o(.text.canardInitTxTransfer), (10 bytes).
    Removing canard.o(.ARM.exidx.text.canardInitTxTransfer), (8 bytes).
    Removing canard.o(.ARM.exidx.text.canardBroadcast), (8 bytes).
    Removing canard.o(.ARM.exidx.text.canardBroadcastObj), (8 bytes).
    Removing canard.o(.ARM.exidx.text.crcAdd), (8 bytes).
    Removing canard.o(.ARM.exidx.text.enqueueTxFrames), (8 bytes).
    Removing canard.o(.ARM.exidx.text.canardRequestOrRespond), (8 bytes).
    Removing canard.o(.ARM.exidx.text.canardRequestOrRespondObj), (8 bytes).
    Removing canard.o(.ARM.exidx.text.canardPeekTxQueue), (8 bytes).
    Removing canard.o(.ARM.exidx.text.canardPopTxQueue), (8 bytes).
    Removing canard.o(.ARM.exidx.text.canardHandleRxFrame), (8 bytes).
    Removing canard.o(.text.extractTransferType), (14 bytes).
    Removing canard.o(.ARM.exidx.text.extractTransferType), (8 bytes).
    Removing canard.o(.text.extractDataType), (26 bytes).
    Removing canard.o(.ARM.exidx.text.extractDataType), (8 bytes).
    Removing canard.o(.ARM.exidx.text.bufferBlockPushBytes), (8 bytes).
    Removing canard.o(.ARM.exidx.text.crcAddSignature), (8 bytes).
    Removing canard.o(.text.canardReleaseRxTransferPayload), (94 bytes).
    Removing canard.o(.ARM.exidx.text.canardReleaseRxTransferPayload), (8 bytes).
    Removing canard.o(.text.canardCleanupStaleTransfers), (296 bytes).
    Removing canard.o(.ARM.exidx.text.canardCleanupStaleTransfers), (8 bytes).
    Removing canard.o(.text.canardDecodeScalar), (1040 bytes).
    Removing canard.o(.ARM.exidx.text.canardDecodeScalar), (8 bytes).
    Removing canard.o(.ARM.exidx.text.canardEncodeScalar), (8 bytes).
    Removing canard.o(.text.canardGetPoolAllocatorStatistics), (14 bytes).
    Removing canard.o(.ARM.exidx.text.canardGetPoolAllocatorStatistics), (8 bytes).
    Removing canard.o(.ARM.exidx.text.canardConvertNativeFloatToFloat16), (8 bytes).
    Removing canard.o(.text.canardConvertFloat16ToNativeFloat), (46 bytes).
    Removing canard.o(.ARM.exidx.text.canardConvertFloat16ToNativeFloat), (8 bytes).
    Removing uavcan.protocol.getnodeinfo_res.o(.text), (0 bytes).
    Removing uavcan.protocol.getnodeinfo_res.o(.ARM.exidx.text.uavcan_protocol_GetNodeInfoResponse_encode), (8 bytes).
    Removing uavcan.protocol.getnodeinfo_res.o(.text.uavcan_protocol_GetNodeInfoResponse_decode), (726 bytes).
    Removing uavcan.protocol.getnodeinfo_res.o(.ARM.exidx.text.uavcan_protocol_GetNodeInfoResponse_decode), (8 bytes).
    Removing uavcan.protocol.nodestatus.o(.text), (0 bytes).
    Removing uavcan.protocol.nodestatus.o(.ARM.exidx.text.uavcan_protocol_NodeStatus_encode), (8 bytes).
    Removing uavcan.protocol.nodestatus.o(.text.uavcan_protocol_NodeStatus_decode), (102 bytes).
    Removing uavcan.protocol.nodestatus.o(.ARM.exidx.text.uavcan_protocol_NodeStatus_decode), (8 bytes).
    Removing uavcan.protocol.debug.keyvalue.o(.text), (0 bytes).
    Removing uavcan.protocol.debug.keyvalue.o(.ARM.exidx.text.uavcan_protocol_debug_KeyValue_encode), (8 bytes).
    Removing uavcan.protocol.debug.keyvalue.o(.text.uavcan_protocol_debug_KeyValue_decode), (122 bytes).
    Removing uavcan.protocol.debug.keyvalue.o(.ARM.exidx.text.uavcan_protocol_debug_KeyValue_decode), (8 bytes).
    Removing uavcan.equipment.power.batteryinfo.o(.text), (0 bytes).
    Removing uavcan.equipment.power.batteryinfo.o(.ARM.exidx.text.uavcan_equipment_power_BatteryInfo_encode), (8 bytes).
    Removing uavcan.equipment.power.batteryinfo.o(.text.uavcan_equipment_power_BatteryInfo_decode), (418 bytes).
    Removing uavcan.equipment.power.batteryinfo.o(.ARM.exidx.text.uavcan_equipment_power_BatteryInfo_decode), (8 bytes).

568 unused section(s) (total 20890 bytes) removed from the image.

==============================================================================

Image Symbol Table

    Local Symbols

    Symbol Name                              Value     Ov Type        Size  Object(Section)

    ../clib/angel/boardlib.s                 0x00000000   Number         0  boardinit1.o ABSOLUTE
    ../clib/angel/boardlib.s                 0x00000000   Number         0  boardinit2.o ABSOLUTE
    ../clib/angel/boardlib.s                 0x00000000   Number         0  boardinit3.o ABSOLUTE
    ../clib/angel/boardlib.s                 0x00000000   Number         0  boardshut.o ABSOLUTE
    ../clib/angel/handlers.s                 0x00000000   Number         0  __scatter_copy.o ABSOLUTE
    ../clib/angel/handlers.s                 0x00000000   Number         0  __scatter_zi.o ABSOLUTE
    ../clib/angel/kernel.s                   0x00000000   Number         0  __rtentry.o ABSOLUTE
    ../clib/angel/kernel.s                   0x00000000   Number         0  __rtentry2.o ABSOLUTE
    ../clib/angel/kernel.s                   0x00000000   Number         0  __rtentry4.o ABSOLUTE
    ../clib/angel/kernel.s                   0x00000000   Number         0  rtexit.o ABSOLUTE
    ../clib/angel/kernel.s                   0x00000000   Number         0  rtexit2.o ABSOLUTE
    ../clib/angel/rt.s                       0x00000000   Number         0  aeabi_idiv0.o ABSOLUTE
    ../clib/angel/rt.s                       0x00000000   Number         0  aeabi_idiv0_sigfpe.o ABSOLUTE
    ../clib/angel/rt.s                       0x00000000   Number         0  rt_div0.o ABSOLUTE
    ../clib/angel/rt.s                       0x00000000   Number         0  rt_raise.o ABSOLUTE
    ../clib/angel/scatterp.s                 0x00000000   Number         0  __scatter.o ABSOLUTE
    ../clib/angel/startup.s                  0x00000000   Number         0  __main.o ABSOLUTE
    ../clib/angel/sys.s                      0x00000000   Number         0  sys_stackheap_outer.o ABSOLUTE
    ../clib/angel/sys.s                      0x00000000   Number         0  libspace.o ABSOLUTE
    ../clib/angel/sys.s                      0x00000000   Number         0  tempstk.o ABSOLUTE
    ../clib/angel/sys.s                      0x00000000   Number         0  use_no_semi.o ABSOLUTE
    ../clib/angel/sys.s                      0x00000000   Number         0  indicate_semi.o ABSOLUTE
    ../clib/angel/sysapp.c                   0x00000000   Number         0  sys_exit.o ABSOLUTE
    ../clib/angel/sysapp.c                   0x00000000   Number         0  sys_exit_hlt.o ABSOLUTE
    ../clib/angel/sysapp.c                   0x00000000   Number         0  sys_wrch.o ABSOLUTE
    ../clib/angel/sysapp.c                   0x00000000   Number         0  sys_wrch_hlt.o ABSOLUTE
    ../clib/angel/sysapp.c                   0x00000000   Number         0  sys_command.o ABSOLUTE
    ../clib/angel/sysapp.c                   0x00000000   Number         0  sys_command_hlt.o ABSOLUTE
    ../clib/armsys.c                         0x00000000   Number         0  argv_veneer.o ABSOLUTE
    ../clib/armsys.c                         0x00000000   Number         0  _get_argv_nomalloc.o ABSOLUTE
    ../clib/armsys.c                         0x00000000   Number         0  no_argv.o ABSOLUTE
    ../clib/division.s                       0x00000000   Number         0  aeabi_sdivfast.o ABSOLUTE
    ../clib/division.s                       0x00000000   Number         0  aeabi_sdivfast_div0.o ABSOLUTE
    ../clib/heapalloc.c                      0x00000000   Number         0  hrguard.o ABSOLUTE
    ../clib/heapaux.c                        0x00000000   Number         0  heapauxi.o ABSOLUTE
    ../clib/libinit.s                        0x00000000   Number         0  libinit.o ABSOLUTE
    ../clib/libinit.s                        0x00000000   Number         0  libinit2.o ABSOLUTE
    ../clib/libinit.s                        0x00000000   Number         0  libshutdown.o ABSOLUTE
    ../clib/libinit.s                        0x00000000   Number         0  libshutdown2.o ABSOLUTE
    ../clib/longlong.c                       0x00000000   Number         0  llshl.o ABSOLUTE
    ../clib/longlong.c                       0x00000000   Number         0  llushr.o ABSOLUTE
    ../clib/longlong.c                       0x00000000   Number         0  llmul.o ABSOLUTE
    ../clib/memcpset.c                       0x00000000   Number         0  rt_memcpy.o ABSOLUTE
    ../clib/memcpset.c                       0x00000000   Number         0  rt_memcpy.o ABSOLUTE
    ../clib/memcpset.c                       0x00000000   Number         0  rt_memclr.o ABSOLUTE
    ../clib/signal.c                         0x00000000   Number         0  defsig_fpe_outer.o ABSOLUTE
    ../clib/signal.c                         0x00000000   Number         0  defsig_fpe_formal.o ABSOLUTE
    ../clib/signal.c                         0x00000000   Number         0  defsig_exit.o ABSOLUTE
    ../clib/signal.c                         0x00000000   Number         0  defsig_fpe_inner.o ABSOLUTE
    ../clib/signal.c                         0x00000000   Number         0  __raise.o ABSOLUTE
    ../clib/signal.c                         0x00000000   Number         0  defsig_general.o ABSOLUTE
    ../clib/signal.c                         0x00000000   Number         0  defsig_abrt_inner.o ABSOLUTE
    ../clib/signal.c                         0x00000000   Number         0  defsig_rtred_inner.o ABSOLUTE
    ../clib/signal.c                         0x00000000   Number         0  defsig_rtmem_inner.o ABSOLUTE
    ../clib/signal.c                         0x00000000   Number         0  defsig_rtmem_outer.o ABSOLUTE
    ../clib/signal.c                         0x00000000   Number         0  defsig_rtmem_formal.o ABSOLUTE
    ../clib/signal.c                         0x00000000   Number         0  defsig_stak_inner.o ABSOLUTE
    ../clib/signal.c                         0x00000000   Number         0  defsig_pvfn_inner.o ABSOLUTE
    ../clib/signal.c                         0x00000000   Number         0  defsig_cppl_inner.o ABSOLUTE
    ../clib/signal.c                         0x00000000   Number         0  defsig_segv_inner.o ABSOLUTE
    ../clib/signal.c                         0x00000000   Number         0  defsig_other.o ABSOLUTE
    ../clib/signal.s                         0x00000000   Number         0  defsig.o ABSOLUTE
    ../clib/stdlib.c                         0x00000000   Number         0  exit.o ABSOLUTE
    ../clib/string.c                         0x00000000   Number         0  strlen.o ABSOLUTE
    ../fplib/cfplib/cmp.c                    0x00000000   Number         0  fcmp.o ABSOLUTE
    ../fplib/cfplib/cmpret.c                 0x00000000   Number         0  cmpret.o ABSOLUTE
    ../fplib/cfplib/fcmpin.c                 0x00000000   Number         0  fcmpin.o ABSOLUTE
    ../fplib/cfplib/fflt.c                   0x00000000   Number         0  fflti.o ABSOLUTE
    ../fplib/cfplib/fpinit.c                 0x00000000   Number         0  fpinit.o ABSOLUTE
    ../fplib/cfplib/nan2.c                   0x00000000   Number         0  fnan2.o ABSOLUTE
    ../fplib/cfplib/retnan.c                 0x00000000   Number         0  retnan.o ABSOLUTE
    ../fplib/feqf6m.s                        0x00000000   Number         0  feqf.o ABSOLUTE
    ../fplib/fgeqf6m.s                       0x00000000   Number         0  fgef.o ABSOLUTE
    ../fplib/fleqf6m.s                       0x00000000   Number         0  flef.o ABSOLUTE
    ../fplib/fmul6m.s                        0x00000000   Number         0  fmul.o ABSOLUTE
    ../fplib/usenofp.s                       0x00000000   Number         0  usenofp.o ABSOLUTE
    canard.c                                 0x00000000   Number         0  canard.o ABSOLUTE
    dc.s                                     0x00000000   Number         0  dc.o ABSOLUTE
    main.c                                   0x00000000   Number         0  main.o ABSOLUTE
    startup_stm32g0c1xx.s                    0x00000000   Number         0  startup_stm32g0c1xx.o ABSOLUTE
    stm32g0xx_hal.c                          0x00000000   Number         0  stm32g0xx_hal.o ABSOLUTE
    stm32g0xx_hal_cortex.c                   0x00000000   Number         0  stm32g0xx_hal_cortex.o ABSOLUTE
    stm32g0xx_hal_dma.c                      0x00000000   Number         0  stm32g0xx_hal_dma.o ABSOLUTE
    stm32g0xx_hal_dma_ex.c                   0x00000000   Number         0  stm32g0xx_hal_dma_ex.o ABSOLUTE
    stm32g0xx_hal_exti.c                     0x00000000   Number         0  stm32g0xx_hal_exti.o ABSOLUTE
    stm32g0xx_hal_fdcan.c                    0x00000000   Number         0  stm32g0xx_hal_fdcan.o ABSOLUTE
    stm32g0xx_hal_flash.c                    0x00000000   Number         0  stm32g0xx_hal_flash.o ABSOLUTE
    stm32g0xx_hal_flash_ex.c                 0x00000000   Number         0  stm32g0xx_hal_flash_ex.o ABSOLUTE
    stm32g0xx_hal_gpio.c                     0x00000000   Number         0  stm32g0xx_hal_gpio.o ABSOLUTE
    stm32g0xx_hal_msp.c                      0x00000000   Number         0  stm32g0xx_hal_msp.o ABSOLUTE
    stm32g0xx_hal_pwr.c                      0x00000000   Number         0  stm32g0xx_hal_pwr.o ABSOLUTE
    stm32g0xx_hal_pwr_ex.c                   0x00000000   Number         0  stm32g0xx_hal_pwr_ex.o ABSOLUTE
    stm32g0xx_hal_rcc.c                      0x00000000   Number         0  stm32g0xx_hal_rcc.o ABSOLUTE
    stm32g0xx_hal_rcc_ex.c                   0x00000000   Number         0  stm32g0xx_hal_rcc_ex.o ABSOLUTE
    stm32g0xx_hal_tim.c                      0x00000000   Number         0  stm32g0xx_hal_tim.o ABSOLUTE
    stm32g0xx_hal_tim_ex.c                   0x00000000   Number         0  stm32g0xx_hal_tim_ex.o ABSOLUTE
    stm32g0xx_it.c                           0x00000000   Number         0  stm32g0xx_it.o ABSOLUTE
    stm32g0xx_ll_dma.c                       0x00000000   Number         0  stm32g0xx_ll_dma.o ABSOLUTE
    stm32g0xx_ll_rcc.c                       0x00000000   Number         0  stm32g0xx_ll_rcc.o ABSOLUTE
    system_stm32g0xx.c                       0x00000000   Number         0  system_stm32g0xx.o ABSOLUTE
    uavcan.equipment.power.BatteryInfo.c     0x00000000   Number         0  uavcan.equipment.power.batteryinfo.o ABSOLUTE
    uavcan.protocol.GetNodeInfo_res.c        0x00000000   Number         0  uavcan.protocol.getnodeinfo_res.o ABSOLUTE
    uavcan.protocol.NodeStatus.c             0x00000000   Number         0  uavcan.protocol.nodestatus.o ABSOLUTE
    uavcan.protocol.debug.KeyValue.c         0x00000000   Number         0  uavcan.protocol.debug.keyvalue.o ABSOLUTE
    RESET                                    0x08000000   Section      192  startup_stm32g0c1xx.o(RESET)
    !!!main                                  0x080000c0   Section        8  __main.o(!!!main)
    !!!scatter                               0x080000c8   Section       60  __scatter.o(!!!scatter)
    !!handler_copy                           0x08000104   Section       26  __scatter_copy.o(!!handler_copy)
    !!handler_zi                             0x08000120   Section       28  __scatter_zi.o(!!handler_zi)
    .ARM.Collect$$libinit$$00000000          0x0800013c   Section        2  libinit.o(.ARM.Collect$$libinit$$00000000)
    .ARM.Collect$$libinit$$00000002          0x0800013e   Section        0  libinit2.o(.ARM.Collect$$libinit$$00000002)
    .ARM.Collect$$libinit$$00000004          0x0800013e   Section        0  libinit2.o(.ARM.Collect$$libinit$$00000004)
    .ARM.Collect$$libinit$$00000006          0x0800013e   Section        0  libinit2.o(.ARM.Collect$$libinit$$00000006)
    .ARM.Collect$$libinit$$0000000C          0x0800013e   Section        0  libinit2.o(.ARM.Collect$$libinit$$0000000C)
    .ARM.Collect$$libinit$$0000000E          0x0800013e   Section        0  libinit2.o(.ARM.Collect$$libinit$$0000000E)
    .ARM.Collect$$libinit$$00000010          0x0800013e   Section        0  libinit2.o(.ARM.Collect$$libinit$$00000010)
    .ARM.Collect$$libinit$$00000013          0x0800013e   Section        0  libinit2.o(.ARM.Collect$$libinit$$00000013)
    .ARM.Collect$$libinit$$00000015          0x0800013e   Section        0  libinit2.o(.ARM.Collect$$libinit$$00000015)
    .ARM.Collect$$libinit$$00000017          0x0800013e   Section        0  libinit2.o(.ARM.Collect$$libinit$$00000017)
    .ARM.Collect$$libinit$$00000019          0x0800013e   Section        0  libinit2.o(.ARM.Collect$$libinit$$00000019)
    .ARM.Collect$$libinit$$0000001B          0x0800013e   Section        0  libinit2.o(.ARM.Collect$$libinit$$0000001B)
    .ARM.Collect$$libinit$$0000001D          0x0800013e   Section        0  libinit2.o(.ARM.Collect$$libinit$$0000001D)
    .ARM.Collect$$libinit$$0000001F          0x0800013e   Section        0  libinit2.o(.ARM.Collect$$libinit$$0000001F)
    .ARM.Collect$$libinit$$00000021          0x0800013e   Section        0  libinit2.o(.ARM.Collect$$libinit$$00000021)
    .ARM.Collect$$libinit$$00000023          0x0800013e   Section        0  libinit2.o(.ARM.Collect$$libinit$$00000023)
    .ARM.Collect$$libinit$$00000025          0x0800013e   Section        0  libinit2.o(.ARM.Collect$$libinit$$00000025)
    .ARM.Collect$$libinit$$00000027          0x0800013e   Section        0  libinit2.o(.ARM.Collect$$libinit$$00000027)
    .ARM.Collect$$libinit$$0000002E          0x0800013e   Section        0  libinit2.o(.ARM.Collect$$libinit$$0000002E)
    .ARM.Collect$$libinit$$00000030          0x0800013e   Section        0  libinit2.o(.ARM.Collect$$libinit$$00000030)
    .ARM.Collect$$libinit$$00000032          0x0800013e   Section        0  libinit2.o(.ARM.Collect$$libinit$$00000032)
    .ARM.Collect$$libinit$$00000034          0x0800013e   Section        0  libinit2.o(.ARM.Collect$$libinit$$00000034)
    .ARM.Collect$$libinit$$00000035          0x0800013e   Section        2  libinit2.o(.ARM.Collect$$libinit$$00000035)
    .ARM.Collect$$libshutdown$$00000000      0x08000140   Section        2  libshutdown.o(.ARM.Collect$$libshutdown$$00000000)
    .ARM.Collect$$libshutdown$$00000002      0x08000142   Section        0  libshutdown2.o(.ARM.Collect$$libshutdown$$00000002)
    .ARM.Collect$$libshutdown$$00000004      0x08000142   Section        0  libshutdown2.o(.ARM.Collect$$libshutdown$$00000004)
    .ARM.Collect$$libshutdown$$00000007      0x08000142   Section        0  libshutdown2.o(.ARM.Collect$$libshutdown$$00000007)
    .ARM.Collect$$libshutdown$$0000000A      0x08000142   Section        0  libshutdown2.o(.ARM.Collect$$libshutdown$$0000000A)
    .ARM.Collect$$libshutdown$$0000000C      0x08000142   Section        0  libshutdown2.o(.ARM.Collect$$libshutdown$$0000000C)
    .ARM.Collect$$libshutdown$$0000000F      0x08000142   Section        0  libshutdown2.o(.ARM.Collect$$libshutdown$$0000000F)
    .ARM.Collect$$libshutdown$$00000010      0x08000142   Section        2  libshutdown2.o(.ARM.Collect$$libshutdown$$00000010)
    .ARM.Collect$$rtentry$$00000000          0x08000144   Section        0  __rtentry.o(.ARM.Collect$$rtentry$$00000000)
    .ARM.Collect$$rtentry$$00000002          0x08000144   Section        0  __rtentry2.o(.ARM.Collect$$rtentry$$00000002)
    .ARM.Collect$$rtentry$$00000004          0x08000144   Section        6  __rtentry4.o(.ARM.Collect$$rtentry$$00000004)
    .ARM.Collect$$rtentry$$00000009          0x0800014a   Section        0  __rtentry2.o(.ARM.Collect$$rtentry$$00000009)
    .ARM.Collect$$rtentry$$0000000A          0x0800014a   Section        4  __rtentry2.o(.ARM.Collect$$rtentry$$0000000A)
    .ARM.Collect$$rtentry$$0000000C          0x0800014e   Section        0  __rtentry2.o(.ARM.Collect$$rtentry$$0000000C)
    .ARM.Collect$$rtentry$$0000000D          0x0800014e   Section        8  __rtentry2.o(.ARM.Collect$$rtentry$$0000000D)
    .ARM.Collect$$rtexit$$00000000           0x08000156   Section        2  rtexit.o(.ARM.Collect$$rtexit$$00000000)
    .ARM.Collect$$rtexit$$00000002           0x08000158   Section        0  rtexit2.o(.ARM.Collect$$rtexit$$00000002)
    .ARM.Collect$$rtexit$$00000003           0x08000158   Section        4  rtexit2.o(.ARM.Collect$$rtexit$$00000003)
    .ARM.Collect$$rtexit$$00000004           0x0800015c   Section        6  rtexit2.o(.ARM.Collect$$rtexit$$00000004)
    .emb_text                                0x08000164   Section       56  rt_memcpy.o(.emb_text)
    .text                                    0x0800019c   Section       56  startup_stm32g0c1xx.o(.text)
    .text                                    0x080001d4   Section        0  llmul.o(.text)
    .text                                    0x08000204   Section        0  rt_memcpy.o(.text)
    .text                                    0x08000286   Section        0  rt_memclr.o(.text)
    .text                                    0x080002c8   Section      504  aeabi_sdivfast.o(.text)
    .text                                    0x080004c0   Section        0  heapauxi.o(.text)
    .text                                    0x080004c6   Section        0  fflti.o(.text)
    .text                                    0x08000524   Section       62  sys_stackheap_outer.o(.text)
    .text                                    0x08000562   Section        0  exit.o(.text)
    .text                                    0x08000574   Section        8  libspace.o(.text)
    .text                                    0x0800057c   Section        0  sys_exit.o(.text)
    .text                                    0x08000588   Section        2  use_no_semi.o(.text)
    [Anonymous Symbol]                       0x0800058a   Section        0  main.o(.text.Error_Handler)
    .text                                    0x0800058a   Section        0  indicate_semi.o(.text)
    [Anonymous Symbol]                       0x08000594   Section        0  stm32g0xx_hal.o(.text.HAL_Delay)
    __arm_cp.10_0                            0x080005b4   Number         4  stm32g0xx_hal.o(.text.HAL_Delay)
    [Anonymous Symbol]                       0x080005b8   Section        0  stm32g0xx_hal_fdcan.o(.text.HAL_FDCAN_ActivateNotification)
    [Anonymous Symbol]                       0x08000700   Section        0  stm32g0xx_hal_fdcan.o(.text.HAL_FDCAN_AddMessageToTxFifoQ)
    [Anonymous Symbol]                       0x080007dc   Section        0  stm32g0xx_hal_fdcan.o(.text.HAL_FDCAN_ConfigFilter)
    [Anonymous Symbol]                       0x08000832   Section        0  stm32g0xx_hal_fdcan.o(.text.HAL_FDCAN_ErrorCallback)
    [Anonymous Symbol]                       0x08000834   Section        0  stm32g0xx_hal_fdcan.o(.text.HAL_FDCAN_ErrorStatusCallback)
    [Anonymous Symbol]                       0x08000838   Section        0  stm32g0xx_hal_fdcan.o(.text.HAL_FDCAN_GetRxMessage)
    __arm_cp.33_0                            0x08000988   Number         4  stm32g0xx_hal_fdcan.o(.text.HAL_FDCAN_GetRxMessage)
    __arm_cp.33_1                            0x0800098c   Number         4  stm32g0xx_hal_fdcan.o(.text.HAL_FDCAN_GetRxMessage)
    [Anonymous Symbol]                       0x08000990   Section        0  stm32g0xx_hal_fdcan.o(.text.HAL_FDCAN_HighPriorityMessageCallback)
    [Anonymous Symbol]                       0x08000992   Section        0  stm32g0xx_hal_fdcan.o(.text.HAL_FDCAN_IRQHandler)
    [Anonymous Symbol]                       0x08000b7c   Section        0  stm32g0xx_hal_fdcan.o(.text.HAL_FDCAN_Init)
    __arm_cp.0_1                             0x08000e1c   Number         4  stm32g0xx_hal_fdcan.o(.text.HAL_FDCAN_Init)
    __arm_cp.0_2                             0x08000e20   Number         4  stm32g0xx_hal_fdcan.o(.text.HAL_FDCAN_Init)
    __arm_cp.0_3                             0x08000e24   Number         4  stm32g0xx_hal_fdcan.o(.text.HAL_FDCAN_Init)
    __arm_cp.0_4                             0x08000e28   Number         4  stm32g0xx_hal_fdcan.o(.text.HAL_FDCAN_Init)
    __arm_cp.0_5                             0x08000e2c   Number         4  stm32g0xx_hal_fdcan.o(.text.HAL_FDCAN_Init)
    [Anonymous Symbol]                       0x08000e30   Section        0  stm32g0xx_hal_msp.o(.text.HAL_FDCAN_MspInit)
    __arm_cp.1_0                             0x08000eb4   Number         4  stm32g0xx_hal_msp.o(.text.HAL_FDCAN_MspInit)
    __arm_cp.1_1                             0x08000eb8   Number         4  stm32g0xx_hal_msp.o(.text.HAL_FDCAN_MspInit)
    __arm_cp.1_2                             0x08000ebc   Number         4  stm32g0xx_hal_msp.o(.text.HAL_FDCAN_MspInit)
    [Anonymous Symbol]                       0x08000ec0   Section        0  main.o(.text.HAL_FDCAN_RxFifo0Callback)
    __arm_cp.0_0                             0x08000f2c   Number         4  main.o(.text.HAL_FDCAN_RxFifo0Callback)
    __arm_cp.0_1                             0x08000f30   Number         4  main.o(.text.HAL_FDCAN_RxFifo0Callback)
    [Anonymous Symbol]                       0x08000f34   Section        0  stm32g0xx_hal_fdcan.o(.text.HAL_FDCAN_RxFifo1Callback)
    [Anonymous Symbol]                       0x08000f36   Section        0  stm32g0xx_hal_fdcan.o(.text.HAL_FDCAN_Start)
    [Anonymous Symbol]                       0x08000f64   Section        0  stm32g0xx_hal_fdcan.o(.text.HAL_FDCAN_TimeoutOccurredCallback)
    [Anonymous Symbol]                       0x08000f66   Section        0  stm32g0xx_hal_fdcan.o(.text.HAL_FDCAN_TimestampWraparoundCallback)
    [Anonymous Symbol]                       0x08000f68   Section        0  stm32g0xx_hal_fdcan.o(.text.HAL_FDCAN_TxBufferAbortCallback)
    [Anonymous Symbol]                       0x08000f6a   Section        0  stm32g0xx_hal_fdcan.o(.text.HAL_FDCAN_TxBufferCompleteCallback)
    [Anonymous Symbol]                       0x08000f6c   Section        0  stm32g0xx_hal_fdcan.o(.text.HAL_FDCAN_TxEventFifoCallback)
    [Anonymous Symbol]                       0x08000f6e   Section        0  stm32g0xx_hal_fdcan.o(.text.HAL_FDCAN_TxFifoEmptyCallback)
    [Anonymous Symbol]                       0x08000f70   Section        0  stm32g0xx_hal_gpio.o(.text.HAL_GPIO_Init)
    __arm_cp.0_0                             0x080010f0   Number         4  stm32g0xx_hal_gpio.o(.text.HAL_GPIO_Init)
    __arm_cp.0_1                             0x080010f4   Number         4  stm32g0xx_hal_gpio.o(.text.HAL_GPIO_Init)
    __arm_cp.0_2                             0x080010f8   Number         4  stm32g0xx_hal_gpio.o(.text.HAL_GPIO_Init)
    [Anonymous Symbol]                       0x080010fc   Section        0  stm32g0xx_hal_gpio.o(.text.HAL_GPIO_WritePin)
    [Anonymous Symbol]                       0x0800110c   Section        0  stm32g0xx_hal.o(.text.HAL_GetTick)
    [Anonymous Symbol]                       0x08001114   Section        0  stm32g0xx_hal.o(.text.HAL_IncTick)
    __arm_cp.5_1                             0x08001124   Number         4  stm32g0xx_hal.o(.text.HAL_IncTick)
    [Anonymous Symbol]                       0x08001128   Section        0  stm32g0xx_hal.o(.text.HAL_Init)
    __arm_cp.0_0                             0x08001150   Number         4  stm32g0xx_hal.o(.text.HAL_Init)
    [Anonymous Symbol]                       0x08001154   Section        0  stm32g0xx_hal.o(.text.HAL_InitTick)
    __arm_cp.1_0                             0x08001194   Number         4  stm32g0xx_hal.o(.text.HAL_InitTick)
    [Anonymous Symbol]                       0x08001198   Section        0  stm32g0xx_hal_msp.o(.text.HAL_MspInit)
    __arm_cp.0_0                             0x080011cc   Number         4  stm32g0xx_hal_msp.o(.text.HAL_MspInit)
    [Anonymous Symbol]                       0x080011d0   Section        0  stm32g0xx_hal_cortex.o(.text.HAL_NVIC_EnableIRQ)
    __arm_cp.1_0                             0x080011e4   Number         4  stm32g0xx_hal_cortex.o(.text.HAL_NVIC_EnableIRQ)
    [Anonymous Symbol]                       0x080011e8   Section        0  stm32g0xx_hal_cortex.o(.text.HAL_NVIC_SetPriority)
    __arm_cp.0_0                             0x08001218   Number         4  stm32g0xx_hal_cortex.o(.text.HAL_NVIC_SetPriority)
    __arm_cp.0_1                             0x0800121c   Number         4  stm32g0xx_hal_cortex.o(.text.HAL_NVIC_SetPriority)
    [Anonymous Symbol]                       0x08001220   Section        0  stm32g0xx_hal_pwr_ex.o(.text.HAL_PWREx_ControlVoltageScaling)
    __arm_cp.27_0                            0x08001294   Number         4  stm32g0xx_hal_pwr_ex.o(.text.HAL_PWREx_ControlVoltageScaling)
    __arm_cp.27_1                            0x08001298   Number         4  stm32g0xx_hal_pwr_ex.o(.text.HAL_PWREx_ControlVoltageScaling)
    __arm_cp.27_2                            0x0800129c   Number         4  stm32g0xx_hal_pwr_ex.o(.text.HAL_PWREx_ControlVoltageScaling)
    [Anonymous Symbol]                       0x080012a0   Section        0  stm32g0xx_hal_rcc_ex.o(.text.HAL_RCCEx_PeriphCLKConfig)
    __arm_cp.0_0                             0x08001558   Number         4  stm32g0xx_hal_rcc_ex.o(.text.HAL_RCCEx_PeriphCLKConfig)
    __arm_cp.0_1                             0x0800155c   Number         4  stm32g0xx_hal_rcc_ex.o(.text.HAL_RCCEx_PeriphCLKConfig)
    __arm_cp.0_2                             0x08001560   Number         4  stm32g0xx_hal_rcc_ex.o(.text.HAL_RCCEx_PeriphCLKConfig)
    __arm_cp.0_4                             0x08001564   Number         4  stm32g0xx_hal_rcc_ex.o(.text.HAL_RCCEx_PeriphCLKConfig)
    __arm_cp.0_5                             0x08001568   Number         4  stm32g0xx_hal_rcc_ex.o(.text.HAL_RCCEx_PeriphCLKConfig)
    [Anonymous Symbol]                       0x0800156c   Section        0  stm32g0xx_hal_rcc.o(.text.HAL_RCC_ClockConfig)
    __arm_cp.2_0                             0x08001754   Number         4  stm32g0xx_hal_rcc.o(.text.HAL_RCC_ClockConfig)
    __arm_cp.2_1                             0x08001758   Number         4  stm32g0xx_hal_rcc.o(.text.HAL_RCC_ClockConfig)
    __arm_cp.2_2                             0x0800175c   Number         4  stm32g0xx_hal_rcc.o(.text.HAL_RCC_ClockConfig)
    __arm_cp.2_3                             0x08001760   Number         4  stm32g0xx_hal_rcc.o(.text.HAL_RCC_ClockConfig)
    __arm_cp.2_4                             0x08001764   Number         4  stm32g0xx_hal_rcc.o(.text.HAL_RCC_ClockConfig)
    __arm_cp.2_5                             0x08001768   Number         4  stm32g0xx_hal_rcc.o(.text.HAL_RCC_ClockConfig)
    __arm_cp.2_6                             0x0800176c   Number         4  stm32g0xx_hal_rcc.o(.text.HAL_RCC_ClockConfig)
    __arm_cp.2_7                             0x08001770   Number         4  stm32g0xx_hal_rcc.o(.text.HAL_RCC_ClockConfig)
    [Anonymous Symbol]                       0x08001774   Section        0  stm32g0xx_hal_rcc.o(.text.HAL_RCC_OscConfig)
    __arm_cp.1_8                             0x08001b80   Number         4  stm32g0xx_hal_rcc.o(.text.HAL_RCC_OscConfig)
    __arm_cp.1_1                             0x08001c10   Number         4  stm32g0xx_hal_rcc.o(.text.HAL_RCC_OscConfig)
    __arm_cp.1_2                             0x08001c14   Number         4  stm32g0xx_hal_rcc.o(.text.HAL_RCC_OscConfig)
    __arm_cp.1_3                             0x08001c18   Number         4  stm32g0xx_hal_rcc.o(.text.HAL_RCC_OscConfig)
    __arm_cp.1_4                             0x08001c1c   Number         4  stm32g0xx_hal_rcc.o(.text.HAL_RCC_OscConfig)
    __arm_cp.1_5                             0x08001c20   Number         4  stm32g0xx_hal_rcc.o(.text.HAL_RCC_OscConfig)
    __arm_cp.1_6                             0x08001c24   Number         4  stm32g0xx_hal_rcc.o(.text.HAL_RCC_OscConfig)
    __arm_cp.1_7                             0x08001c28   Number         4  stm32g0xx_hal_rcc.o(.text.HAL_RCC_OscConfig)
    [Anonymous Symbol]                       0x08001c2c   Section        0  stm32g0xx_hal.o(.text.HAL_SYSCFG_StrobeDBattpinsConfig)
    __arm_cp.34_0                            0x08001c3c   Number         4  stm32g0xx_hal.o(.text.HAL_SYSCFG_StrobeDBattpinsConfig)
    [Anonymous Symbol]                       0x08001c40   Section        0  stm32g0xx_hal_cortex.o(.text.HAL_SYSTICK_Config)
    __arm_cp.4_0                             0x08001c68   Number         4  stm32g0xx_hal_cortex.o(.text.HAL_SYSTICK_Config)
    __arm_cp.4_1                             0x08001c6c   Number         4  stm32g0xx_hal_cortex.o(.text.HAL_SYSTICK_Config)
    __arm_cp.4_2                             0x08001c70   Number         4  stm32g0xx_hal_cortex.o(.text.HAL_SYSTICK_Config)
    [Anonymous Symbol]                       0x08001c74   Section        0  stm32g0xx_it.o(.text.HardFault_Handler)
    [Anonymous Symbol]                       0x08001c76   Section        0  stm32g0xx_it.o(.text.NMI_Handler)
    [Anonymous Symbol]                       0x08001c78   Section        0  stm32g0xx_it.o(.text.PendSV_Handler)
    [Anonymous Symbol]                       0x08001c7a   Section        0  stm32g0xx_it.o(.text.SVC_Handler)
    [Anonymous Symbol]                       0x08001c7c   Section        0  stm32g0xx_it.o(.text.SysTick_Handler)
    [Anonymous Symbol]                       0x08001c84   Section        0  system_stm32g0xx.o(.text.SystemInit)
    [Anonymous Symbol]                       0x08001c88   Section        0  stm32g0xx_it.o(.text.TIM16_FDCAN_IT0_IRQHandler)
    __arm_cp.5_0                             0x08001c94   Number         4  stm32g0xx_it.o(.text.TIM16_FDCAN_IT0_IRQHandler)
    bufferBlockPushBytes                     0x08001c99   Thumb Code   616  canard.o(.text.bufferBlockPushBytes)
    [Anonymous Symbol]                       0x08001c98   Section        0  canard.o(.text.bufferBlockPushBytes)
    __arm_cp.17_0                            0x08001f00   Number         4  canard.o(.text.bufferBlockPushBytes)
    __arm_cp.17_1                            0x08001f04   Number         4  canard.o(.text.bufferBlockPushBytes)
    __arm_cp.17_2                            0x08001f08   Number         4  canard.o(.text.bufferBlockPushBytes)
    [Anonymous Symbol]                       0x08001f0c   Section        0  canard.o(.text.canardBroadcast)
    [Anonymous Symbol]                       0x08001f38   Section        0  canard.o(.text.canardBroadcastObj)
    __arm_cp.7_7                             0x080022a4   Number         4  canard.o(.text.canardBroadcastObj)
    __arm_cp.7_6                             0x0800234c   Number         4  canard.o(.text.canardBroadcastObj)
    __arm_cp.7_1                             0x08002624   Number         4  canard.o(.text.canardBroadcastObj)
    __arm_cp.7_3                             0x08002628   Number         4  canard.o(.text.canardBroadcastObj)
    [Anonymous Symbol]                       0x0800262c   Section        0  canard.o(.text.canardConvertNativeFloatToFloat16)
    __arm_cp.24_0                            0x08002678   Number         4  canard.o(.text.canardConvertNativeFloatToFloat16)
    __arm_cp.24_1                            0x0800267c   Number         4  canard.o(.text.canardConvertNativeFloatToFloat16)
    __arm_cp.24_2                            0x08002680   Number         4  canard.o(.text.canardConvertNativeFloatToFloat16)
    [Anonymous Symbol]                       0x08002684   Section        0  canard.o(.text.canardEncodeScalar)
    [Anonymous Symbol]                       0x08002760   Section        0  canard.o(.text.canardHandleRxFrame)
    __arm_cp.14_6                            0x08002b80   Number         4  canard.o(.text.canardHandleRxFrame)
    __arm_cp.14_7                            0x08002b84   Number         4  canard.o(.text.canardHandleRxFrame)
    __arm_cp.14_0                            0x08002ec0   Number         4  canard.o(.text.canardHandleRxFrame)
    __arm_cp.14_3                            0x08002ec4   Number         4  canard.o(.text.canardHandleRxFrame)
    __arm_cp.14_4                            0x08002ec8   Number         4  canard.o(.text.canardHandleRxFrame)
    [Anonymous Symbol]                       0x08002ecc   Section        0  canard.o(.text.canardInit)
    __arm_cp.0_0                             0x08002f84   Number         4  canard.o(.text.canardInit)
    __arm_cp.0_1                             0x08002f88   Number         4  canard.o(.text.canardInit)
    [Anonymous Symbol]                       0x08002f8c   Section        0  canard.o(.text.canardPeekTxQueue)
    [Anonymous Symbol]                       0x08002f96   Section        0  canard.o(.text.canardPopTxQueue)
    [Anonymous Symbol]                       0x08002faa   Section        0  canard.o(.text.canardRequestOrRespond)
    [Anonymous Symbol]                       0x08002fdc   Section        0  canard.o(.text.canardRequestOrRespondObj)
    __arm_cp.11_0                            0x08003250   Number         4  canard.o(.text.canardRequestOrRespondObj)
    __arm_cp.11_1                            0x08003254   Number         4  canard.o(.text.canardRequestOrRespondObj)
    [Anonymous Symbol]                       0x08003258   Section        0  canard.o(.text.canardSetLocalNodeID)
    crcAdd                                   0x08003269   Thumb Code   504  canard.o(.text.crcAdd)
    [Anonymous Symbol]                       0x08003268   Section        0  canard.o(.text.crcAdd)
    __arm_cp.8_0                             0x08003460   Number         4  canard.o(.text.crcAdd)
    crcAddSignature                          0x08003465   Thumb Code  1398  canard.o(.text.crcAddSignature)
    [Anonymous Symbol]                       0x08003464   Section        0  canard.o(.text.crcAddSignature)
    __arm_cp.18_2                            0x08003824   Number         4  canard.o(.text.crcAddSignature)
    enqueueTxFrames                          0x080039dd   Thumb Code   744  canard.o(.text.enqueueTxFrames)
    [Anonymous Symbol]                       0x080039dc   Section        0  canard.o(.text.enqueueTxFrames)
    __arm_cp.9_0                             0x08003cc4   Number         4  canard.o(.text.enqueueTxFrames)
    __arm_cp.9_1                             0x08003cc8   Number         4  canard.o(.text.enqueueTxFrames)
    [Anonymous Symbol]                       0x08003ccc   Section        0  main.o(.text.main)
    __arm_cp.9_0                             0x08004034   Number         4  main.o(.text.main)
    __arm_cp.9_1                             0x08004038   Number         4  main.o(.text.main)
    __arm_cp.9_2                             0x0800403c   Number         4  main.o(.text.main)
    __arm_cp.9_3                             0x08004040   Number         4  main.o(.text.main)
    __arm_cp.9_4                             0x08004044   Number         4  main.o(.text.main)
    __arm_cp.9_5                             0x08004048   Number         4  main.o(.text.main)
    __arm_cp.9_6                             0x0800404c   Number         4  main.o(.text.main)
    __arm_cp.9_7                             0x08004050   Number         4  main.o(.text.main)
    __arm_cp.9_8                             0x08004054   Number         4  main.o(.text.main)
    __arm_cp.9_9                             0x08004058   Number         4  main.o(.text.main)
    __arm_cp.9_10                            0x0800405c   Number         4  main.o(.text.main)
    __arm_cp.9_11                            0x08004060   Number         4  main.o(.text.main)
    __arm_cp.9_12                            0x08004064   Number         4  main.o(.text.main)
    __arm_cp.9_13                            0x08004068   Number         4  main.o(.text.main)
    __arm_cp.9_14                            0x0800406c   Number         4  main.o(.text.main)
    __arm_cp.9_15                            0x08004070   Number         4  main.o(.text.main)
    __arm_cp.9_16                            0x08004074   Number         4  main.o(.text.main)
    __arm_cp.9_17                            0x08004078   Number         4  main.o(.text.main)
    __arm_cp.9_18                            0x0800407c   Number         4  main.o(.text.main)
    __arm_cp.9_19                            0x08004080   Number         4  main.o(.text.main)
    __arm_cp.9_20                            0x08004084   Number         4  main.o(.text.main)
    __arm_cp.9_21                            0x08004088   Number         4  main.o(.text.main)
    __arm_cp.9_22                            0x0800408c   Number         4  main.o(.text.main)
    __arm_cp.9_23                            0x08004090   Number         4  main.o(.text.main)
    __arm_cp.9_24                            0x08004094   Number         4  main.o(.text.main)
    [Anonymous Symbol]                       0x08004098   Section        0  main.o(.text.on_reception)
    __arm_cp.5_0                             0x08004150   Number         4  main.o(.text.on_reception)
    [Anonymous Symbol]                       0x0800416c   Section        0  main.o(.text.should_accept)
    __arm_cp.4_0                             0x08004188   Number         4  main.o(.text.should_accept)
    __arm_cp.4_1                             0x0800418c   Number         4  main.o(.text.should_accept)
    [Anonymous Symbol]                       0x08004190   Section        0  uavcan.equipment.power.batteryinfo.o(.text.uavcan_equipment_power_BatteryInfo_encode)
    [Anonymous Symbol]                       0x080042c8   Section        0  uavcan.protocol.getnodeinfo_res.o(.text.uavcan_protocol_GetNodeInfoResponse_encode)
    [Anonymous Symbol]                       0x08004504   Section        0  uavcan.protocol.nodestatus.o(.text.uavcan_protocol_NodeStatus_encode)
    [Anonymous Symbol]                       0x0800455e   Section        0  uavcan.protocol.debug.keyvalue.o(.text.uavcan_protocol_debug_KeyValue_encode)
    .text_divfast                            0x080045b2   Section      502  aeabi_sdivfast.o(.text_divfast)
    x$fpl$fmul                               0x080047a8   Section      176  fmul.o(x$fpl$fmul)
    x$fpl$usenofp                            0x08004858   Section        0  usenofp.o(x$fpl$usenofp)
    DLCtoBytes                               0x08004898   Data          16  stm32g0xx_hal_fdcan.o(.rodata.cst16)
    [Anonymous Symbol]                       0x08004898   Section        0  stm32g0xx_hal_fdcan.o(.rodata.cst16)
    [Anonymous Symbol]                       0x080048a8   Section        0  main.o(.rodata.str1.4)
    [Anonymous Symbol]                       0x20000000   Section        0  stm32g0xx_hal.o(.data..L_MergedGlobals)
    .bss                                     0x20000010   Section       96  libspace.o(.bss)
    [Anonymous Symbol]                       0x20000070   Section        0  main.o(.bss..L_MergedGlobals)
    send_heartbeat.kv_transfer_id            0x20000072   Data           1  main.o(.bss..L_MergedGlobals)
    send_heartbeat.prev_hb_count             0x20000078   Data           2  main.o(.bss..L_MergedGlobals)
    send_heartbeat.prev_batt_count           0x2000007a   Data           2  main.o(.bss..L_MergedGlobals)
    main.last_heartbeat_tick                 0x2000007c   Data           4  main.o(.bss..L_MergedGlobals)
    main.last_battinfo_tick                  0x20000080   Data           4  main.o(.bss..L_MergedGlobals)
    Heap_Mem                                 0x20000568   Data         512  startup_stm32g0c1xx.o(HEAP)
    HEAP                                     0x20000568   Section      512  startup_stm32g0c1xx.o(HEAP)
    Stack_Mem                                0x20000768   Data        1024  startup_stm32g0c1xx.o(STACK)
    STACK                                    0x20000768   Section     1024  startup_stm32g0c1xx.o(STACK)
    __initial_sp                             0x20000b68   Data           0  startup_stm32g0c1xx.o(STACK)

    Global Symbols

    Symbol Name                              Value     Ov Type        Size  Object(Section)

    BuildAttributes$$THM_ISAv3M$S$PE$A:L22$X:L11$S22$IEEE1$IW$~IW$USESV6$~STKCKD$USESV7$~SHL$OTIME$ROPI$EBA8$UX$STANDARDLIB$REQ8$PRES8$EABIv2 0x00000000   Number         0  anon$$obj.o ABSOLUTE
    __ARM_exceptions_init                     - Undefined Weak Reference
    __alloca_initialize                       - Undefined Weak Reference
    __arm_preinit_                            - Undefined Weak Reference
    __arm_relocate_pie_                       - Undefined Weak Reference
    __cpp_initialize__aeabi_                  - Undefined Weak Reference
    __cxa_finalize                            - Undefined Weak Reference
    __rt_locale                               - Undefined Weak Reference
    __sigvec_lookup                           - Undefined Weak Reference
    _atexit_init                              - Undefined Weak Reference
    _call_atexit_fns                          - Undefined Weak Reference
    _clock_init                               - Undefined Weak Reference
    _fp_trap_init                             - Undefined Weak Reference
    _fp_trap_shutdown                         - Undefined Weak Reference
    _get_lc_collate                           - Undefined Weak Reference
    _get_lc_ctype                             - Undefined Weak Reference
    _get_lc_monetary                          - Undefined Weak Reference
    _get_lc_numeric                           - Undefined Weak Reference
    _get_lc_time                              - Undefined Weak Reference
    _getenv_init                              - Undefined Weak Reference
    _handle_redirection                       - Undefined Weak Reference
    _init_alloc                               - Undefined Weak Reference
    _init_user_alloc                          - Undefined Weak Reference
    _initio                                   - Undefined Weak Reference
    _rand_init                                - Undefined Weak Reference
    _signal_finish                            - Undefined Weak Reference
    _signal_init                              - Undefined Weak Reference
    _terminate_alloc                          - Undefined Weak Reference
    _terminate_user_alloc                     - Undefined Weak Reference
    _terminateio                              - Undefined Weak Reference
    __Vectors_Size                           0x000000c0   Number         0  startup_stm32g0c1xx.o ABSOLUTE
    __Vectors                                0x08000000   Data           4  startup_stm32g0c1xx.o(RESET)
    __Vectors_End                            0x080000c0   Data           0  startup_stm32g0c1xx.o(RESET)
    __main                                   0x080000c1   Thumb Code     8  __main.o(!!!main)
    __scatterload                            0x080000c9   Thumb Code     0  __scatter.o(!!!scatter)
    __scatterload_rt2                        0x080000c9   Thumb Code    52  __scatter.o(!!!scatter)
    __scatterload_rt2_thumb_only             0x080000c9   Thumb Code     0  __scatter.o(!!!scatter)
    __scatterload_null                       0x080000d9   Thumb Code     0  __scatter.o(!!!scatter)
    __scatterload_copy                       0x08000105   Thumb Code    26  __scatter_copy.o(!!handler_copy)
    __scatterload_zeroinit                   0x08000121   Thumb Code    28  __scatter_zi.o(!!handler_zi)
    __rt_lib_init                            0x0800013d   Thumb Code     0  libinit.o(.ARM.Collect$$libinit$$00000000)
    __rt_lib_init_alloca_1                   0x0800013f   Thumb Code     0  libinit2.o(.ARM.Collect$$libinit$$00000030)
    __rt_lib_init_argv_1                     0x0800013f   Thumb Code     0  libinit2.o(.ARM.Collect$$libinit$$0000002E)
    __rt_lib_init_atexit_1                   0x0800013f   Thumb Code     0  libinit2.o(.ARM.Collect$$libinit$$0000001D)
    __rt_lib_init_clock_1                    0x0800013f   Thumb Code     0  libinit2.o(.ARM.Collect$$libinit$$00000023)
    __rt_lib_init_cpp_1                      0x0800013f   Thumb Code     0  libinit2.o(.ARM.Collect$$libinit$$00000034)
    __rt_lib_init_exceptions_1               0x0800013f   Thumb Code     0  libinit2.o(.ARM.Collect$$libinit$$00000032)
    __rt_lib_init_fp_1                       0x0800013f   Thumb Code     0  libinit2.o(.ARM.Collect$$libinit$$00000002)
    __rt_lib_init_fp_trap_1                  0x0800013f   Thumb Code     0  libinit2.o(.ARM.Collect$$libinit$$00000021)
    __rt_lib_init_getenv_1                   0x0800013f   Thumb Code     0  libinit2.o(.ARM.Collect$$libinit$$00000025)
    __rt_lib_init_heap_1                     0x0800013f   Thumb Code     0  libinit2.o(.ARM.Collect$$libinit$$0000000C)
    __rt_lib_init_lc_collate_1               0x0800013f   Thumb Code     0  libinit2.o(.ARM.Collect$$libinit$$00000013)
    __rt_lib_init_lc_ctype_1                 0x0800013f   Thumb Code     0  libinit2.o(.ARM.Collect$$libinit$$00000015)
    __rt_lib_init_lc_monetary_1              0x0800013f   Thumb Code     0  libinit2.o(.ARM.Collect$$libinit$$00000017)
    __rt_lib_init_lc_numeric_1               0x0800013f   Thumb Code     0  libinit2.o(.ARM.Collect$$libinit$$00000019)
    __rt_lib_init_lc_time_1                  0x0800013f   Thumb Code     0  libinit2.o(.ARM.Collect$$libinit$$0000001B)
    __rt_lib_init_preinit_1                  0x0800013f   Thumb Code     0  libinit2.o(.ARM.Collect$$libinit$$00000006)
    __rt_lib_init_rand_1                     0x0800013f   Thumb Code     0  libinit2.o(.ARM.Collect$$libinit$$00000010)
    __rt_lib_init_relocate_pie_1             0x0800013f   Thumb Code     0  libinit2.o(.ARM.Collect$$libinit$$00000004)
    __rt_lib_init_return                     0x0800013f   Thumb Code     0  libinit2.o(.ARM.Collect$$libinit$$00000035)
    __rt_lib_init_signal_1                   0x0800013f   Thumb Code     0  libinit2.o(.ARM.Collect$$libinit$$0000001F)
    __rt_lib_init_stdio_1                    0x0800013f   Thumb Code     0  libinit2.o(.ARM.Collect$$libinit$$00000027)
    __rt_lib_init_user_alloc_1               0x0800013f   Thumb Code     0  libinit2.o(.ARM.Collect$$libinit$$0000000E)
    __rt_lib_shutdown                        0x08000141   Thumb Code     0  libshutdown.o(.ARM.Collect$$libshutdown$$00000000)
    __rt_lib_shutdown_cpp_1                  0x08000143   Thumb Code     0  libshutdown2.o(.ARM.Collect$$libshutdown$$00000002)
    __rt_lib_shutdown_fp_trap_1              0x08000143   Thumb Code     0  libshutdown2.o(.ARM.Collect$$libshutdown$$00000007)
    __rt_lib_shutdown_heap_1                 0x08000143   Thumb Code     0  libshutdown2.o(.ARM.Collect$$libshutdown$$0000000F)
    __rt_lib_shutdown_return                 0x08000143   Thumb Code     0  libshutdown2.o(.ARM.Collect$$libshutdown$$00000010)
    __rt_lib_shutdown_signal_1               0x08000143   Thumb Code     0  libshutdown2.o(.ARM.Collect$$libshutdown$$0000000A)
    __rt_lib_shutdown_stdio_1                0x08000143   Thumb Code     0  libshutdown2.o(.ARM.Collect$$libshutdown$$00000004)
    __rt_lib_shutdown_user_alloc_1           0x08000143   Thumb Code     0  libshutdown2.o(.ARM.Collect$$libshutdown$$0000000C)
    __rt_entry                               0x08000145   Thumb Code     0  __rtentry.o(.ARM.Collect$$rtentry$$00000000)
    __rt_entry_presh_1                       0x08000145   Thumb Code     0  __rtentry2.o(.ARM.Collect$$rtentry$$00000002)
    __rt_entry_sh                            0x08000145   Thumb Code     0  __rtentry4.o(.ARM.Collect$$rtentry$$00000004)
    __rt_entry_li                            0x0800014b   Thumb Code     0  __rtentry2.o(.ARM.Collect$$rtentry$$0000000A)
    __rt_entry_postsh_1                      0x0800014b   Thumb Code     0  __rtentry2.o(.ARM.Collect$$rtentry$$00000009)
    __rt_entry_main                          0x0800014f   Thumb Code     0  __rtentry2.o(.ARM.Collect$$rtentry$$0000000D)
    __rt_entry_postli_1                      0x0800014f   Thumb Code     0  __rtentry2.o(.ARM.Collect$$rtentry$$0000000C)
    __rt_exit                                0x08000157   Thumb Code     0  rtexit.o(.ARM.Collect$$rtexit$$00000000)
    __rt_exit_ls                             0x08000159   Thumb Code     0  rtexit2.o(.ARM.Collect$$rtexit$$00000003)
    __rt_exit_prels_1                        0x08000159   Thumb Code     0  rtexit2.o(.ARM.Collect$$rtexit$$00000002)
    __rt_exit_exit                           0x0800015d   Thumb Code     0  rtexit2.o(.ARM.Collect$$rtexit$$00000004)
    __aeabi_memcpy4                          0x08000165   Thumb Code    56  rt_memcpy.o(.emb_text)
    __aeabi_memcpy8                          0x08000165   Thumb Code     0  rt_memcpy.o(.emb_text)
    Reset_Handler                            0x0800019d   Thumb Code     8  startup_stm32g0c1xx.o(.text)
    ADC1_COMP_IRQHandler                     0x080001af   Thumb Code     0  startup_stm32g0c1xx.o(.text)
    AES_RNG_IRQHandler                       0x080001af   Thumb Code     0  startup_stm32g0c1xx.o(.text)
    CEC_IRQHandler                           0x080001af   Thumb Code     0  startup_stm32g0c1xx.o(.text)
    DMA1_Ch4_7_DMA2_Ch1_5_DMAMUX1_OVR_IRQHandler 0x080001af   Thumb Code     0  startup_stm32g0c1xx.o(.text)
    DMA1_Channel1_IRQHandler                 0x080001af   Thumb Code     0  startup_stm32g0c1xx.o(.text)
    DMA1_Channel2_3_IRQHandler               0x080001af   Thumb Code     0  startup_stm32g0c1xx.o(.text)
    EXTI0_1_IRQHandler                       0x080001af   Thumb Code     0  startup_stm32g0c1xx.o(.text)
    EXTI2_3_IRQHandler                       0x080001af   Thumb Code     0  startup_stm32g0c1xx.o(.text)
    EXTI4_15_IRQHandler                      0x080001af   Thumb Code     0  startup_stm32g0c1xx.o(.text)
    FLASH_IRQHandler                         0x080001af   Thumb Code     0  startup_stm32g0c1xx.o(.text)
    I2C1_IRQHandler                          0x080001af   Thumb Code     0  startup_stm32g0c1xx.o(.text)
    I2C2_3_IRQHandler                        0x080001af   Thumb Code     0  startup_stm32g0c1xx.o(.text)
    PVD_VDDIO2_IRQHandler                    0x080001af   Thumb Code     0  startup_stm32g0c1xx.o(.text)
    RCC_CRS_IRQHandler                       0x080001af   Thumb Code     0  startup_stm32g0c1xx.o(.text)
    RTC_TAMP_IRQHandler                      0x080001af   Thumb Code     0  startup_stm32g0c1xx.o(.text)
    SPI1_IRQHandler                          0x080001af   Thumb Code     0  startup_stm32g0c1xx.o(.text)
    SPI2_3_IRQHandler                        0x080001af   Thumb Code     0  startup_stm32g0c1xx.o(.text)
    TIM14_IRQHandler                         0x080001af   Thumb Code     0  startup_stm32g0c1xx.o(.text)
    TIM15_IRQHandler                         0x080001af   Thumb Code     0  startup_stm32g0c1xx.o(.text)
    TIM17_FDCAN_IT1_IRQHandler               0x080001af   Thumb Code     0  startup_stm32g0c1xx.o(.text)
    TIM1_BRK_UP_TRG_COM_IRQHandler           0x080001af   Thumb Code     0  startup_stm32g0c1xx.o(.text)
    TIM1_CC_IRQHandler                       0x080001af   Thumb Code     0  startup_stm32g0c1xx.o(.text)
    TIM2_IRQHandler                          0x080001af   Thumb Code     0  startup_stm32g0c1xx.o(.text)
    TIM3_TIM4_IRQHandler                     0x080001af   Thumb Code     0  startup_stm32g0c1xx.o(.text)
    TIM6_DAC_LPTIM1_IRQHandler               0x080001af   Thumb Code     0  startup_stm32g0c1xx.o(.text)
    TIM7_LPTIM2_IRQHandler                   0x080001af   Thumb Code     0  startup_stm32g0c1xx.o(.text)
    USART1_IRQHandler                        0x080001af   Thumb Code     0  startup_stm32g0c1xx.o(.text)
    USART2_LPUART2_IRQHandler                0x080001af   Thumb Code     0  startup_stm32g0c1xx.o(.text)
    USART3_4_5_6_LPUART1_IRQHandler          0x080001af   Thumb Code     0  startup_stm32g0c1xx.o(.text)
    USB_UCPD1_2_IRQHandler                   0x080001af   Thumb Code     0  startup_stm32g0c1xx.o(.text)
    WWDG_IRQHandler                          0x080001af   Thumb Code     0  startup_stm32g0c1xx.o(.text)
    __user_initial_stackheap                 0x080001b1   Thumb Code     0  startup_stm32g0c1xx.o(.text)
    __aeabi_lmul                             0x080001d5   Thumb Code    48  llmul.o(.text)
    _ll_mul                                  0x080001d5   Thumb Code     0  llmul.o(.text)
    __aeabi_memcpy                           0x08000205   Thumb Code   130  rt_memcpy.o(.text)
    __rt_memcpy                              0x08000205   Thumb Code     0  rt_memcpy.o(.text)
    _memset_w                                0x08000287   Thumb Code    26  rt_memclr.o(.text)
    _memset                                  0x080002a1   Thumb Code    30  rt_memclr.o(.text)
    __aeabi_memclr                           0x080002bf   Thumb Code     4  rt_memclr.o(.text)
    __rt_memclr                              0x080002bf   Thumb Code     0  rt_memclr.o(.text)
    __aeabi_memclr4                          0x080002c3   Thumb Code     0  rt_memclr.o(.text)
    __aeabi_memclr8                          0x080002c3   Thumb Code     0  rt_memclr.o(.text)
    __rt_memclr_w                            0x080002c3   Thumb Code     4  rt_memclr.o(.text)
    __aeabi_uidivmod                         0x080002c9   Thumb Code    28  aeabi_sdivfast.o(.text)
    __aeabi_idivmod                          0x080002e5   Thumb Code   472  aeabi_sdivfast.o(.text)
    __use_two_region_memory                  0x080004c1   Thumb Code     2  heapauxi.o(.text)
    __rt_heap_escrow$2region                 0x080004c3   Thumb Code     2  heapauxi.o(.text)
    __rt_heap_expand$2region                 0x080004c5   Thumb Code     2  heapauxi.o(.text)
    __aeabi_i2f_normalise                    0x080004c7   Thumb Code    72  fflti.o(.text)
    __aeabi_i2f                              0x0800050f   Thumb Code    16  fflti.o(.text)
    _fflt                                    0x0800050f   Thumb Code     0  fflti.o(.text)
    __aeabi_ui2f                             0x0800051f   Thumb Code     6  fflti.o(.text)
    _ffltu                                   0x0800051f   Thumb Code     0  fflti.o(.text)
    __user_setup_stackheap                   0x08000525   Thumb Code    62  sys_stackheap_outer.o(.text)
    exit                                     0x08000563   Thumb Code    16  exit.o(.text)
    __user_libspace                          0x08000575   Thumb Code     8  libspace.o(.text)
    __user_perproc_libspace                  0x08000575   Thumb Code     0  libspace.o(.text)
    __user_perthread_libspace                0x08000575   Thumb Code     0  libspace.o(.text)
    _sys_exit                                0x0800057d   Thumb Code     8  sys_exit.o(.text)
    __I$use$semihosting                      0x08000589   Thumb Code     0  use_no_semi.o(.text)
    __use_no_semihosting_swi                 0x08000589   Thumb Code     2  use_no_semi.o(.text)
    Error_Handler                            0x0800058b   Thumb Code     8  main.o(.text.Error_Handler)
    __semihosting_library_function           0x0800058b   Thumb Code     0  indicate_semi.o(.text)
    HAL_Delay                                0x08000595   Thumb Code    32  stm32g0xx_hal.o(.text.HAL_Delay)
    HAL_FDCAN_ActivateNotification           0x080005b9   Thumb Code   328  stm32g0xx_hal_fdcan.o(.text.HAL_FDCAN_ActivateNotification)
    HAL_FDCAN_AddMessageToTxFifoQ            0x08000701   Thumb Code   220  stm32g0xx_hal_fdcan.o(.text.HAL_FDCAN_AddMessageToTxFifoQ)
    HAL_FDCAN_ConfigFilter                   0x080007dd   Thumb Code    86  stm32g0xx_hal_fdcan.o(.text.HAL_FDCAN_ConfigFilter)
    HAL_FDCAN_ErrorCallback                  0x08000833   Thumb Code     2  stm32g0xx_hal_fdcan.o(.text.HAL_FDCAN_ErrorCallback)
    HAL_FDCAN_ErrorStatusCallback            0x08000835   Thumb Code     2  stm32g0xx_hal_fdcan.o(.text.HAL_FDCAN_ErrorStatusCallback)
    HAL_FDCAN_GetRxMessage                   0x08000839   Thumb Code   336  stm32g0xx_hal_fdcan.o(.text.HAL_FDCAN_GetRxMessage)
    HAL_FDCAN_HighPriorityMessageCallback    0x08000991   Thumb Code     2  stm32g0xx_hal_fdcan.o(.text.HAL_FDCAN_HighPriorityMessageCallback)
    HAL_FDCAN_IRQHandler                     0x08000993   Thumb Code   488  stm32g0xx_hal_fdcan.o(.text.HAL_FDCAN_IRQHandler)
    HAL_FDCAN_Init                           0x08000b7d   Thumb Code   672  stm32g0xx_hal_fdcan.o(.text.HAL_FDCAN_Init)
    HAL_FDCAN_MspInit                        0x08000e31   Thumb Code   132  stm32g0xx_hal_msp.o(.text.HAL_FDCAN_MspInit)
    HAL_FDCAN_RxFifo0Callback                0x08000ec1   Thumb Code   108  main.o(.text.HAL_FDCAN_RxFifo0Callback)
    HAL_FDCAN_RxFifo1Callback                0x08000f35   Thumb Code     2  stm32g0xx_hal_fdcan.o(.text.HAL_FDCAN_RxFifo1Callback)
    HAL_FDCAN_Start                          0x08000f37   Thumb Code    46  stm32g0xx_hal_fdcan.o(.text.HAL_FDCAN_Start)
    HAL_FDCAN_TimeoutOccurredCallback        0x08000f65   Thumb Code     2  stm32g0xx_hal_fdcan.o(.text.HAL_FDCAN_TimeoutOccurredCallback)
    HAL_FDCAN_TimestampWraparoundCallback    0x08000f67   Thumb Code     2  stm32g0xx_hal_fdcan.o(.text.HAL_FDCAN_TimestampWraparoundCallback)
    HAL_FDCAN_TxBufferAbortCallback          0x08000f69   Thumb Code     2  stm32g0xx_hal_fdcan.o(.text.HAL_FDCAN_TxBufferAbortCallback)
    HAL_FDCAN_TxBufferCompleteCallback       0x08000f6b   Thumb Code     2  stm32g0xx_hal_fdcan.o(.text.HAL_FDCAN_TxBufferCompleteCallback)
    HAL_FDCAN_TxEventFifoCallback            0x08000f6d   Thumb Code     2  stm32g0xx_hal_fdcan.o(.text.HAL_FDCAN_TxEventFifoCallback)
    HAL_FDCAN_TxFifoEmptyCallback            0x08000f6f   Thumb Code     2  stm32g0xx_hal_fdcan.o(.text.HAL_FDCAN_TxFifoEmptyCallback)
    HAL_GPIO_Init                            0x08000f71   Thumb Code   384  stm32g0xx_hal_gpio.o(.text.HAL_GPIO_Init)
    HAL_GPIO_WritePin                        0x080010fd   Thumb Code    16  stm32g0xx_hal_gpio.o(.text.HAL_GPIO_WritePin)
    HAL_GetTick                              0x0800110d   Thumb Code     8  stm32g0xx_hal.o(.text.HAL_GetTick)
    HAL_IncTick                              0x08001115   Thumb Code    16  stm32g0xx_hal.o(.text.HAL_IncTick)
    HAL_Init                                 0x08001129   Thumb Code    40  stm32g0xx_hal.o(.text.HAL_Init)
    HAL_InitTick                             0x08001155   Thumb Code    64  stm32g0xx_hal.o(.text.HAL_InitTick)
    HAL_MspInit                              0x08001199   Thumb Code    52  stm32g0xx_hal_msp.o(.text.HAL_MspInit)
    HAL_NVIC_EnableIRQ                       0x080011d1   Thumb Code    20  stm32g0xx_hal_cortex.o(.text.HAL_NVIC_EnableIRQ)
    HAL_NVIC_SetPriority                     0x080011e9   Thumb Code    48  stm32g0xx_hal_cortex.o(.text.HAL_NVIC_SetPriority)
    HAL_PWREx_ControlVoltageScaling          0x08001221   Thumb Code   116  stm32g0xx_hal_pwr_ex.o(.text.HAL_PWREx_ControlVoltageScaling)
    HAL_RCCEx_PeriphCLKConfig                0x080012a1   Thumb Code   696  stm32g0xx_hal_rcc_ex.o(.text.HAL_RCCEx_PeriphCLKConfig)
    HAL_RCC_ClockConfig                      0x0800156d   Thumb Code   488  stm32g0xx_hal_rcc.o(.text.HAL_RCC_ClockConfig)
    HAL_RCC_OscConfig                        0x08001775   Thumb Code  1180  stm32g0xx_hal_rcc.o(.text.HAL_RCC_OscConfig)
    HAL_SYSCFG_StrobeDBattpinsConfig         0x08001c2d   Thumb Code    16  stm32g0xx_hal.o(.text.HAL_SYSCFG_StrobeDBattpinsConfig)
    HAL_SYSTICK_Config                       0x08001c41   Thumb Code    40  stm32g0xx_hal_cortex.o(.text.HAL_SYSTICK_Config)
    HardFault_Handler                        0x08001c75   Thumb Code     2  stm32g0xx_it.o(.text.HardFault_Handler)
    NMI_Handler                              0x08001c77   Thumb Code     2  stm32g0xx_it.o(.text.NMI_Handler)
    PendSV_Handler                           0x08001c79   Thumb Code     2  stm32g0xx_it.o(.text.PendSV_Handler)
    SVC_Handler                              0x08001c7b   Thumb Code     2  stm32g0xx_it.o(.text.SVC_Handler)
    SysTick_Handler                          0x08001c7d   Thumb Code     8  stm32g0xx_it.o(.text.SysTick_Handler)
    SystemInit                               0x08001c85   Thumb Code     2  system_stm32g0xx.o(.text.SystemInit)
    TIM16_FDCAN_IT0_IRQHandler               0x08001c89   Thumb Code    12  stm32g0xx_it.o(.text.TIM16_FDCAN_IT0_IRQHandler)
    canardBroadcast                          0x08001f0d   Thumb Code    42  canard.o(.text.canardBroadcast)
    canardBroadcastObj                       0x08001f39   Thumb Code  1772  canard.o(.text.canardBroadcastObj)
    canardConvertNativeFloatToFloat16        0x0800262d   Thumb Code    76  canard.o(.text.canardConvertNativeFloatToFloat16)
    canardEncodeScalar                       0x08002685   Thumb Code   218  canard.o(.text.canardEncodeScalar)
    canardHandleRxFrame                      0x08002761   Thumb Code  1888  canard.o(.text.canardHandleRxFrame)
    canardInit                               0x08002ecd   Thumb Code   184  canard.o(.text.canardInit)
    canardPeekTxQueue                        0x08002f8d   Thumb Code    10  canard.o(.text.canardPeekTxQueue)
    canardPopTxQueue                         0x08002f97   Thumb Code    20  canard.o(.text.canardPopTxQueue)
    canardRequestOrRespond                   0x08002fab   Thumb Code    50  canard.o(.text.canardRequestOrRespond)
    canardRequestOrRespondObj                0x08002fdd   Thumb Code   628  canard.o(.text.canardRequestOrRespondObj)
    canardSetLocalNodeID                     0x08003259   Thumb Code    16  canard.o(.text.canardSetLocalNodeID)
    main                                     0x08003ccd   Thumb Code   872  main.o(.text.main)
    on_reception                             0x08004099   Thumb Code   184  main.o(.text.on_reception)
    should_accept                            0x0800416d   Thumb Code    28  main.o(.text.should_accept)
    uavcan_equipment_power_BatteryInfo_encode 0x08004191   Thumb Code   312  uavcan.equipment.power.batteryinfo.o(.text.uavcan_equipment_power_BatteryInfo_encode)
    uavcan_protocol_GetNodeInfoResponse_encode 0x080042c9   Thumb Code   572  uavcan.protocol.getnodeinfo_res.o(.text.uavcan_protocol_GetNodeInfoResponse_encode)
    uavcan_protocol_NodeStatus_encode        0x08004505   Thumb Code    90  uavcan.protocol.nodestatus.o(.text.uavcan_protocol_NodeStatus_encode)
    uavcan_protocol_debug_KeyValue_encode    0x0800455f   Thumb Code    84  uavcan.protocol.debug.keyvalue.o(.text.uavcan_protocol_debug_KeyValue_encode)
    __aeabi_uidiv                            0x080045b3   Thumb Code    68  aeabi_sdivfast.o(.text_divfast)
    __aeabi_idiv                             0x080045f7   Thumb Code   434  aeabi_sdivfast.o(.text_divfast)
    __aeabi_fmul                             0x080047a9   Thumb Code     0  fmul.o(x$fpl$fmul)
    _fmul                                    0x080047a9   Thumb Code   172  fmul.o(x$fpl$fmul)
    AHBPrescTable                            0x08004858   Data          64  system_stm32g0xx.o(.rodata.AHBPrescTable)
    __I$use$fp                               0x08004858   Number         0  usenofp.o(x$fpl$usenofp)
    Region$$Table$$Base                      0x080048dc   Number         0  anon$$obj.o(Region$$Table)
    Region$$Table$$Limit                     0x080048fc   Number         0  anon$$obj.o(Region$$Table)
    uwTickFreq                               0x20000000   Data           1  stm32g0xx_hal.o(.data..L_MergedGlobals)
    uwTickPrio                               0x20000004   Data           4  stm32g0xx_hal.o(.data..L_MergedGlobals)
    SystemCoreClock                          0x20000008   Data           4  system_stm32g0xx.o(.data.SystemCoreClock)
    node_id                                  0x2000000c   Data           1  main.o(.data.node_id)
    __libspace_start                         0x20000010   Data          96  libspace.o(.bss)
    __temporary_stack_top$libspace           0x20000070   Data           0  libspace.o(.bss)
    heartbeat_transfer_id                    0x20000070   Data           1  main.o(.bss..L_MergedGlobals)
    batteryinfo_transfer_id                  0x20000071   Data           1  main.o(.bss..L_MergedGlobals)
    hb_sent_count                            0x20000074   Data           2  main.o(.bss..L_MergedGlobals)
    batt_sent_count                          0x20000076   Data           2  main.o(.bss..L_MergedGlobals)
    txHeader                                 0x20000084   Data          36  main.o(.bss..L_MergedGlobals)
    rxHeader                                 0x200000a8   Data          40  main.o(.bss..L_MergedGlobals)
    canard                                   0x200000d0   Data          44  main.o(.bss.canard)
    canard_memory_pool                       0x200000fc   Data        1024  main.o(.bss.canard_memory_pool)
    count                                    0x200004fc   Data           4  main.o(.bss.count)
    hfdcan1                                  0x20000500   Data         100  main.o(.bss.hfdcan1)
    uwTick                                   0x20000564   Data           4  stm32g0xx_hal.o(.bss.uwTick)



==============================================================================

Memory Map of the image

  Image Entry point : 0x080000c1

  Load Region LR_IROM1 (Base: 0x08000000, Size: 0x00004910, Max: 0x00040000, ABSOLUTE)

    Execution Region ER_IROM1 (Exec base: 0x08000000, Load base: 0x08000000, Size: 0x000048fc, Max: 0x00040000, ABSOLUTE)

    Exec Addr    Load Addr    Size         Type   Attr      Idx    E Section Name        Object

    0x08000000   0x08000000   0x000000c0   Data   RO            3    RESET               startup_stm32g0c1xx.o
    0x080000c0   0x080000c0   0x00000008   Code   RO          834  * !!!main             c_p.l(__main.o)
    0x080000c8   0x080000c8   0x0000003c   Code   RO         1042    !!!scatter          c_p.l(__scatter.o)
    0x08000104   0x08000104   0x0000001a   Code   RO         1044    !!handler_copy      c_p.l(__scatter_copy.o)
    0x0800011e   0x0800011e   0x00000002   PAD
    0x08000120   0x08000120   0x0000001c   Code   RO         1046    !!handler_zi        c_p.l(__scatter_zi.o)
    0x0800013c   0x0800013c   0x00000002   Code   RO          897    .ARM.Collect$$libinit$$00000000  c_p.l(libinit.o)
    0x0800013e   0x0800013e   0x00000000   Code   RO          915    .ARM.Collect$$libinit$$00000002  c_p.l(libinit2.o)
    0x0800013e   0x0800013e   0x00000000   Code   RO          917    .ARM.Collect$$libinit$$00000004  c_p.l(libinit2.o)
    0x0800013e   0x0800013e   0x00000000   Code   RO          919    .ARM.Collect$$libinit$$00000006  c_p.l(libinit2.o)
    0x0800013e   0x0800013e   0x00000000   Code   RO          922    .ARM.Collect$$libinit$$0000000C  c_p.l(libinit2.o)
    0x0800013e   0x0800013e   0x00000000   Code   RO          924    .ARM.Collect$$libinit$$0000000E  c_p.l(libinit2.o)
    0x0800013e   0x0800013e   0x00000000   Code   RO          926    .ARM.Collect$$libinit$$00000010  c_p.l(libinit2.o)
    0x0800013e   0x0800013e   0x00000000   Code   RO          929    .ARM.Collect$$libinit$$00000013  c_p.l(libinit2.o)
    0x0800013e   0x0800013e   0x00000000   Code   RO          931    .ARM.Collect$$libinit$$00000015  c_p.l(libinit2.o)
    0x0800013e   0x0800013e   0x00000000   Code   RO          933    .ARM.Collect$$libinit$$00000017  c_p.l(libinit2.o)
    0x0800013e   0x0800013e   0x00000000   Code   RO          935    .ARM.Collect$$libinit$$00000019  c_p.l(libinit2.o)
    0x0800013e   0x0800013e   0x00000000   Code   RO          937    .ARM.Collect$$libinit$$0000001B  c_p.l(libinit2.o)
    0x0800013e   0x0800013e   0x00000000   Code   RO          939    .ARM.Collect$$libinit$$0000001D  c_p.l(libinit2.o)
    0x0800013e   0x0800013e   0x00000000   Code   RO          941    .ARM.Collect$$libinit$$0000001F  c_p.l(libinit2.o)
    0x0800013e   0x0800013e   0x00000000   Code   RO          943    .ARM.Collect$$libinit$$00000021  c_p.l(libinit2.o)
    0x0800013e   0x0800013e   0x00000000   Code   RO          945    .ARM.Collect$$libinit$$00000023  c_p.l(libinit2.o)
    0x0800013e   0x0800013e   0x00000000   Code   RO          947    .ARM.Collect$$libinit$$00000025  c_p.l(libinit2.o)
    0x0800013e   0x0800013e   0x00000000   Code   RO          949    .ARM.Collect$$libinit$$00000027  c_p.l(libinit2.o)
    0x0800013e   0x0800013e   0x00000000   Code   RO          953    .ARM.Collect$$libinit$$0000002E  c_p.l(libinit2.o)
    0x0800013e   0x0800013e   0x00000000   Code   RO          955    .ARM.Collect$$libinit$$00000030  c_p.l(libinit2.o)
    0x0800013e   0x0800013e   0x00000000   Code   RO          957    .ARM.Collect$$libinit$$00000032  c_p.l(libinit2.o)
    0x0800013e   0x0800013e   0x00000000   Code   RO          959    .ARM.Collect$$libinit$$00000034  c_p.l(libinit2.o)
    0x0800013e   0x0800013e   0x00000002   Code   RO          960    .ARM.Collect$$libinit$$00000035  c_p.l(libinit2.o)
    0x08000140   0x08000140   0x00000002   Code   RO          997    .ARM.Collect$$libshutdown$$00000000  c_p.l(libshutdown.o)
    0x08000142   0x08000142   0x00000000   Code   RO         1025    .ARM.Collect$$libshutdown$$00000002  c_p.l(libshutdown2.o)
    0x08000142   0x08000142   0x00000000   Code   RO         1027    .ARM.Collect$$libshutdown$$00000004  c_p.l(libshutdown2.o)
    0x08000142   0x08000142   0x00000000   Code   RO         1030    .ARM.Collect$$libshutdown$$00000007  c_p.l(libshutdown2.o)
    0x08000142   0x08000142   0x00000000   Code   RO         1033    .ARM.Collect$$libshutdown$$0000000A  c_p.l(libshutdown2.o)
    0x08000142   0x08000142   0x00000000   Code   RO         1035    .ARM.Collect$$libshutdown$$0000000C  c_p.l(libshutdown2.o)
    0x08000142   0x08000142   0x00000000   Code   RO         1038    .ARM.Collect$$libshutdown$$0000000F  c_p.l(libshutdown2.o)
    0x08000142   0x08000142   0x00000002   Code   RO         1039    .ARM.Collect$$libshutdown$$00000010  c_p.l(libshutdown2.o)
    0x08000144   0x08000144   0x00000000   Code   RO          852    .ARM.Collect$$rtentry$$00000000  c_p.l(__rtentry.o)
    0x08000144   0x08000144   0x00000000   Code   RO          865    .ARM.Collect$$rtentry$$00000002  c_p.l(__rtentry2.o)
    0x08000144   0x08000144   0x00000006   Code   RO          877    .ARM.Collect$$rtentry$$00000004  c_p.l(__rtentry4.o)
    0x0800014a   0x0800014a   0x00000000   Code   RO          867    .ARM.Collect$$rtentry$$00000009  c_p.l(__rtentry2.o)
    0x0800014a   0x0800014a   0x00000004   Code   RO          868    .ARM.Collect$$rtentry$$0000000A  c_p.l(__rtentry2.o)
    0x0800014e   0x0800014e   0x00000000   Code   RO          870    .ARM.Collect$$rtentry$$0000000C  c_p.l(__rtentry2.o)
    0x0800014e   0x0800014e   0x00000008   Code   RO          871    .ARM.Collect$$rtentry$$0000000D  c_p.l(__rtentry2.o)
    0x08000156   0x08000156   0x00000002   Code   RO          906    .ARM.Collect$$rtexit$$00000000  c_p.l(rtexit.o)
    0x08000158   0x08000158   0x00000000   Code   RO          968    .ARM.Collect$$rtexit$$00000002  c_p.l(rtexit2.o)
    0x08000158   0x08000158   0x00000004   Code   RO          969    .ARM.Collect$$rtexit$$00000003  c_p.l(rtexit2.o)
    0x0800015c   0x0800015c   0x00000006   Code   RO          970    .ARM.Collect$$rtexit$$00000004  c_p.l(rtexit2.o)
    0x08000162   0x08000162   0x00000002   PAD
    0x08000164   0x08000164   0x00000038   Code   RO          818    .emb_text           c_p.l(rt_memcpy.o)
    0x0800019c   0x0800019c   0x00000038   Code   RO            4    .text               startup_stm32g0c1xx.o
    0x080001d4   0x080001d4   0x00000030   Code   RO          814    .text               c_p.l(llmul.o)
    0x08000204   0x08000204   0x00000082   Code   RO          819    .text               c_p.l(rt_memcpy.o)
    0x08000286   0x08000286   0x00000040   Code   RO          822    .text               c_p.l(rt_memclr.o)
    0x080002c6   0x080002c6   0x00000002   PAD
    0x080002c8   0x080002c8   0x000001f8   Code   RO          824    .text               c_p.l(aeabi_sdivfast.o)
    0x080004c0   0x080004c0   0x00000006   Code   RO          832    .text               c_p.l(heapauxi.o)
    0x080004c6   0x080004c6   0x0000005e   Code   RO          848    .text               fz_ps.l(fflti.o)
    0x08000524   0x08000524   0x0000003e   Code   RO          883    .text               c_p.l(sys_stackheap_outer.o)
    0x08000562   0x08000562   0x00000010   Code   RO          886    .text               c_p.l(exit.o)
    0x08000572   0x08000572   0x00000002   PAD
    0x08000574   0x08000574   0x00000008   Code   RO          902    .text               c_p.l(libspace.o)
    0x0800057c   0x0800057c   0x0000000c   Code   RO          963    .text               c_p.l(sys_exit.o)
    0x08000588   0x08000588   0x00000002   Code   RO          986    .text               c_p.l(use_no_semi.o)
    0x0800058a   0x0800058a   0x00000000   Code   RO          988    .text               c_p.l(indicate_semi.o)
    0x0800058a   0x0800058a   0x00000008   Code   RO           27    .text.Error_Handler  main.o
    0x08000592   0x08000592   0x00000002   PAD
    0x08000594   0x08000594   0x00000024   Code   RO          598    .text.HAL_Delay     stm32g0xx_hal.o
    0x080005b8   0x080005b8   0x00000148   Code   RO          170    .text.HAL_FDCAN_ActivateNotification  stm32g0xx_hal_fdcan.o
    0x08000700   0x08000700   0x000000dc   Code   RO          142    .text.HAL_FDCAN_AddMessageToTxFifoQ  stm32g0xx_hal_fdcan.o
    0x080007dc   0x080007dc   0x00000056   Code   RO           96    .text.HAL_FDCAN_ConfigFilter  stm32g0xx_hal_fdcan.o
    0x08000832   0x08000832   0x00000002   Code   RO          196    .text.HAL_FDCAN_ErrorCallback  stm32g0xx_hal_fdcan.o
    0x08000834   0x08000834   0x00000002   Code   RO          194    .text.HAL_FDCAN_ErrorStatusCallback  stm32g0xx_hal_fdcan.o
    0x08000836   0x08000836   0x00000002   PAD
    0x08000838   0x08000838   0x00000158   Code   RO          148    .text.HAL_FDCAN_GetRxMessage  stm32g0xx_hal_fdcan.o
    0x08000990   0x08000990   0x00000002   Code   RO          176    .text.HAL_FDCAN_HighPriorityMessageCallback  stm32g0xx_hal_fdcan.o
    0x08000992   0x08000992   0x000001e8   Code   RO          174    .text.HAL_FDCAN_IRQHandler  stm32g0xx_hal_fdcan.o
    0x08000b7a   0x08000b7a   0x00000002   PAD
    0x08000b7c   0x08000b7c   0x000002b4   Code   RO           82    .text.HAL_FDCAN_Init  stm32g0xx_hal_fdcan.o
    0x08000e30   0x08000e30   0x00000090   Code   RO           70    .text.HAL_FDCAN_MspInit  stm32g0xx_hal_msp.o
    0x08000ec0   0x08000ec0   0x00000074   Code   RO           11    .text.HAL_FDCAN_RxFifo0Callback  main.o
    0x08000f34   0x08000f34   0x00000002   Code   RO          184    .text.HAL_FDCAN_RxFifo1Callback  stm32g0xx_hal_fdcan.o
    0x08000f36   0x08000f36   0x0000002e   Code   RO          140    .text.HAL_FDCAN_Start  stm32g0xx_hal_fdcan.o
    0x08000f64   0x08000f64   0x00000002   Code   RO          192    .text.HAL_FDCAN_TimeoutOccurredCallback  stm32g0xx_hal_fdcan.o
    0x08000f66   0x08000f66   0x00000002   Code   RO          190    .text.HAL_FDCAN_TimestampWraparoundCallback  stm32g0xx_hal_fdcan.o
    0x08000f68   0x08000f68   0x00000002   Code   RO          178    .text.HAL_FDCAN_TxBufferAbortCallback  stm32g0xx_hal_fdcan.o
    0x08000f6a   0x08000f6a   0x00000002   Code   RO          188    .text.HAL_FDCAN_TxBufferCompleteCallback  stm32g0xx_hal_fdcan.o
    0x08000f6c   0x08000f6c   0x00000002   Code   RO          180    .text.HAL_FDCAN_TxEventFifoCallback  stm32g0xx_hal_fdcan.o
    0x08000f6e   0x08000f6e   0x00000002   Code   RO          186    .text.HAL_FDCAN_TxFifoEmptyCallback  stm32g0xx_hal_fdcan.o
    0x08000f70   0x08000f70   0x0000018c   Code   RO          351    .text.HAL_GPIO_Init  stm32g0xx_hal_gpio.o
    0x080010fc   0x080010fc   0x00000010   Code   RO          357    .text.HAL_GPIO_WritePin  stm32g0xx_hal_gpio.o
    0x0800110c   0x0800110c   0x00000008   Code   RO          590    .text.HAL_GetTick   stm32g0xx_hal.o
    0x08001114   0x08001114   0x00000014   Code   RO          588    .text.HAL_IncTick   stm32g0xx_hal.o
    0x08001128   0x08001128   0x0000002c   Code   RO          578    .text.HAL_Init      stm32g0xx_hal.o
    0x08001154   0x08001154   0x00000044   Code   RO          580    .text.HAL_InitTick  stm32g0xx_hal.o
    0x08001198   0x08001198   0x00000038   Code   RO           68    .text.HAL_MspInit   stm32g0xx_hal_msp.o
    0x080011d0   0x080011d0   0x00000018   Code   RO          538    .text.HAL_NVIC_EnableIRQ  stm32g0xx_hal_cortex.o
    0x080011e8   0x080011e8   0x00000038   Code   RO          536    .text.HAL_NVIC_SetPriority  stm32g0xx_hal_cortex.o
    0x08001220   0x08001220   0x00000080   Code   RO          514    .text.HAL_PWREx_ControlVoltageScaling  stm32g0xx_hal_pwr_ex.o
    0x080012a0   0x080012a0   0x000002cc   Code   RO          251    .text.HAL_RCCEx_PeriphCLKConfig  stm32g0xx_hal_rcc_ex.o
    0x0800156c   0x0800156c   0x00000208   Code   RO          215    .text.HAL_RCC_ClockConfig  stm32g0xx_hal_rcc.o
    0x08001774   0x08001774   0x000004b8   Code   RO          213    .text.HAL_RCC_OscConfig  stm32g0xx_hal_rcc.o
    0x08001c2c   0x08001c2c   0x00000014   Code   RO          646    .text.HAL_SYSCFG_StrobeDBattpinsConfig  stm32g0xx_hal.o
    0x08001c40   0x08001c40   0x00000034   Code   RO          544    .text.HAL_SYSTICK_Config  stm32g0xx_hal_cortex.o
    0x08001c74   0x08001c74   0x00000002   Code   RO           51    .text.HardFault_Handler  stm32g0xx_it.o
    0x08001c76   0x08001c76   0x00000002   Code   RO           49    .text.NMI_Handler   stm32g0xx_it.o
    0x08001c78   0x08001c78   0x00000002   Code   RO           55    .text.PendSV_Handler  stm32g0xx_it.o
    0x08001c7a   0x08001c7a   0x00000002   Code   RO           53    .text.SVC_Handler   stm32g0xx_it.o
    0x08001c7c   0x08001c7c   0x00000008   Code   RO           57    .text.SysTick_Handler  stm32g0xx_it.o
    0x08001c84   0x08001c84   0x00000002   Code   RO          686    .text.SystemInit    system_stm32g0xx.o
    0x08001c86   0x08001c86   0x00000002   PAD
    0x08001c88   0x08001c88   0x00000010   Code   RO           59    .text.TIM16_FDCAN_IT0_IRQHandler  stm32g0xx_it.o
    0x08001c98   0x08001c98   0x00000274   Code   RO          735    .text.bufferBlockPushBytes  canard.o
    0x08001f0c   0x08001f0c   0x0000002a   Code   RO          713    .text.canardBroadcast  canard.o
    0x08001f36   0x08001f36   0x00000002   PAD
    0x08001f38   0x08001f38   0x000006f4   Code   RO          715    .text.canardBroadcastObj  canard.o
    0x0800262c   0x0800262c   0x00000058   Code   RO          749    .text.canardConvertNativeFloatToFloat16  canard.o
    0x08002684   0x08002684   0x000000da   Code   RO          745    .text.canardEncodeScalar  canard.o
    0x0800275e   0x0800275e   0x00000002   PAD
    0x08002760   0x08002760   0x0000076c   Code   RO          729    .text.canardHandleRxFrame  canard.o
    0x08002ecc   0x08002ecc   0x000000c0   Code   RO          701    .text.canardInit    canard.o
    0x08002f8c   0x08002f8c   0x0000000a   Code   RO          725    .text.canardPeekTxQueue  canard.o
    0x08002f96   0x08002f96   0x00000014   Code   RO          727    .text.canardPopTxQueue  canard.o
    0x08002faa   0x08002faa   0x00000032   Code   RO          721    .text.canardRequestOrRespond  canard.o
    0x08002fdc   0x08002fdc   0x0000027c   Code   RO          723    .text.canardRequestOrRespondObj  canard.o
    0x08003258   0x08003258   0x00000010   Code   RO          705    .text.canardSetLocalNodeID  canard.o
    0x08003268   0x08003268   0x000001fc   Code   RO          717    .text.crcAdd        canard.o
    0x08003464   0x08003464   0x00000576   Code   RO          737    .text.crcAddSignature  canard.o
    0x080039da   0x080039da   0x00000002   PAD
    0x080039dc   0x080039dc   0x000002f0   Code   RO          719    .text.enqueueTxFrames  canard.o
    0x08003ccc   0x08003ccc   0x000003cc   Code   RO           29    .text.main          main.o
    0x08004098   0x08004098   0x000000d4   Code   RO           21    .text.on_reception  main.o
    0x0800416c   0x0800416c   0x00000024   Code   RO           19    .text.should_accept  main.o
    0x08004190   0x08004190   0x00000138   Code   RO          797    .text.uavcan_equipment_power_BatteryInfo_encode  uavcan.equipment.power.batteryinfo.o
    0x080042c8   0x080042c8   0x0000023c   Code   RO          761    .text.uavcan_protocol_GetNodeInfoResponse_encode  uavcan.protocol.getnodeinfo_res.o
    0x08004504   0x08004504   0x0000005a   Code   RO          773    .text.uavcan_protocol_NodeStatus_encode  uavcan.protocol.nodestatus.o
    0x0800455e   0x0800455e   0x00000054   Code   RO          785    .text.uavcan_protocol_debug_KeyValue_encode  uavcan.protocol.debug.keyvalue.o
    0x080045b2   0x080045b2   0x000001f6   Code   RO          825    .text_divfast       c_p.l(aeabi_sdivfast.o)
    0x080047a8   0x080047a8   0x000000b0   Code   RO          850    x$fpl$fmul          fz_ps.l(fmul.o)
    0x08004858   0x08004858   0x00000000   Code   RO          863    x$fpl$usenofp       fz_ps.l(usenofp.o)
    0x08004858   0x08004858   0x00000040   Data   RO          691    .rodata.AHBPrescTable  system_stm32g0xx.o
    0x08004898   0x08004898   0x00000010   Data   RO          202    .rodata.cst16       stm32g0xx_hal_fdcan.o
    0x080048a8   0x080048a8   0x00000033   Data   RO           36    .rodata.str1.4      main.o
    0x080048db   0x080048db   0x00000001   PAD
    0x080048dc   0x080048dc   0x00000020   Data   RO         1041    Region$$Table       anon$$obj.o


    Execution Region RW_IRAM1 (Exec base: 0x20000000, Load base: 0x08004900, Size: 0x00000b68, Max: 0x00024000, ABSOLUTE)

    Exec Addr    Load Addr    Size         Type   Attr      Idx    E Section Name        Object

    0x20000000   0x08004900   0x00000008   Data   RW          649    .data..L_MergedGlobals  stm32g0xx_hal.o
    0x20000008   0x08004908   0x00000004   Data   RW          690    .data.SystemCoreClock  system_stm32g0xx.o
    0x2000000c   0x0800490c   0x00000001   Data   RW           33    .data.node_id       main.o
    0x2000000d   0x0800490d   0x00000003   PAD
    0x20000010        -       0x00000060   Zero   RW          903    .bss                c_p.l(libspace.o)
    0x20000070        -       0x00000060   Zero   RW           40    .bss..L_MergedGlobals  main.o
    0x200000d0        -       0x0000002c   Zero   RW           35    .bss.canard         main.o
    0x200000fc        -       0x00000400   Zero   RW           38    .bss.canard_memory_pool  main.o
    0x200004fc        -       0x00000004   Zero   RW           34    .bss.count          main.o
    0x20000500        -       0x00000064   Zero   RW           37    .bss.hfdcan1        main.o
    0x20000564        -       0x00000004   Zero   RW          648    .bss.uwTick         stm32g0xx_hal.o
    0x20000568        -       0x00000200   Zero   RW            2    HEAP                startup_stm32g0c1xx.o
    0x20000768        -       0x00000400   Zero   RW            1    STACK               startup_stm32g0c1xx.o


==============================================================================

Image component sizes


      Code (inc. data)   RO Data    RW Data    ZI Data      Debug   Object Name

      8238        108          0          0          0      49775   canard.o
      1344        144         51          1       1268      15775   main.o
        56         26        192          0       1536        612   startup_stm32g0c1xx.o
       196         20          0          8          4       8042   stm32g0xx_hal.o
       132         24          0          0          0       7074   stm32g0xx_hal_cortex.o
      2224         28         16          0          0      25156   stm32g0xx_hal_fdcan.o
       412         12          0          0          0       4759   stm32g0xx_hal_gpio.o
       200         16          0          0          0       6136   stm32g0xx_hal_msp.o
       128         12          0          0          0       8410   stm32g0xx_hal_pwr_ex.o
      1728         80          0          0          0       9768   stm32g0xx_hal_rcc.o
       716         20          0          0          0      11230   stm32g0xx_hal_rcc_ex.o
        32          4          0          0          0       1210   stm32g0xx_it.o
         2          0         64          4          0       1940   system_stm32g0xx.o
       312          0          0          0          0       5229   uavcan.equipment.power.batteryinfo.o
        84          0          0          0          0       3200   uavcan.protocol.debug.keyvalue.o
       572          0          0          0          0       6468   uavcan.protocol.getnodeinfo_res.o
        90          0          0          0          0       2667   uavcan.protocol.nodestatus.o

    ----------------------------------------------------------------------
     16480        494        356         16       2808     167451   Object Totals
         0          0         32          0          0          0   (incl. Generated)
        14          0          1          3          0          0   (incl. Padding)

    ----------------------------------------------------------------------

      Code (inc. data)   RO Data    RW Data    ZI Data      Debug   Library Member Name

         8          0          0          0          0         68   __main.o
         0          0          0          0          0          0   __rtentry.o
        12          0          0          0          0          0   __rtentry2.o
         6          0          0          0          0          0   __rtentry4.o
        60          8          0          0          0          0   __scatter.o
        26          0          0          0          0          0   __scatter_copy.o
        28          0          0          0          0          0   __scatter_zi.o
      1006          4          0          0          0        184   aeabi_sdivfast.o
        16          0          0          0          0         68   exit.o
         6          0          0          0          0        136   heapauxi.o
         0          0          0          0          0          0   indicate_semi.o
         2          0          0          0          0          0   libinit.o
         2          0          0          0          0          0   libinit2.o
         2          0          0          0          0          0   libshutdown.o
         2          0          0          0          0          0   libshutdown2.o
         8          4          0          0         96         68   libspace.o
        48          0          0          0          0         72   llmul.o
        64          0          0          0          0        108   rt_memclr.o
       186          0          0          0          0        144   rt_memcpy.o
         2          0          0          0          0          0   rtexit.o
        10          0          0          0          0          0   rtexit2.o
        12          4          0          0          0         60   sys_exit.o
        62          0          0          0          0         80   sys_stackheap_outer.o
         2          0          0          0          0         68   use_no_semi.o
        94          0          0          0          0         92   fflti.o
       176          4          0          0          0         80   fmul.o
         0          0          0          0          0          0   usenofp.o

    ----------------------------------------------------------------------
      1848         24          0          0         96       1228   Library Totals
         8          0          0          0          0          0   (incl. Padding)

    ----------------------------------------------------------------------

      Code (inc. data)   RO Data    RW Data    ZI Data      Debug   Library Name

      1570         20          0          0         96       1056   c_p.l
       270          4          0          0          0        172   fz_ps.l

    ----------------------------------------------------------------------
      1848         24          0          0         96       1228   Library Totals

    ----------------------------------------------------------------------

==============================================================================


      Code (inc. data)   RO Data    RW Data    ZI Data      Debug   

     18328        518        356         16       2904     167903   Grand Totals
     18328        518        356         16       2904     167903   ELF Image Totals
     18328        518        356         16          0          0   ROM Totals

==============================================================================

    Total RO  Size (Code + RO Data)                18684 (  18.25kB)
    Total RW  Size (RW Data + ZI Data)              2920 (   2.85kB)
    Total ROM Size (Code + RO Data + RW Data)      18700 (  18.26kB)

==============================================================================

