/home/duong/Du_an/HYPMOTION/DEV_TO_IDE/pack_pin_ide/pack_pin/LIB/Lib_canard_func/include/uavcan.CoarseOrientation.h:53:6:_uavcan_CoarseOrientation_encode	32	static
/home/duong/Du_an/HYPMOTION/DEV_TO_IDE/pack_pin_ide/pack_pin/LIB/Lib_canard_func/include/uavcan.CoarseOrientation.h:95:6:_uavcan_CoarseOrientation_decode	40	static
/home/duong/Du_an/HYPMOTION/DEV_TO_IDE/pack_pin_ide/pack_pin/LIB/Lib_canard_func/include/uavcan.Timestamp.h:49:6:_uavcan_Timestamp_encode	24	static
/home/duong/Du_an/HYPMOTION/DEV_TO_IDE/pack_pin_ide/pack_pin/LIB/Lib_canard_func/include/uavcan.Timestamp.h:74:6:_uavcan_Timestamp_decode	32	static
/home/duong/Du_an/HYPMOTION/DEV_TO_IDE/pack_pin_ide/pack_pin/LIB/Lib_canard_func/include/uavcan.equipment.range_sensor.Measurement.h:101:6:_uavcan_equipment_range_sensor_Measurement_encode	32	static
/home/duong/Du_an/HYPMOTION/DEV_TO_IDE/pack_pin_ide/pack_pin/LIB/Lib_canard_func/include/uavcan.equipment.range_sensor.Measurement.h:180:6:_uavcan_equipment_range_sensor_Measurement_decode	40	static
../LIB/Lib_canard_func/src/uavcan.equipment.range_sensor.Measurement.c:12:10:uavcan_equipment_range_sensor_Measurement_encode	24	static
../LIB/Lib_canard_func/src/uavcan.equipment.range_sensor.Measurement.c:32:6:uavcan_equipment_range_sensor_Measurement_decode	24	static
