/media/duong/DataLinux/Du_an/HYPMOTION/DEV_TO_IDE/f407_mavlink_failsafe/LIB/common/../checksum.h:35:20:crc_accumulate	24	static
/media/duong/DataLinux/Du_an/HYPMOTION/DEV_TO_IDE/f407_mavlink_failsafe/LIB/common/../checksum.h:52:20:crc_init	16	static
/media/duong/DataLinux/Du_an/HYPMOTION/DEV_TO_IDE/f407_mavlink_failsafe/LIB/common/../checksum.h:65:24:crc_calculate	24	static
/media/duong/DataLinux/Du_an/HYPMOTION/DEV_TO_IDE/f407_mavlink_failsafe/LIB/common/../checksum.h:85:20:crc_accumulate_buffer	32	static
/media/duong/DataLinux/Du_an/HYPMOTION/DEV_TO_IDE/f407_mavlink_failsafe/LIB/common/../mavlink_sha256.h:91:21:mavlink_sha256_init	16	static
/media/duong/DataLinux/Du_an/HYPMOTION/DEV_TO_IDE/f407_mavlink_failsafe/LIB/common/../mavlink_sha256.h:105:20:mavlink_sha256_calc	320	static
/media/duong/DataLinux/Du_an/HYPMOTION/DEV_TO_IDE/f407_mavlink_failsafe/LIB/common/../mavlink_sha256.h:152:21:mavlink_sha256_update	120	static
/media/duong/DataLinux/Du_an/HYPMOTION/DEV_TO_IDE/f407_mavlink_failsafe/LIB/common/../mavlink_sha256.h:192:21:mavlink_sha256_final_48	104	static
/media/duong/DataLinux/Du_an/HYPMOTION/DEV_TO_IDE/f407_mavlink_failsafe/LIB/common/../mavlink_helpers.h:23:34:mavlink_get_channel_status	16	static
/media/duong/DataLinux/Du_an/HYPMOTION/DEV_TO_IDE/f407_mavlink_failsafe/LIB/common/../mavlink_helpers.h:39:35:mavlink_get_channel_buffer	16	static
/media/duong/DataLinux/Du_an/HYPMOTION/DEV_TO_IDE/f407_mavlink_failsafe/LIB/common/../mavlink_helpers.h:73:24:mavlink_sign_packet	144	static
/media/duong/DataLinux/Du_an/HYPMOTION/DEV_TO_IDE/f407_mavlink_failsafe/LIB/common/../mavlink_helpers.h:111:24:_mav_trim_payload	16	static
/media/duong/DataLinux/Du_an/HYPMOTION/DEV_TO_IDE/f407_mavlink_failsafe/LIB/common/../mavlink_helpers.h:123:21:mavlink_signature_check	184	static
/media/duong/DataLinux/Du_an/HYPMOTION/DEV_TO_IDE/f407_mavlink_failsafe/LIB/common/../mavlink_helpers.h:223:25:mavlink_finalize_message_buffer	80	static
/media/duong/DataLinux/Du_an/HYPMOTION/DEV_TO_IDE/f407_mavlink_failsafe/LIB/common/../mavlink_helpers.h:292:25:mavlink_finalize_message_chan	40	static
/media/duong/DataLinux/Du_an/HYPMOTION/DEV_TO_IDE/f407_mavlink_failsafe/LIB/common/../mavlink_helpers.h:302:25:mavlink_finalize_message	32	static
/media/duong/DataLinux/Du_an/HYPMOTION/DEV_TO_IDE/f407_mavlink_failsafe/LIB/common/../mavlink_helpers.h:308:20:_mav_parse_error	16	static
/media/duong/DataLinux/Du_an/HYPMOTION/DEV_TO_IDE/f407_mavlink_failsafe/LIB/common/../mavlink_helpers.h:447:25:mavlink_msg_to_send_buffer	32	static
/media/duong/DataLinux/Du_an/HYPMOTION/DEV_TO_IDE/f407_mavlink_failsafe/LIB/common/../mavlink_helpers.h:500:21:mavlink_start_checksum	24	static
/media/duong/DataLinux/Du_an/HYPMOTION/DEV_TO_IDE/f407_mavlink_failsafe/LIB/common/../mavlink_helpers.h:507:21:mavlink_update_checksum	24	static
/media/duong/DataLinux/Du_an/HYPMOTION/DEV_TO_IDE/f407_mavlink_failsafe/LIB/common/../mavlink_helpers.h:518:43:mavlink_get_msg_entry	32	static
/media/duong/DataLinux/Du_an/HYPMOTION/DEV_TO_IDE/f407_mavlink_failsafe/LIB/common/../mavlink_helpers.h:590:24:mavlink_frame_char_buffer	40	static
/media/duong/DataLinux/Du_an/HYPMOTION/DEV_TO_IDE/f407_mavlink_failsafe/LIB/common/../mavlink_helpers.h:918:24:mavlink_frame_char	40	static
/media/duong/DataLinux/Du_an/HYPMOTION/DEV_TO_IDE/f407_mavlink_failsafe/LIB/common/../mavlink_helpers.h:996:24:mavlink_parse_char	40	static
/media/duong/DataLinux/Du_an/HYPMOTION/DEV_TO_IDE/f407_mavlink_failsafe/LIB/common/./mavlink_msg_attitude.h:413:20:mavlink_msg_attitude_decode	24	static
/media/duong/DataLinux/Du_an/HYPMOTION/DEV_TO_IDE/f407_mavlink_failsafe/LIB/common/../standard/../minimal/./mavlink_msg_heartbeat.h:66:24:mavlink_msg_heartbeat_pack	40	static
/media/duong/DataLinux/Du_an/HYPMOTION/DEV_TO_IDE/f407_mavlink_failsafe/LIB/common/../standard/../minimal/./mavlink_msg_heartbeat.h:382:20:mavlink_msg_heartbeat_decode	24	static
../UI/UI.c:37:23:pulse_in_period	32	static
../UI/UI.c:44:20:set_pin_if_changed	24	static
../UI/UI.c:53:6:HAL_UART_RxCpltCallback	16	static
../UI/UI.c:61:13:ring_buffer_send_data	16	static
../UI/UI.c:74:6:HAL_UART_TxCpltCallback	16	static
../UI/UI.c:84:13:update_leds_by_mav_state	32	static
../UI/UI.c:177:13:send_heartbeat	608	static
../UI/UI.c:197:13:mavlink_process	48	static
../UI/UI.c:240:6:ui_handle	8	static
../UI/UI.c:252:6:ui_init	16	static
