Archive member included to satisfy reference by file (symbol)

/opt/st/stm32cubeide_1.19.0/plugins/com.st.stm32cube.ide.mcu.externaltools.gnu-tools-for-stm32.13.3.rel1.linux64_1.0.0.202410170706/tools/bin/../lib/gcc/arm-none-eabi/13.3.1/../../../../arm-none-eabi/lib/thumb/v7e-m+fp/hard/libc_nano.a(libc_a-exit.o)
                              /opt/st/stm32cubeide_1.19.0/plugins/com.st.stm32cube.ide.mcu.externaltools.gnu-tools-for-stm32.13.3.rel1.linux64_1.0.0.202410170706/tools/bin/../lib/gcc/arm-none-eabi/13.3.1/../../../../arm-none-eabi/lib/thumb/v7e-m+fp/hard/crt0.o (exit)
/opt/st/stm32cubeide_1.19.0/plugins/com.st.stm32cube.ide.mcu.externaltools.gnu-tools-for-stm32.13.3.rel1.linux64_1.0.0.202410170706/tools/bin/../lib/gcc/arm-none-eabi/13.3.1/../../../../arm-none-eabi/lib/thumb/v7e-m+fp/hard/libc_nano.a(libc_a-findfp.o)
                              /opt/st/stm32cubeide_1.19.0/plugins/com.st.stm32cube.ide.mcu.externaltools.gnu-tools-for-stm32.13.3.rel1.linux64_1.0.0.202410170706/tools/bin/../lib/gcc/arm-none-eabi/13.3.1/../../../../arm-none-eabi/lib/thumb/v7e-m+fp/hard/libc_nano.a(libc_a-exit.o) (__stdio_exit_handler)
/opt/st/stm32cubeide_1.19.0/plugins/com.st.stm32cube.ide.mcu.externaltools.gnu-tools-for-stm32.13.3.rel1.linux64_1.0.0.202410170706/tools/bin/../lib/gcc/arm-none-eabi/13.3.1/../../../../arm-none-eabi/lib/thumb/v7e-m+fp/hard/libc_nano.a(libc_a-fwalk.o)
                              /opt/st/stm32cubeide_1.19.0/plugins/com.st.stm32cube.ide.mcu.externaltools.gnu-tools-for-stm32.13.3.rel1.linux64_1.0.0.202410170706/tools/bin/../lib/gcc/arm-none-eabi/13.3.1/../../../../arm-none-eabi/lib/thumb/v7e-m+fp/hard/libc_nano.a(libc_a-findfp.o) (_fwalk_sglue)
/opt/st/stm32cubeide_1.19.0/plugins/com.st.stm32cube.ide.mcu.externaltools.gnu-tools-for-stm32.13.3.rel1.linux64_1.0.0.202410170706/tools/bin/../lib/gcc/arm-none-eabi/13.3.1/../../../../arm-none-eabi/lib/thumb/v7e-m+fp/hard/libc_nano.a(libc_a-stdio.o)
                              /opt/st/stm32cubeide_1.19.0/plugins/com.st.stm32cube.ide.mcu.externaltools.gnu-tools-for-stm32.13.3.rel1.linux64_1.0.0.202410170706/tools/bin/../lib/gcc/arm-none-eabi/13.3.1/../../../../arm-none-eabi/lib/thumb/v7e-m+fp/hard/libc_nano.a(libc_a-findfp.o) (__sread)
/opt/st/stm32cubeide_1.19.0/plugins/com.st.stm32cube.ide.mcu.externaltools.gnu-tools-for-stm32.13.3.rel1.linux64_1.0.0.202410170706/tools/bin/../lib/gcc/arm-none-eabi/13.3.1/../../../../arm-none-eabi/lib/thumb/v7e-m+fp/hard/libc_nano.a(libc_a-memcmp.o)
                              ./cryp_lib/can.o (memcmp)
/opt/st/stm32cubeide_1.19.0/plugins/com.st.stm32cube.ide.mcu.externaltools.gnu-tools-for-stm32.13.3.rel1.linux64_1.0.0.202410170706/tools/bin/../lib/gcc/arm-none-eabi/13.3.1/../../../../arm-none-eabi/lib/thumb/v7e-m+fp/hard/libc_nano.a(libc_a-memset.o)
                              /opt/st/stm32cubeide_1.19.0/plugins/com.st.stm32cube.ide.mcu.externaltools.gnu-tools-for-stm32.13.3.rel1.linux64_1.0.0.202410170706/tools/bin/../lib/gcc/arm-none-eabi/13.3.1/../../../../arm-none-eabi/lib/thumb/v7e-m+fp/hard/crt0.o (memset)
/opt/st/stm32cubeide_1.19.0/plugins/com.st.stm32cube.ide.mcu.externaltools.gnu-tools-for-stm32.13.3.rel1.linux64_1.0.0.202410170706/tools/bin/../lib/gcc/arm-none-eabi/13.3.1/../../../../arm-none-eabi/lib/thumb/v7e-m+fp/hard/libc_nano.a(libc_a-closer.o)
                              /opt/st/stm32cubeide_1.19.0/plugins/com.st.stm32cube.ide.mcu.externaltools.gnu-tools-for-stm32.13.3.rel1.linux64_1.0.0.202410170706/tools/bin/../lib/gcc/arm-none-eabi/13.3.1/../../../../arm-none-eabi/lib/thumb/v7e-m+fp/hard/libc_nano.a(libc_a-stdio.o) (_close_r)
/opt/st/stm32cubeide_1.19.0/plugins/com.st.stm32cube.ide.mcu.externaltools.gnu-tools-for-stm32.13.3.rel1.linux64_1.0.0.202410170706/tools/bin/../lib/gcc/arm-none-eabi/13.3.1/../../../../arm-none-eabi/lib/thumb/v7e-m+fp/hard/libc_nano.a(libc_a-reent.o)
                              /opt/st/stm32cubeide_1.19.0/plugins/com.st.stm32cube.ide.mcu.externaltools.gnu-tools-for-stm32.13.3.rel1.linux64_1.0.0.202410170706/tools/bin/../lib/gcc/arm-none-eabi/13.3.1/../../../../arm-none-eabi/lib/thumb/v7e-m+fp/hard/libc_nano.a(libc_a-closer.o) (errno)
/opt/st/stm32cubeide_1.19.0/plugins/com.st.stm32cube.ide.mcu.externaltools.gnu-tools-for-stm32.13.3.rel1.linux64_1.0.0.202410170706/tools/bin/../lib/gcc/arm-none-eabi/13.3.1/../../../../arm-none-eabi/lib/thumb/v7e-m+fp/hard/libc_nano.a(libc_a-impure.o)
                              /opt/st/stm32cubeide_1.19.0/plugins/com.st.stm32cube.ide.mcu.externaltools.gnu-tools-for-stm32.13.3.rel1.linux64_1.0.0.202410170706/tools/bin/../lib/gcc/arm-none-eabi/13.3.1/../../../../arm-none-eabi/lib/thumb/v7e-m+fp/hard/libc_nano.a(libc_a-reent.o) (_impure_ptr)
/opt/st/stm32cubeide_1.19.0/plugins/com.st.stm32cube.ide.mcu.externaltools.gnu-tools-for-stm32.13.3.rel1.linux64_1.0.0.202410170706/tools/bin/../lib/gcc/arm-none-eabi/13.3.1/../../../../arm-none-eabi/lib/thumb/v7e-m+fp/hard/libc_nano.a(libc_a-lseekr.o)
[...]
Memory Configuration

Name             Origin             Length             Attributes
RAM              0x20000000         0x00020000         xrw
FLASH            0x08000000         0x00080000         xr
*default*        0x00000000         0xffffffff

Linker script and memory map

LOAD /opt/st/stm32cubeide_1.19.0/plugins/com.st.stm32cube.ide.mcu.externaltools.gnu-tools-for-stm32.13.3.rel1.linux64_1.0.0.202410170706/tools/bin/../lib/gcc/arm-none-eabi/13.3.1/thumb/v7e-m+fp/hard/crti.o
LOAD /opt/st/stm32cubeide_1.19.0/plugins/com.st.stm32cube.ide.mcu.externaltools.gnu-tools-for-stm32.13.3.rel1.linux64_1.0.0.202410170706/tools/bin/../lib/gcc/arm-none-eabi/13.3.1/thumb/v7e-m+fp/hard/crtbegin.o
LOAD /opt/st/stm32cubeide_1.19.0/plugins/com.st.stm32cube.ide.mcu.externaltools.gnu-tools-for-stm32.13.3.rel1.linux64_1.0.0.202410170706/tools/bin/../lib/gcc/arm-none-eabi/13.3.1/../../../../arm-none-eabi/lib/thumb/v7e-m+fp/hard/crt0.o
LOAD ./Core/Src/main.o
LOAD ./Core/Src/stm32g4xx_hal_msp.o
LOAD ./Core/Src/stm32g4xx_it.o
LOAD ./Core/Src/syscalls.o
LOAD ./Core/Src/sysmem.o
LOAD ./Core/Src/system_stm32g4xx.o
LOAD ./Core/Startup/startup_stm32g474retx.o
LOAD ./Drivers/STM32G4xx_HAL_Driver/Src/stm32g4xx_hal.o
LOAD ./Drivers/STM32G4xx_HAL_Driver/Src/stm32g4xx_hal_cortex.o
LOAD ./Drivers/STM32G4xx_HAL_Driver/Src/stm32g4xx_hal_dma.o
LOAD ./Drivers/STM32G4xx_HAL_Driver/Src/stm32g4xx_hal_dma_ex.o
LOAD ./Drivers/STM32G4xx_HAL_Driver/Src/stm32g4xx_hal_exti.o
LOAD ./Drivers/STM32G4xx_HAL_Driver/Src/stm32g4xx_hal_fdcan.o
LOAD ./Drivers/STM32G4xx_HAL_Driver/Src/stm32g4xx_hal_flash.o
LOAD ./Drivers/STM32G4xx_HAL_Driver/Src/stm32g4xx_hal_flash_ex.o
LOAD ./Drivers/STM32G4xx_HAL_Driver/Src/stm32g4xx_hal_flash_ramfunc.o
LOAD ./Drivers/STM32G4xx_HAL_Driver/Src/stm32g4xx_hal_gpio.o
LOAD ./Drivers/STM32G4xx_HAL_Driver/Src/stm32g4xx_hal_pwr.o
LOAD ./Drivers/STM32G4xx_HAL_Driver/Src/stm32g4xx_hal_pwr_ex.o
LOAD ./Drivers/STM32G4xx_HAL_Driver/Src/stm32g4xx_hal_rcc.o
LOAD ./Drivers/STM32G4xx_HAL_Driver/Src/stm32g4xx_hal_rcc_ex.o
LOAD ./cryp_lib/can.o
LOAD ./cryp_lib/canard.o
LOAD ./cryp_lib/hyp.aes.Encryption_Hyp.o
LOAD ./cryp_lib/hyp.msg.BatteryStatus_Hyp.o
LOAD ./tiny_lib/aes.o
START GROUP
LOAD /opt/st/stm32cubeide_1.19.0/plugins/com.st.stm32cube.ide.mcu.externaltools.gnu-tools-for-stm32.13.3.rel1.linux64_1.0.0.202410170706/tools/bin/../lib/gcc/arm-none-eabi/13.3.1/../../../../arm-none-eabi/lib/thumb/v7e-m+fp/hard/libc_nano.a
LOAD /opt/st/stm32cubeide_1.19.0/plugins/com.st.stm32cube.ide.mcu.externaltools.gnu-tools-for-stm32.13.3.rel1.linux64_1.0.0.202410170706/tools/bin/../lib/gcc/arm-none-eabi/13.3.1/../../../../arm-none-eabi/lib/thumb/v7e-m+fp/hard/libm.a
END GROUP
START GROUP
LOAD /opt/st/stm32cubeide_1.19.0/plugins/com.st.stm32cube.ide.mcu.externaltools.gnu-tools-for-stm32.13.3.rel1.linux64_1.0.0.202410170706/tools/bin/../lib/gcc/arm-none-eabi/13.3.1/thumb/v7e-m+fp/hard/libgcc.a
LOAD /opt/st/stm32cubeide_1.19.0/plugins/com.st.stm32cube.ide.mcu.externaltools.gnu-tools-for-stm32.13.3.rel1.linux64_1.0.0.202410170706/tools/bin/../lib/gcc/arm-none-eabi/13.3.1/../../../../arm-none-eabi/lib/thumb/v7e-m+fp/hard/libc_nano.a
END GROUP
START GROUP
LOAD /opt/st/stm32cubeide_1.19.0/plugins/com.st.stm32cube.ide.mcu.externaltools.gnu-tools-for-stm32.13.3.rel1.linux64_1.0.0.202410170706/tools/bin/../lib/gcc/arm-none-eabi/13.3.1/thumb/v7e-m+fp/hard/libgcc.a
LOAD /opt/st/stm32cubeide_1.19.0/plugins/com.st.stm32cube.ide.mcu.externaltools.gnu-tools-for-stm32.13.3.rel1.linux64_1.0.0.202410170706/tools/bin/../lib/gcc/arm-none-eabi/13.3.1/../../../../arm-none-eabi/lib/thumb/v7e-m+fp/hard/libc_nano.a
LOAD /opt/st/stm32cubeide_1.19.0/plugins/com.st.stm32cube.ide.mcu.externaltools.gnu-tools-for-stm32.13.3.rel1.linux64_1.0.0.202410170706/tools/bin/../lib/gcc/arm-none-eabi/13.3.1/../../../../arm-none-eabi/lib/thumb/v7e-m+fp/hard/libnosys.a
END GROUP
START GROUP
LOAD /opt/st/stm32cubeide_1.19.0/plugins/com.st.stm32cube.ide.mcu.externaltools.gnu-tools-for-stm32.13.3.rel1.linux64_1.0.0.202410170706/tools/bin/../lib/gcc/arm-none-eabi/13.3.1/thumb/v7e-m+fp/hard/libgcc.a
LOAD /opt/st/stm32cubeide_1.19.0/plugins/com.st.stm32cube.ide.mcu.externaltools.gnu-tools-for-stm32.13.3.rel1.linux64_1.0.0.202410170706/tools/bin/../lib/gcc/arm-none-eabi/13.3.1/../../../../arm-none-eabi/lib/thumb/v7e-m+fp/hard/libc_nano.a
LOAD /opt/st/stm32cubeide_1.19.0/plugins/com.st.stm32cube.ide.mcu.externaltools.gnu-tools-for-stm32.13.3.rel1.linux64_1.0.0.202410170706/tools/bin/../lib/gcc/arm-none-eabi/13.3.1/../../../../arm-none-eabi/lib/thumb/v7e-m+fp/hard/libnosys.a
END GROUP
LOAD /opt/st/stm32cubeide_1.19.0/plugins/com.st.stm32cube.ide.mcu.externaltools.gnu-tools-for-stm32.13.3.rel1.linux64_1.0.0.202410170706/tools/bin/../lib/gcc/arm-none-eabi/13.3.1/thumb/v7e-m+fp/hard/crtend.o
LOAD /opt/st/stm32cubeide_1.19.0/plugins/com.st.stm32cube.ide.mcu.externaltools.gnu-tools-for-stm32.13.3.rel1.linux64_1.0.0.202410170706/tools/bin/../lib/gcc/arm-none-eabi/13.3.1/thumb/v7e-m+fp/hard/crtn.o
                0x20020000                        _estack = (ORIGIN (RAM) + LENGTH (RAM))
                0x00000200                        _Min_Heap_Size = 0x200
                0x00000400                        _Min_Stack_Size = 0x400

.isr_vector     0x08000000      0x1d8
                0x08000000                        . = ALIGN (0x4)
 *(.isr_vector)
 .isr_vector    0x08000000      0x1d8 ./Core/Startup/startup_stm32g474retx.o
                0x08000000                g_pfnVectors
                0x080001d8                        . = ALIGN (0x4)

.text           0x080001d8     0x4cd8
                0x080001d8                        . = ALIGN (0x4)
 *(.text)
 .text          0x080001d8       0x40 /opt/st/stm32cubeide_1.19.0/plugins/com.st.stm32cube.ide.mcu.externaltools.gnu-tools-for-stm32.13.3.rel1.linux64_1.0.0.202410170706/tools/bin/../lib/gcc/arm-none-eabi/13.3.1/thumb/v7e-m+fp/hard/crtbegin.o
 *(.text*)
 .text.main     0x08000218       0x24 ./Core/Src/main.o
                0x08000218                main
 .text.SystemClock_Config
                0x0800023c       0x92 ./Core/Src/main.o
                0x0800023c                SystemClock_Config
 *fill*         0x080002ce        0x2 
 .text.MX_FDCAN1_Init
                0x080002d0       0x8c ./Core/Src/main.o
 .text.MX_GPIO_Init
                0x0800035c       0x60 ./Core/Src/main.o
 .text.Error_Handler
                0x080003bc        0xc ./Core/Src/main.o
                0x080003bc                Error_Handler
 .text.HAL_MspInit
                0x080003c8       0x48 ./Core/Src/stm32g4xx_hal_msp.o
                0x080003c8                HAL_MspInit
 .text.HAL_FDCAN_MspInit
                0x08000410       0xe8 ./Core/Src/stm32g4xx_hal_msp.o
                0x08000410                HAL_FDCAN_MspInit
 .text.NMI_Handler
                0x080004f8        0x8 ./Core/Src/stm32g4xx_it.o
                0x080004f8                NMI_Handler
 .text.HardFault_Handler
                0x08000500        0x8 ./Core/Src/stm32g4xx_it.o
                0x08000500                HardFault_Handler
 .text.MemManage_Handler
                0x08000508        0x8 ./Core/Src/stm32g4xx_it.o
                0x08000508                MemManage_Handler
 .text.BusFault_Handler
                0x08000510        0x8 ./Core/Src/stm32g4xx_it.o
                0x08000510                BusFault_Handler
 .text.UsageFault_Handler
                0x08000518        0x8 ./Core/Src/stm32g4xx_it.o
                0x08000518                UsageFault_Handler
 .text.SVC_Handler
                0x08000520        0xe ./Core/Src/stm32g4xx_it.o
                0x08000520                SVC_Handler
 .text.DebugMon_Handler
                0x0800052e        0xe ./Core/Src/stm32g4xx_it.o
                0x0800052e                DebugMon_Handler
 .text.PendSV_Handler
                0x0800053c        0xe ./Core/Src/stm32g4xx_it.o
                0x0800053c                PendSV_Handler
 .text.SysTick_Handler
                0x0800054a        0xc ./Core/Src/stm32g4xx_it.o
                0x0800054a                SysTick_Handler
 *fill*         0x08000556        0x2 
 .text.FDCAN1_IT0_IRQHandler
                0x08000558       0x14 ./Core/Src/stm32g4xx_it.o
                0x08000558                FDCAN1_IT0_IRQHandler
 .text.SystemInit
                0x0800056c       0x24 ./Core/Src/system_stm32g4xx.o
                0x0800056c                SystemInit
 .text.Reset_Handler
                0x08000590       0x50 ./Core/Startup/startup_stm32g474retx.o
                0x08000590                Reset_Handler
 .text.Default_Handler
                0x080005e0        0x2 ./Core/Startup/startup_stm32g474retx.o
                0x080005e0                RTC_Alarm_IRQHandler
                0x080005e0                EXTI2_IRQHandler
                0x080005e0                TIM8_TRG_COM_IRQHandler
                0x080005e0                TIM8_CC_IRQHandler
                0x080005e0                HRTIM1_Master_IRQHandler
                0x080005e0                SPI4_IRQHandler
                0x080005e0                FDCAN3_IT0_IRQHandler
                0x080005e0                TIM1_CC_IRQHandler
                0x080005e0                HRTIM1_FLT_IRQHandler
                0x080005e0                HRTIM1_TIMF_IRQHandler
                0x080005e0                USB_HP_IRQHandler
                0x080005e0                CORDIC_IRQHandler
                0x080005e0                HRTIM1_TIMD_IRQHandler
                0x080005e0                DMA2_Channel8_IRQHandler
                0x080005e0                EXTI3_IRQHandler
                0x080005e0                I2C3_ER_IRQHandler
                0x080005e0                EXTI0_IRQHandler
                0x080005e0                I2C2_EV_IRQHandler
                0x080005e0                FPU_IRQHandler
                0x080005e0                FDCAN1_IT1_IRQHandler
                0x080005e0                TIM1_UP_TIM16_IRQHandler
                0x080005e0                ADC1_2_IRQHandler
                0x080005e0                HRTIM1_TIME_IRQHandler
                0x080005e0                SPI1_IRQHandler
                0x080005e0                TIM6_DAC_IRQHandler
                0x080005e0                HRTIM1_TIMC_IRQHandler
                0x080005e0                TIM8_UP_IRQHandler
                0x080005e0                DMA2_Channel2_IRQHandler
                0x080005e0                DMA1_Channel4_IRQHandler
                0x080005e0                TIM20_TRG_COM_IRQHandler
                0x080005e0                USART3_IRQHandler
                0x080005e0                DMA1_Channel7_IRQHandler
                0x080005e0                UART5_IRQHandler
                0x080005e0                ADC3_IRQHandler
                0x080005e0                TIM4_IRQHandler
                0x080005e0                DMA2_Channel1_IRQHandler
                0x080005e0                QUADSPI_IRQHandler
                0x080005e0                I2C1_EV_IRQHandler
                0x080005e0                DMA1_Channel6_IRQHandler
                0x080005e0                UART4_IRQHandler
                0x080005e0                DMA2_Channel4_IRQHandler
                0x080005e0                TIM3_IRQHandler
                0x080005e0                RCC_IRQHandler
                0x080005e0                TIM20_UP_IRQHandler
                0x080005e0                DMA1_Channel1_IRQHandler
                0x080005e0                Default_Handler
                0x080005e0                DMA2_Channel7_IRQHandler
                0x080005e0                RTC_TAMP_LSECSS_IRQHandler
                0x080005e0                FMAC_IRQHandler
                0x080005e0                EXTI15_10_IRQHandler
                0x080005e0                DMA1_Channel8_IRQHandler
                0x080005e0                HRTIM1_TIMA_IRQHandler
                0x080005e0                TIM7_DAC_IRQHandler
                0x080005e0                FDCAN3_IT1_IRQHandler
                0x080005e0                TIM5_IRQHandler
                0x080005e0                UCPD1_IRQHandler
                0x080005e0                I2C3_EV_IRQHandler
                0x080005e0                EXTI9_5_IRQHandler
                0x080005e0                RTC_WKUP_IRQHandler
                0x080005e0                PVD_PVM_IRQHandler
                0x080005e0                SPI2_IRQHandler
                0x080005e0                ADC5_IRQHandler
                0x080005e0                DMA2_Channel5_IRQHandler
                0x080005e0                CRS_IRQHandler
                0x080005e0                DMA1_Channel5_IRQHandler
                0x080005e0                USB_LP_IRQHandler
                0x080005e0                EXTI4_IRQHandler
                0x080005e0                RNG_IRQHandler
                0x080005e0                HRTIM1_TIMB_IRQHandler
                0x080005e0                TIM1_TRG_COM_TIM17_IRQHandler
                0x080005e0                FDCAN2_IT1_IRQHandler
                0x080005e0                DMA1_Channel3_IRQHandler
                0x080005e0                ADC4_IRQHandler
                0x080005e0                WWDG_IRQHandler
                0x080005e0                I2C4_EV_IRQHandler
                0x080005e0                FDCAN2_IT0_IRQHandler
                0x080005e0                LPUART1_IRQHandler
                0x080005e0                DMA2_Channel6_IRQHandler
                0x080005e0                TIM2_IRQHandler
                0x080005e0                COMP7_IRQHandler
                0x080005e0                COMP1_2_3_IRQHandler
                0x080005e0                EXTI1_IRQHandler
                0x080005e0                USART2_IRQHandler
                0x080005e0                COMP4_5_6_IRQHandler
                0x080005e0                TIM20_BRK_IRQHandler
                0x080005e0                I2C2_ER_IRQHandler
                0x080005e0                DMA1_Channel2_IRQHandler
                0x080005e0                TIM8_BRK_IRQHandler
                0x080005e0                FLASH_IRQHandler
                0x080005e0                TIM20_CC_IRQHandler
                0x080005e0                USART1_IRQHandler
                0x080005e0                SPI3_IRQHandler
                0x080005e0                I2C1_ER_IRQHandler
                0x080005e0                FMC_IRQHandler
                0x080005e0                LPTIM1_IRQHandler
                0x080005e0                DMAMUX_OVR_IRQHandler
                0x080005e0                I2C4_ER_IRQHandler
                0x080005e0                USBWakeUp_IRQHandler
                0x080005e0                SAI1_IRQHandler
                0x080005e0                DMA2_Channel3_IRQHandler
                0x080005e0                TIM1_BRK_TIM15_IRQHandler
 .text.HAL_Init
                0x080005e2       0x30 ./Drivers/STM32G4xx_HAL_Driver/Src/stm32g4xx_hal.o
                0x080005e2                HAL_Init
 *fill*         0x08000612        0x2 
 .text.HAL_InitTick
                0x08000614       0x74 ./Drivers/STM32G4xx_HAL_Driver/Src/stm32g4xx_hal.o
                0x08000614                HAL_InitTick
 .text.HAL_IncTick
                0x08000688       0x24 ./Drivers/STM32G4xx_HAL_Driver/Src/stm32g4xx_hal.o
                0x08000688                HAL_IncTick
 .text.HAL_GetTick
                0x080006ac       0x18 ./Drivers/STM32G4xx_HAL_Driver/Src/stm32g4xx_hal.o
                0x080006ac                HAL_GetTick
 .text.__NVIC_SetPriorityGrouping
                0x080006c4       0x48 ./Drivers/STM32G4xx_HAL_Driver/Src/stm32g4xx_hal_cortex.o
 .text.__NVIC_GetPriorityGrouping
                0x0800070c       0x1c ./Drivers/STM32G4xx_HAL_Driver/Src/stm32g4xx_hal_cortex.o
 .text.__NVIC_EnableIRQ
                0x08000728       0x3c ./Drivers/STM32G4xx_HAL_Driver/Src/stm32g4xx_hal_cortex.o
 .text.__NVIC_SetPriority
                0x08000764       0x54 ./Drivers/STM32G4xx_HAL_Driver/Src/stm32g4xx_hal_cortex.o
 .text.NVIC_EncodePriority
                0x080007b8       0x66 ./Drivers/STM32G4xx_HAL_Driver/Src/stm32g4xx_hal_cortex.o
 *fill*         0x0800081e        0x2 
 .text.SysTick_Config
                0x08000820       0x44 ./Drivers/STM32G4xx_HAL_Driver/Src/stm32g4xx_hal_cortex.o
 .text.HAL_NVIC_SetPriorityGrouping
                0x08000864       0x16 ./Drivers/STM32G4xx_HAL_Driver/Src/stm32g4xx_hal_cortex.o
                0x08000864                HAL_NVIC_SetPriorityGrouping
 .text.HAL_NVIC_SetPriority
                0x0800087a       0x34 ./Drivers/STM32G4xx_HAL_Driver/Src/stm32g4xx_hal_cortex.o
                0x0800087a                HAL_NVIC_SetPriority
 .text.HAL_NVIC_EnableIRQ
                0x080008ae       0x1c ./Drivers/STM32G4xx_HAL_Driver/Src/stm32g4xx_hal_cortex.o
                0x080008ae                HAL_NVIC_EnableIRQ
 .text.HAL_SYSTICK_Config
                0x080008ca       0x18 ./Drivers/STM32G4xx_HAL_Driver/Src/stm32g4xx_hal_cortex.o
                0x080008ca                HAL_SYSTICK_Config
 *fill*         0x080008e2        0x2 
 .text.HAL_FDCAN_Init
                0x080008e4      0x2b4 ./Drivers/STM32G4xx_HAL_Driver/Src/stm32g4xx_hal_fdcan.o
                0x080008e4                HAL_FDCAN_Init
 .text.HAL_FDCAN_ConfigFilter
                0x08000b98       0xb4 ./Drivers/STM32G4xx_HAL_Driver/Src/stm32g4xx_hal_fdcan.o
                0x08000b98                HAL_FDCAN_ConfigFilter
 .text.HAL_FDCAN_Start
                0x08000c4c       0x50 ./Drivers/STM32G4xx_HAL_Driver/Src/stm32g4xx_hal_fdcan.o
                0x08000c4c                HAL_FDCAN_Start
 .text.HAL_FDCAN_AddMessageToTxFifoQ
                0x08000c9c       0x88 ./Drivers/STM32G4xx_HAL_Driver/Src/stm32g4xx_hal_fdcan.o
                0x08000c9c                HAL_FDCAN_AddMessageToTxFifoQ
 .text.HAL_FDCAN_GetRxMessage
                0x08000d24      0x210 ./Drivers/STM32G4xx_HAL_Driver/Src/stm32g4xx_hal_fdcan.o
                0x08000d24                HAL_FDCAN_GetRxMessage
 .text.HAL_FDCAN_ActivateNotification
                0x08000f34      0x1cc ./Drivers/STM32G4xx_HAL_Driver/Src/stm32g4xx_hal_fdcan.o
                0x08000f34                HAL_FDCAN_ActivateNotification
 .text.HAL_FDCAN_IRQHandler
                0x08001100      0x266 ./Drivers/STM32G4xx_HAL_Driver/Src/stm32g4xx_hal_fdcan.o
                0x08001100                HAL_FDCAN_IRQHandler
 .text.HAL_FDCAN_TxEventFifoCallback
                0x08001366       0x16 ./Drivers/STM32G4xx_HAL_Driver/Src/stm32g4xx_hal_fdcan.o
                0x08001366                HAL_FDCAN_TxEventFifoCallback
 .text.HAL_FDCAN_RxFifo1Callback
                0x0800137c       0x16 ./Drivers/STM32G4xx_HAL_Driver/Src/stm32g4xx_hal_fdcan.o
                0x0800137c                HAL_FDCAN_RxFifo1Callback
 .text.HAL_FDCAN_TxFifoEmptyCallback
                0x08001392       0x14 ./Drivers/STM32G4xx_HAL_Driver/Src/stm32g4xx_hal_fdcan.o
                0x08001392                HAL_FDCAN_TxFifoEmptyCallback
 .text.HAL_FDCAN_TxBufferCompleteCallback
                0x080013a6       0x16 ./Drivers/STM32G4xx_HAL_Driver/Src/stm32g4xx_hal_fdcan.o
                0x080013a6                HAL_FDCAN_TxBufferCompleteCallback
 .text.HAL_FDCAN_TxBufferAbortCallback
                0x080013bc       0x16 ./Drivers/STM32G4xx_HAL_Driver/Src/stm32g4xx_hal_fdcan.o
                0x080013bc                HAL_FDCAN_TxBufferAbortCallback
 .text.HAL_FDCAN_TimestampWraparoundCallback
                0x080013d2       0x14 ./Drivers/STM32G4xx_HAL_Driver/Src/stm32g4xx_hal_fdcan.o
                0x080013d2                HAL_FDCAN_TimestampWraparoundCallback
 .text.HAL_FDCAN_TimeoutOccurredCallback
                0x080013e6       0x14 ./Drivers/STM32G4xx_HAL_Driver/Src/stm32g4xx_hal_fdcan.o
                0x080013e6                HAL_FDCAN_TimeoutOccurredCallback
 .text.HAL_FDCAN_HighPriorityMessageCallback
                0x080013fa       0x14 ./Drivers/STM32G4xx_HAL_Driver/Src/stm32g4xx_hal_fdcan.o
                0x080013fa                HAL_FDCAN_HighPriorityMessageCallback
 .text.HAL_FDCAN_ErrorCallback
                0x0800140e       0x14 ./Drivers/STM32G4xx_HAL_Driver/Src/stm32g4xx_hal_fdcan.o
                0x0800140e                HAL_FDCAN_ErrorCallback
 .text.HAL_FDCAN_ErrorStatusCallback
                0x08001422       0x16 ./Drivers/STM32G4xx_HAL_Driver/Src/stm32g4xx_hal_fdcan.o
                0x08001422                HAL_FDCAN_ErrorStatusCallback
 .text.FDCAN_CalcultateRamBlockAddresses
                0x08001438       0xd8 ./Drivers/STM32G4xx_HAL_Driver/Src/stm32g4xx_hal_fdcan.o
 .text.FDCAN_CopyMessageToRAM
                0x08001510       0xf8 ./Drivers/STM32G4xx_HAL_Driver/Src/stm32g4xx_hal_fdcan.o
 .text.HAL_GPIO_Init
                0x08001608      0x304 ./Drivers/STM32G4xx_HAL_Driver/Src/stm32g4xx_hal_gpio.o
                0x08001608                HAL_GPIO_Init
 .text.HAL_PWREx_ControlVoltageScaling
                0x0800190c      0x148 ./Drivers/STM32G4xx_HAL_Driver/Src/stm32g4xx_hal_pwr_ex.o
                0x0800190c                HAL_PWREx_ControlVoltageScaling
 .text.HAL_PWREx_DisableUCPDDeadBattery
                0x08001a54       0x20 ./Drivers/STM32G4xx_HAL_Driver/Src/stm32g4xx_hal_pwr_ex.o
                0x08001a54                HAL_PWREx_DisableUCPDDeadBattery
 .text.HAL_RCC_OscConfig
                0x08001a74      0x624 ./Drivers/STM32G4xx_HAL_Driver/Src/stm32g4xx_hal_rcc.o
                0x08001a74                HAL_RCC_OscConfig
 .text.HAL_RCC_ClockConfig
                0x08002098      0x278 ./Drivers/STM32G4xx_HAL_Driver/Src/stm32g4xx_hal_rcc.o
                0x08002098                HAL_RCC_ClockConfig
 .text.HAL_RCC_GetSysClockFreq
                0x08002310       0xc4 ./Drivers/STM32G4xx_HAL_Driver/Src/stm32g4xx_hal_rcc.o
                0x08002310                HAL_RCC_GetSysClockFreq
 .text.RCC_GetSysClockFreqFromPLLSource
                0x080023d4       0x8c ./Drivers/STM32G4xx_HAL_Driver/Src/stm32g4xx_hal_rcc.o
 .text.HAL_RCCEx_PeriphCLKConfig
                0x08002460      0x49c ./Drivers/STM32G4xx_HAL_Driver/Src/stm32g4xx_hal_rcc_ex.o
                0x08002460                HAL_RCCEx_PeriphCLKConfig
 .text.HAL_FDCAN_RxFifo0Callback
                0x080028fc       0xec ./cryp_lib/can.o
                0x080028fc                HAL_FDCAN_RxFifo0Callback
 .text.config_fdcan_filter_all
                0x080029e8       0x74 ./cryp_lib/can.o
 .text.FDCan_tx_frame
                0x08002a5c       0x88 ./cryp_lib/can.o
 .text.handle_AES_Allocation
                0x08002ae4       0xbc ./cryp_lib/can.o
 .text.should_accept
                0x08002ba0       0x48 ./cryp_lib/can.o
 .text.on_reception
                0x08002be8       0x2c ./cryp_lib/can.o
 .text.fdcan_init
                0x08002c14       0x74 ./cryp_lib/can.o
                0x08002c14                fdcan_init
 .text.fdcan_handle
                0x08002c88        0xc ./cryp_lib/can.o
                0x08002c88                fdcan_handle
 .text.canardInit
                0x08002c94       0x68 ./cryp_lib/canard.o
                0x08002c94                canardInit
 .text.canardSetLocalNodeID
                0x08002cfc       0x34 ./cryp_lib/canard.o
                0x08002cfc                canardSetLocalNodeID
 .text.canardGetLocalNodeID
                0x08002d30       0x18 ./cryp_lib/canard.o
                0x08002d30                canardGetLocalNodeID
 .text.canardBufferFromIdx
                0x08002d48       0x18 ./cryp_lib/canard.o
 .text.canardBufferToIdx
                0x08002d60       0x18 ./cryp_lib/canard.o
 .text.canardRxFromIdx
                0x08002d78       0x18 ./cryp_lib/canard.o
 .text.canardRxToIdx
                0x08002d90       0x18 ./cryp_lib/canard.o
 .text.canardPeekTxQueue
                0x08002da8       0x26 ./cryp_lib/canard.o
                0x08002da8                canardPeekTxQueue
 .text.canardPopTxQueue
                0x08002dce       0x2a ./cryp_lib/canard.o
                0x08002dce                canardPopTxQueue
 .text.canardHandleRxFrame
                0x08002df8      0x768 ./cryp_lib/canard.o
                0x08002df8                canardHandleRxFrame
 .text.canardDecodeScalar
                0x08003560      0x312 ./cryp_lib/canard.o
                0x08003560                canardDecodeScalar
 .text.canardReleaseRxTransferPayload
                0x08003872       0x54 ./cryp_lib/canard.o
                0x08003872                canardReleaseRxTransferPayload
 .text.computeTransferIDForwardDistance
                0x080038c6       0x3e ./cryp_lib/canard.o
 .text.prepareForNextTransfer
                0x08003904       0x44 ./cryp_lib/canard.o
 .text.extractDataType
                0x08003948       0x40 ./cryp_lib/canard.o
                0x08003948                extractDataType
 .text.extractTransferType
                0x08003988       0x48 ./cryp_lib/canard.o
                0x08003988                extractTransferType
 .text.traverseRxStates
                0x080039d0       0x5e ./cryp_lib/canard.o
 .text.findRxState
                0x08003a2e       0x44 ./cryp_lib/canard.o
 .text.prependRxState
                0x08003a72       0x4a ./cryp_lib/canard.o
 .text.createRxState
                0x08003abc       0x46 ./cryp_lib/canard.o
 .text.releaseStatePayload
                0x08003b02       0x68 ./cryp_lib/canard.o
 *fill*         0x08003b6a        0x2 
 .text.bufferBlockPushBytes
                0x08003b6c      0x1f8 ./cryp_lib/canard.o
 .text.createBufferBlock
                0x08003d64       0x2a ./cryp_lib/canard.o
 .text.copyBitArray
                0x08003d8e       0xee ./cryp_lib/canard.o
 .text.descatterTransferPayload
                0x08003e7c      0x1ea ./cryp_lib/canard.o
 .text.isBigEndian
                0x08004066       0x22 ./cryp_lib/canard.o
 .text.swapByteOrder
                0x08004088       0x60 ./cryp_lib/canard.o
 .text.crcAddByte
                0x080040e8       0x5e ./cryp_lib/canard.o
 .text.crcAddSignature
                0x08004146       0x5e ./cryp_lib/canard.o
 .text.crcAdd   0x080041a4       0x3a ./cryp_lib/canard.o
 .text.initPoolAllocator
                0x080041de       0x6e ./cryp_lib/canard.o
 .text.allocateBlock
                0x0800424c       0x52 ./cryp_lib/canard.o
 .text.freeBlock
                0x0800429e       0x34 ./cryp_lib/canard.o
 .text._hyp_aes_Encryption_Hyp_decode
                0x080042d2       0x84 ./cryp_lib/hyp.aes.Encryption_Hyp.o
 .text.hyp_aes_Encryption_Hyp_decode
                0x08004356       0x48 ./cryp_lib/hyp.aes.Encryption_Hyp.o
                0x08004356                hyp_aes_Encryption_Hyp_decode
 *fill*         0x0800439e        0x2 
 .text.KeyExpansion
                0x080043a0      0x1a0 ./tiny_lib/aes.o
 .text.AES_init_ctx
                0x08004540       0x1c ./tiny_lib/aes.o
                0x08004540                AES_init_ctx
 .text.AddRoundKey
                0x0800455c       0x78 ./tiny_lib/aes.o
 .text.xtime    0x080045d4       0x3e ./tiny_lib/aes.o
 .text.InvMixColumns
                0x08004612      0x698 ./tiny_lib/aes.o
 *fill*         0x08004caa        0x2 
 .text.InvSubBytes
                0x08004cac       0x64 ./tiny_lib/aes.o
 .text.InvShiftRows
                0x08004d10       0x84 ./tiny_lib/aes.o
 .text.InvCipher
                0x08004d94       0x52 ./tiny_lib/aes.o
 .text.AES_ECB_decrypt
                0x08004de6       0x1c ./tiny_lib/aes.o
                0x08004de6                AES_ECB_decrypt
 .text.memcmp   0x08004e02       0x20 /opt/st/stm32cubeide_1.19.0/plugins/com.st.stm32cube.ide.mcu.externaltools.gnu-tools-for-stm32.13.3.rel1.linux64_1.0.0.202410170706/tools/bin/../lib/gcc/arm-none-eabi/13.3.1/../../../../arm-none-eabi/lib/thumb/v7e-m+fp/hard/libc_nano.a(libc_a-memcmp.o)
                0x08004e02                memcmp
 .text.memset   0x08004e22       0x10 /opt/st/stm32cubeide_1.19.0/plugins/com.st.stm32cube.ide.mcu.externaltools.gnu-tools-for-stm32.13.3.rel1.linux64_1.0.0.202410170706/tools/bin/../lib/gcc/arm-none-eabi/13.3.1/../../../../arm-none-eabi/lib/thumb/v7e-m+fp/hard/libc_nano.a(libc_a-memset.o)
                0x08004e22                memset
 *fill*         0x08004e32        0x2 
 .text.__libc_init_array
                0x08004e34       0x48 /opt/st/stm32cubeide_1.19.0/plugins/com.st.stm32cube.ide.mcu.externaltools.gnu-tools-for-stm32.13.3.rel1.linux64_1.0.0.202410170706/tools/bin/../lib/gcc/arm-none-eabi/13.3.1/../../../../arm-none-eabi/lib/thumb/v7e-m+fp/hard/libc_nano.a(libc_a-init.o)
                0x08004e34                __libc_init_array
 .text.memcpy   0x08004e7c       0x1c /opt/st/stm32cubeide_1.19.0/plugins/com.st.stm32cube.ide.mcu.externaltools.gnu-tools-for-stm32.13.3.rel1.linux64_1.0.0.202410170706/tools/bin/../lib/gcc/arm-none-eabi/13.3.1/../../../../arm-none-eabi/lib/thumb/v7e-m+fp/hard/libc_nano.a(libc_a-memcpy-stub.o)
                0x08004e7c                memcpy
 *(.glue_7)
 .glue_7        0x08004e98        0x0 linker stubs
 *(.glue_7t)
 .glue_7t       0x08004e98        0x0 linker stubs
 *(.eh_frame)
 .eh_frame      0x08004e98        0x0 /opt/st/stm32cubeide_1.19.0/plugins/com.st.stm32cube.ide.mcu.externaltools.gnu-tools-for-stm32.13.3.rel1.linux64_1.0.0.202410170706/tools/bin/../lib/gcc/arm-none-eabi/13.3.1/thumb/v7e-m+fp/hard/crtbegin.o
 *(.init)
 .init          0x08004e98        0x4 /opt/st/stm32cubeide_1.19.0/plugins/com.st.stm32cube.ide.mcu.externaltools.gnu-tools-for-stm32.13.3.rel1.linux64_1.0.0.202410170706/tools/bin/../lib/gcc/arm-none-eabi/13.3.1/thumb/v7e-m+fp/hard/crti.o
                0x08004e98                _init
 .init          0x08004e9c        0x8 /opt/st/stm32cubeide_1.19.0/plugins/com.st.stm32cube.ide.mcu.externaltools.gnu-tools-for-stm32.13.3.rel1.linux64_1.0.0.202410170706/tools/bin/../lib/gcc/arm-none-eabi/13.3.1/thumb/v7e-m+fp/hard/crtn.o
 *(.fini)
 .fini          0x08004ea4        0x4 /opt/st/stm32cubeide_1.19.0/plugins/com.st.stm32cube.ide.mcu.externaltools.gnu-tools-for-stm32.13.3.rel1.linux64_1.0.0.202410170706/tools/bin/../lib/gcc/arm-none-eabi/13.3.1/thumb/v7e-m+fp/hard/crti.o
                0x08004ea4                _fini
 .fini          0x08004ea8        0x8 /opt/st/stm32cubeide_1.19.0/plugins/com.st.stm32cube.ide.mcu.externaltools.gnu-tools-for-stm32.13.3.rel1.linux64_1.0.0.202410170706/tools/bin/../lib/gcc/arm-none-eabi/13.3.1/thumb/v7e-m+fp/hard/crtn.o
                0x08004eb0                        . = ALIGN (0x4)
                0x08004eb0                        _etext = .

.vfp11_veneer   0x08004eb0        0x0
 .vfp11_veneer  0x08004eb0        0x0 linker stubs

.v4_bx          0x08004eb0        0x0
 .v4_bx         0x08004eb0        0x0 linker stubs

.iplt           0x08004eb0        0x0
 .iplt          0x08004eb0        0x0 /opt/st/stm32cubeide_1.19.0/plugins/com.st.stm32cube.ide.mcu.externaltools.gnu-tools-for-stm32.13.3.rel1.linux64_1.0.0.202410170706/tools/bin/../lib/gcc/arm-none-eabi/13.3.1/thumb/v7e-m+fp/hard/crtbegin.o

.rodata         0x08004eb0      0x24c
                0x08004eb0                        . = ALIGN (0x4)
 *(.rodata)
 .rodata        0x08004eb0       0x10 ./cryp_lib/can.o
 *(.rodata*)
 .rodata.AHBPrescTable
                0x08004ec0       0x10 ./Core/Src/system_stm32g4xx.o
                0x08004ec0                AHBPrescTable
 .rodata.DLCtoBytes
                0x08004ed0       0x10 ./Drivers/STM32G4xx_HAL_Driver/Src/stm32g4xx_hal_fdcan.o
 .rodata.key    0x08004ee0       0x10 ./cryp_lib/can.o
                0x08004ee0                key
 .rodata.sbox   0x08004ef0      0x100 ./tiny_lib/aes.o
 .rodata.rsbox  0x08004ff0      0x100 ./tiny_lib/aes.o
 .rodata.Rcon   0x080050f0        0xb ./tiny_lib/aes.o
                0x080050fc                        . = ALIGN (0x4)
 *fill*         0x080050fb        0x1 

.ARM.extab      0x080050fc        0x0
                0x080050fc                        . = ALIGN (0x4)
 *(.ARM.extab* .gnu.linkonce.armextab.*)
                0x080050fc                        . = ALIGN (0x4)

.ARM            0x080050fc        0x0
                0x080050fc                        . = ALIGN (0x4)
                0x080050fc                        __exidx_start = .
 *(.ARM.exidx*)
                0x080050fc                        __exidx_end = .
                0x080050fc                        . = ALIGN (0x4)

.preinit_array  0x080050fc        0x0
                0x080050fc                        . = ALIGN (0x4)
                0x080050fc                        PROVIDE (__preinit_array_start = .)
 *(.preinit_array*)
                0x080050fc                        PROVIDE (__preinit_array_end = .)
                0x080050fc                        . = ALIGN (0x4)

.init_array     0x080050fc        0x4
                0x080050fc                        . = ALIGN (0x4)
                0x080050fc                        PROVIDE (__init_array_start = .)
 *(SORT_BY_NAME(.init_array.*))
 *(.init_array*)
 .init_array    0x080050fc        0x4 /opt/st/stm32cubeide_1.19.0/plugins/com.st.stm32cube.ide.mcu.externaltools.gnu-tools-for-stm32.13.3.rel1.linux64_1.0.0.202410170706/tools/bin/../lib/gcc/arm-none-eabi/13.3.1/thumb/v7e-m+fp/hard/crtbegin.o
                0x08005100                        PROVIDE (__init_array_end = .)
                0x08005100                        . = ALIGN (0x4)

.fini_array     0x08005100        0x4
                0x08005100                        . = ALIGN (0x4)
                [!provide]                        PROVIDE (__fini_array_start = .)
 *(SORT_BY_NAME(.fini_array.*))
 *(.fini_array*)
 .fini_array    0x08005100        0x4 /opt/st/stm32cubeide_1.19.0/plugins/com.st.stm32cube.ide.mcu.externaltools.gnu-tools-for-stm32.13.3.rel1.linux64_1.0.0.202410170706/tools/bin/../lib/gcc/arm-none-eabi/13.3.1/thumb/v7e-m+fp/hard/crtbegin.o
                [!provide]                        PROVIDE (__fini_array_end = .)
                0x08005104                        . = ALIGN (0x4)
                0x08005104                        _sidata = LOADADDR (.data)

.rel.dyn        0x08005104        0x0
 .rel.iplt      0x08005104        0x0 /opt/st/stm32cubeide_1.19.0/plugins/com.st.stm32cube.ide.mcu.externaltools.gnu-tools-for-stm32.13.3.rel1.linux64_1.0.0.202410170706/tools/bin/../lib/gcc/arm-none-eabi/13.3.1/thumb/v7e-m+fp/hard/crtbegin.o

.data           0x20000000        0xc load address 0x08005104
                0x20000000                        . = ALIGN (0x4)
                0x20000000                        _sdata = .
 *(.data)
 *(.data*)
 .data.SystemCoreClock
                0x20000000        0x4 ./Core/Src/system_stm32g4xx.o
                0x20000000                SystemCoreClock
 .data.uwTickPrio
                0x20000004        0x4 ./Drivers/STM32G4xx_HAL_Driver/Src/stm32g4xx_hal.o
                0x20000004                uwTickPrio
 .data.uwTickFreq
                0x20000008        0x4 ./Drivers/STM32G4xx_HAL_Driver/Src/stm32g4xx_hal.o
                0x20000008                uwTickFreq
 *(.RamFunc)
 *(.RamFunc*)
                0x2000000c                        . = ALIGN (0x4)
                0x2000000c                        _edata = .

.igot.plt       0x2000000c        0x0 load address 0x08005110
 .igot.plt      0x2000000c        0x0 /opt/st/stm32cubeide_1.19.0/plugins/com.st.stm32cube.ide.mcu.externaltools.gnu-tools-for-stm32.13.3.rel1.linux64_1.0.0.202410170706/tools/bin/../lib/gcc/arm-none-eabi/13.3.1/thumb/v7e-m+fp/hard/crtbegin.o
                0x2000000c                        . = ALIGN (0x4)

.bss            0x2000000c      0x9bc load address 0x08005110
                0x2000000c                        _sbss = .
                0x2000000c                        __bss_start__ = _sbss
 *(.bss)
 .bss           0x2000000c       0x1c /opt/st/stm32cubeide_1.19.0/plugins/com.st.stm32cube.ide.mcu.externaltools.gnu-tools-for-stm32.13.3.rel1.linux64_1.0.0.202410170706/tools/bin/../lib/gcc/arm-none-eabi/13.3.1/thumb/v7e-m+fp/hard/crtbegin.o
 *(.bss*)
 .bss.hfdcan1   0x20000028       0x64 ./Core/Src/main.o
                0x20000028                hfdcan1
 .bss.uwTick    0x2000008c        0x4 ./Drivers/STM32G4xx_HAL_Driver/Src/stm32g4xx_hal.o
                0x2000008c                uwTick
 .bss.canard_memory_pool
                0x20000090      0x800 ./cryp_lib/can.o
                0x20000090                canard_memory_pool
 .bss.canard    0x20000890       0x2c ./cryp_lib/can.o
                0x20000890                canard
 .bss.hfdcan    0x200008bc        0x4 ./cryp_lib/can.o
                0x200008bc                hfdcan
 .bss.ctx       0x200008c0       0xc0 ./cryp_lib/can.o
                0x200008c0                ctx
 .bss.batt_infor
                0x20000980       0x44 ./cryp_lib/can.o
                0x20000980                batt_infor
 .bss.count     0x200009c4        0x4 ./cryp_lib/can.o
                0x200009c4                count
 *(COMMON)
                0x200009c8                        . = ALIGN (0x4)
                0x200009c8                        _ebss = .
                0x200009c8                        __bss_end__ = _ebss

._user_heap_stack
                0x200009c8      0x600 load address 0x08005110
                0x200009c8                        . = ALIGN (0x8)
                [!provide]                        PROVIDE (end = .)
                0x200009c8                        PROVIDE (_end = .)
                0x20000bc8                        . = (. + _Min_Heap_Size)
 *fill*         0x200009c8      0x200 
                0x20000fc8                        . = (. + _Min_Stack_Size)
 *fill*         0x20000bc8      0x400 
                0x20000fc8                        . = ALIGN (0x8)

/DISCARD/
 libc.a(*)
 libm.a(*)
 libgcc.a(*)

.ARM.attributes
                0x00000000       0x30
 *(.ARM.attributes)
 .ARM.attributes
                0x00000000       0x22 /opt/st/stm32cubeide_1.19.0/plugins/com.st.stm32cube.ide.mcu.externaltools.gnu-tools-for-stm32.13.3.rel1.linux64_1.0.0.202410170706/tools/bin/../lib/gcc/arm-none-eabi/13.3.1/thumb/v7e-m+fp/hard/crti.o
 .ARM.attributes
                0x00000022       0x34 /opt/st/stm32cubeide_1.19.0/plugins/com.st.stm32cube.ide.mcu.externaltools.gnu-tools-for-stm32.13.3.rel1.linux64_1.0.0.202410170706/tools/bin/../lib/gcc/arm-none-eabi/13.3.1/thumb/v7e-m+fp/hard/crtbegin.o
 .ARM.attributes
                0x00000056       0x34 ./Core/Src/main.o
 .ARM.attributes
                0x0000008a       0x34 ./Core/Src/stm32g4xx_hal_msp.o
 .ARM.attributes
                0x000000be       0x34 ./Core/Src/stm32g4xx_it.o
 .ARM.attributes
                0x000000f2       0x34 ./Core/Src/system_stm32g4xx.o
 .ARM.attributes
                0x00000126       0x21 ./Core/Startup/startup_stm32g474retx.o
 .ARM.attributes
                0x00000147       0x34 ./Drivers/STM32G4xx_HAL_Driver/Src/stm32g4xx_hal.o
 .ARM.attributes
                0x0000017b       0x34 ./Drivers/STM32G4xx_HAL_Driver/Src/stm32g4xx_hal_cortex.o
 .ARM.attributes
                0x000001af       0x34 ./Drivers/STM32G4xx_HAL_Driver/Src/stm32g4xx_hal_fdcan.o
 .ARM.attributes
                0x000001e3       0x34 ./Drivers/STM32G4xx_HAL_Driver/Src/stm32g4xx_hal_gpio.o
 .ARM.attributes
                0x00000217       0x34 ./Drivers/STM32G4xx_HAL_Driver/Src/stm32g4xx_hal_pwr_ex.o
 .ARM.attributes
                0x0000024b       0x34 ./Drivers/STM32G4xx_HAL_Driver/Src/stm32g4xx_hal_rcc.o
 .ARM.attributes
                0x0000027f       0x34 ./Drivers/STM32G4xx_HAL_Driver/Src/stm32g4xx_hal_rcc_ex.o
 .ARM.attributes
                0x000002b3       0x34 ./cryp_lib/can.o
 .ARM.attributes
                0x000002e7       0x34 ./cryp_lib/canard.o
 .ARM.attributes
                0x0000031b       0x34 ./cryp_lib/hyp.aes.Encryption_Hyp.o
 .ARM.attributes
                0x0000034f       0x34 ./tiny_lib/aes.o
 .ARM.attributes
                0x00000383       0x34 /opt/st/stm32cubeide_1.19.0/plugins/com.st.stm32cube.ide.mcu.externaltools.gnu-tools-for-stm32.13.3.rel1.linux64_1.0.0.202410170706/tools/bin/../lib/gcc/arm-none-eabi/13.3.1/../../../../arm-none-eabi/lib/thumb/v7e-m+fp/hard/libc_nano.a(libc_a-memcmp.o)
 .ARM.attributes
                0x000003b7       0x34 /opt/st/stm32cubeide_1.19.0/plugins/com.st.stm32cube.ide.mcu.externaltools.gnu-tools-for-stm32.13.3.rel1.linux64_1.0.0.202410170706/tools/bin/../lib/gcc/arm-none-eabi/13.3.1/../../../../arm-none-eabi/lib/thumb/v7e-m+fp/hard/libc_nano.a(libc_a-memset.o)
 .ARM.attributes
                0x000003eb       0x34 /opt/st/stm32cubeide_1.19.0/plugins/com.st.stm32cube.ide.mcu.externaltools.gnu-tools-for-stm32.13.3.rel1.linux64_1.0.0.202410170706/tools/bin/../lib/gcc/arm-none-eabi/13.3.1/../../../../arm-none-eabi/lib/thumb/v7e-m+fp/hard/libc_nano.a(libc_a-init.o)
 .ARM.attributes
                0x0000041f       0x34 /opt/st/stm32cubeide_1.19.0/plugins/com.st.stm32cube.ide.mcu.externaltools.gnu-tools-for-stm32.13.3.rel1.linux64_1.0.0.202410170706/tools/bin/../lib/gcc/arm-none-eabi/13.3.1/../../../../arm-none-eabi/lib/thumb/v7e-m+fp/hard/libc_nano.a(libc_a-memcpy-stub.o)
 .ARM.attributes
                0x00000453       0x22 /opt/st/stm32cubeide_1.19.0/plugins/com.st.stm32cube.ide.mcu.externaltools.gnu-tools-for-stm32.13.3.rel1.linux64_1.0.0.202410170706/tools/bin/../lib/gcc/arm-none-eabi/13.3.1/thumb/v7e-m+fp/hard/crtn.o
OUTPUT(AES_recv_batt.elf elf32-littlearm)
LOAD linker stubs
LOAD /opt/st/stm32cubeide_1.19.0/plugins/com.st.stm32cube.ide.mcu.externaltools.gnu-tools-for-stm32.13.3.rel1.linux64_1.0.0.202410170706/tools/bin/../lib/gcc/arm-none-eabi/13.3.1/../../../../arm-none-eabi/lib/thumb/v7e-m+fp/hard/libc.a
LOAD /opt/st/stm32cubeide_1.19.0/plugins/com.st.stm32cube.ide.mcu.externaltools.gnu-tools-for-stm32.13.3.rel1.linux64_1.0.0.202410170706/tools/bin/../lib/gcc/arm-none-eabi/13.3.1/../../../../arm-none-eabi/lib/thumb/v7e-m+fp/hard/libm.a
LOAD /opt/st/stm32cubeide_1.19.0/plugins/com.st.stm32cube.ide.mcu.externaltools.gnu-tools-for-stm32.13.3.rel1.linux64_1.0.0.202410170706/tools/bin/../lib/gcc/arm-none-eabi/13.3.1/thumb/v7e-m+fp/hard/libgcc.a

.debug_info     0x00000000     0xbae8
 .debug_info    0x00000000      0xabb ./Core/Src/main.o
 .debug_info    0x00000abb      0xe67 ./Core/Src/stm32g4xx_hal_msp.o
 .debug_info    0x00001922      0x625 ./Core/Src/stm32g4xx_it.o
 .debug_info    0x00001f47      0x58e ./Core/Src/system_stm32g4xx.o
 .debug_info    0x000024d5       0x30 ./Core/Startup/startup_stm32g474retx.o
 .debug_info    0x00002505      0xb95 ./Drivers/STM32G4xx_HAL_Driver/Src/stm32g4xx_hal.o
 .debug_info    0x0000309a      0xdf9 ./Drivers/STM32G4xx_HAL_Driver/Src/stm32g4xx_hal_cortex.o
 .debug_info    0x00003e93     0x18bb ./Drivers/STM32G4xx_HAL_Driver/Src/stm32g4xx_hal_fdcan.o
 .debug_info    0x0000574e      0x763 ./Drivers/STM32G4xx_HAL_Driver/Src/stm32g4xx_hal_gpio.o
 .debug_info    0x00005eb1      0x93f ./Drivers/STM32G4xx_HAL_Driver/Src/stm32g4xx_hal_pwr_ex.o
 .debug_info    0x000067f0      0xbe0 ./Drivers/STM32G4xx_HAL_Driver/Src/stm32g4xx_hal_rcc.o
 .debug_info    0x000073d0      0xc45 ./Drivers/STM32G4xx_HAL_Driver/Src/stm32g4xx_hal_rcc_ex.o
 .debug_info    0x00008015     0x11ef ./cryp_lib/can.o
 .debug_info    0x00009204     0x1d20 ./cryp_lib/canard.o
 .debug_info    0x0000af24      0x474 ./cryp_lib/hyp.aes.Encryption_Hyp.o
 .debug_info    0x0000b398      0x750 ./tiny_lib/aes.o

.debug_abbrev   0x00000000     0x2196
 .debug_abbrev  0x00000000      0x22b ./Core/Src/main.o
 .debug_abbrev  0x0000022b      0x1c2 ./Core/Src/stm32g4xx_hal_msp.o
 .debug_abbrev  0x000003ed      0x15b ./Core/Src/stm32g4xx_it.o
 .debug_abbrev  0x00000548      0x11a ./Core/Src/system_stm32g4xx.o
 .debug_abbrev  0x00000662       0x24 ./Core/Startup/startup_stm32g474retx.o
 .debug_abbrev  0x00000686      0x271 ./Drivers/STM32G4xx_HAL_Driver/Src/stm32g4xx_hal.o
 .debug_abbrev  0x000008f7      0x31c ./Drivers/STM32G4xx_HAL_Driver/Src/stm32g4xx_hal_cortex.o
 .debug_abbrev  0x00000c13      0x1e7 ./Drivers/STM32G4xx_HAL_Driver/Src/stm32g4xx_hal_fdcan.o
 .debug_abbrev  0x00000dfa      0x1cb ./Drivers/STM32G4xx_HAL_Driver/Src/stm32g4xx_hal_gpio.o
 .debug_abbrev  0x00000fc5      0x22c ./Drivers/STM32G4xx_HAL_Driver/Src/stm32g4xx_hal_pwr_ex.o
 .debug_abbrev  0x000011f1      0x2c9 ./Drivers/STM32G4xx_HAL_Driver/Src/stm32g4xx_hal_rcc.o
 .debug_abbrev  0x000014ba      0x258 ./Drivers/STM32G4xx_HAL_Driver/Src/stm32g4xx_hal_rcc_ex.o
 .debug_abbrev  0x00001712      0x321 ./cryp_lib/can.o
 .debug_abbrev  0x00001a33      0x3a5 ./cryp_lib/canard.o
 .debug_abbrev  0x00001dd8      0x1bc ./cryp_lib/hyp.aes.Encryption_Hyp.o
 .debug_abbrev  0x00001f94      0x202 ./tiny_lib/aes.o

.debug_aranges  0x00000000      0xb88
 .debug_aranges
                0x00000000       0x40 ./Core/Src/main.o
 .debug_aranges
                0x00000040       0x30 ./Core/Src/stm32g4xx_hal_msp.o
 .debug_aranges
                0x00000070       0x68 ./Core/Src/stm32g4xx_it.o
 .debug_aranges
                0x000000d8       0x28 ./Core/Src/system_stm32g4xx.o
 .debug_aranges
                0x00000100       0x28 ./Core/Startup/startup_stm32g474retx.o
 .debug_aranges
                0x00000128      0x148 ./Drivers/STM32G4xx_HAL_Driver/Src/stm32g4xx_hal.o
 .debug_aranges
                0x00000270      0x128 ./Drivers/STM32G4xx_HAL_Driver/Src/stm32g4xx_hal_cortex.o
 .debug_aranges
                0x00000398      0x208 ./Drivers/STM32G4xx_HAL_Driver/Src/stm32g4xx_hal_fdcan.o
 .debug_aranges
                0x000005a0       0x58 ./Drivers/STM32G4xx_HAL_Driver/Src/stm32g4xx_hal_gpio.o
 .debug_aranges
                0x000005f8      0x140 ./Drivers/STM32G4xx_HAL_Driver/Src/stm32g4xx_hal_pwr_ex.o
 .debug_aranges
                0x00000738       0x98 ./Drivers/STM32G4xx_HAL_Driver/Src/stm32g4xx_hal_rcc.o
 .debug_aranges
                0x000007d0       0xb0 ./Drivers/STM32G4xx_HAL_Driver/Src/stm32g4xx_hal_rcc_ex.o
 .debug_aranges
                0x00000880       0x58 ./cryp_lib/can.o
 .debug_aranges
                0x000008d8      0x1c0 ./cryp_lib/canard.o
 .debug_aranges
                0x00000a98       0x38 ./cryp_lib/hyp.aes.Encryption_Hyp.o
 .debug_aranges
                0x00000ad0       0xb8 ./tiny_lib/aes.o

.debug_rnglists
                0x00000000      0x8a1
 .debug_rnglists
                0x00000000       0x2d ./Core/Src/main.o
 .debug_rnglists
                0x0000002d       0x20 ./Core/Src/stm32g4xx_hal_msp.o
 .debug_rnglists
                0x0000004d       0x49 ./Core/Src/stm32g4xx_it.o
 .debug_rnglists
                0x00000096       0x1a ./Core/Src/system_stm32g4xx.o
 .debug_rnglists
                0x000000b0       0x19 ./Core/Startup/startup_stm32g474retx.o
 .debug_rnglists
                0x000000c9       0xf1 ./Drivers/STM32G4xx_HAL_Driver/Src/stm32g4xx_hal.o
 .debug_rnglists
                0x000001ba       0xda ./Drivers/STM32G4xx_HAL_Driver/Src/stm32g4xx_hal_cortex.o
 .debug_rnglists
                0x00000294      0x18d ./Drivers/STM32G4xx_HAL_Driver/Src/stm32g4xx_hal_fdcan.o
 .debug_rnglists
                0x00000421       0x3f ./Drivers/STM32G4xx_HAL_Driver/Src/stm32g4xx_hal_gpio.o
 .debug_rnglists
                0x00000460       0xf1 ./Drivers/STM32G4xx_HAL_Driver/Src/stm32g4xx_hal_pwr_ex.o
 .debug_rnglists
                0x00000551       0x74 ./Drivers/STM32G4xx_HAL_Driver/Src/stm32g4xx_hal_rcc.o
 .debug_rnglists
                0x000005c5       0x87 ./Drivers/STM32G4xx_HAL_Driver/Src/stm32g4xx_hal_rcc_ex.o
 .debug_rnglists
                0x0000064c       0x4c ./cryp_lib/can.o
 .debug_rnglists
                0x00000698      0x158 ./cryp_lib/canard.o
 .debug_rnglists
                0x000007f0       0x26 ./cryp_lib/hyp.aes.Encryption_Hyp.o
 .debug_rnglists
                0x00000816       0x8b ./tiny_lib/aes.o

.debug_macro    0x00000000    0x2520b
 .debug_macro   0x00000000      0x31d ./Core/Src/main.o
 .debug_macro   0x0000031d      0xad8 ./Core/Src/main.o
 .debug_macro   0x00000df5      0x155 ./Core/Src/main.o
 .debug_macro   0x00000f4a       0x2e ./Core/Src/main.o
 .debug_macro   0x00000f78       0x28 ./Core/Src/main.o
 .debug_macro   0x00000fa0       0x22 ./Core/Src/main.o
 .debug_macro   0x00000fc2       0x8e ./Core/Src/main.o
 .debug_macro   0x00001050       0x51 ./Core/Src/main.o
 .debug_macro   0x000010a1      0x103 ./Core/Src/main.o
 .debug_macro   0x000011a4       0x6a ./Core/Src/main.o
 .debug_macro   0x0000120e      0x1df ./Core/Src/main.o
 .debug_macro   0x000013ed       0x1c ./Core/Src/main.o
 .debug_macro   0x00001409       0x22 ./Core/Src/main.o
 .debug_macro   0x0000142b       0xfb ./Core/Src/main.o
 .debug_macro   0x00001526     0x1011 ./Core/Src/main.o
 .debug_macro   0x00002537      0x11f ./Core/Src/main.o
 .debug_macro   0x00002656    0x18b8c ./Core/Src/main.o
 .debug_macro   0x0001b1e2       0x6d ./Core/Src/main.o
 .debug_macro   0x0001b24f     0x3558 ./Core/Src/main.o
 .debug_macro   0x0001e7a7      0x190 ./Core/Src/main.o
 .debug_macro   0x0001e937       0x5c ./Core/Src/main.o
 .debug_macro   0x0001e993     0x171f ./Core/Src/main.o
 .debug_macro   0x000200b2      0x600 ./Core/Src/main.o
 .debug_macro   0x000206b2      0x1b6 ./Core/Src/main.o
 .debug_macro   0x00020868      0x34a ./Core/Src/main.o
 .debug_macro   0x00020bb2      0x53c ./Core/Src/main.o
 .debug_macro   0x000210ee      0x18b ./Core/Src/main.o
 .debug_macro   0x00021279       0x43 ./Core/Src/main.o
 .debug_macro   0x000212bc      0x23d ./Core/Src/main.o
 .debug_macro   0x000214f9      0x211 ./Core/Src/main.o
 .debug_macro   0x0002170a      0x6bd ./Core/Src/main.o
 .debug_macro   0x00021dc7      0x45c ./Core/Src/main.o
 .debug_macro   0x00022223      0x11c ./Core/Src/main.o
 .debug_macro   0x0002233f      0x122 ./Core/Src/main.o
 .debug_macro   0x00022461      0x3d1 ./Core/Src/main.o
 .debug_macro   0x00022832      0x358 ./Core/Src/main.o
 .debug_macro   0x00022b8a       0x22 ./Core/Src/main.o
 .debug_macro   0x00022bac       0x61 ./Core/Src/main.o
 .debug_macro   0x00022c0d       0x2a ./Core/Src/main.o
 .debug_macro   0x00022c37       0x43 ./Core/Src/main.o
 .debug_macro   0x00022c7a       0x34 ./Core/Src/main.o
 .debug_macro   0x00022cae       0x1c ./Core/Src/main.o
 .debug_macro   0x00022cca      0x12a ./Core/Src/main.o
 .debug_macro   0x00022df4       0x1c ./Core/Src/main.o
 .debug_macro   0x00022e10       0x16 ./Core/Src/main.o
 .debug_macro   0x00022e26       0x16 ./Core/Src/main.o
 .debug_macro   0x00022e3c      0x370 ./Core/Src/main.o
 .debug_macro   0x000231ac       0x16 ./Core/Src/main.o
 .debug_macro   0x000231c2       0x4a ./Core/Src/main.o
 .debug_macro   0x0002320c       0x34 ./Core/Src/main.o
 .debug_macro   0x00023240       0x10 ./Core/Src/main.o
 .debug_macro   0x00023250       0x58 ./Core/Src/main.o
 .debug_macro   0x000232a8       0x8e ./Core/Src/main.o
 .debug_macro   0x00023336       0x16 ./Core/Src/main.o
 .debug_macro   0x0002334c      0x185 ./Core/Src/main.o
 .debug_macro   0x000234d1       0x10 ./Core/Src/main.o
 .debug_macro   0x000234e1       0x3c ./Core/Src/main.o
 .debug_macro   0x0002351d       0x20 ./Core/Src/main.o
 .debug_macro   0x0002353d       0x2e ./Core/Src/main.o
 .debug_macro   0x0002356b       0x1c ./Core/Src/main.o
 .debug_macro   0x00023587       0x10 ./Core/Src/main.o
 .debug_macro   0x00023597       0x1c ./Core/Src/main.o
 .debug_macro   0x000235b3       0x16 ./Core/Src/main.o
 .debug_macro   0x000235c9      0x146 ./Core/Src/main.o
 .debug_macro   0x0002370f      0x1ba ./Core/Src/stm32g4xx_hal_msp.o
 .debug_macro   0x000238c9      0x1c4 ./Core/Src/stm32g4xx_it.o
 .debug_macro   0x00023a8d      0x1b0 ./Core/Src/system_stm32g4xx.o
 .debug_macro   0x00023c3d      0x1fe ./Drivers/STM32G4xx_HAL_Driver/Src/stm32g4xx_hal.o
 .debug_macro   0x00023e3b      0x1b0 ./Drivers/STM32G4xx_HAL_Driver/Src/stm32g4xx_hal_cortex.o
 .debug_macro   0x00023feb      0x2c2 ./Drivers/STM32G4xx_HAL_Driver/Src/stm32g4xx_hal_fdcan.o
 .debug_macro   0x000242ad      0x1b7 ./Drivers/STM32G4xx_HAL_Driver/Src/stm32g4xx_hal_gpio.o
 .debug_macro   0x00024464      0x1da ./Drivers/STM32G4xx_HAL_Driver/Src/stm32g4xx_hal_pwr_ex.o
 .debug_macro   0x0002463e      0x1f2 ./Drivers/STM32G4xx_HAL_Driver/Src/stm32g4xx_hal_rcc.o
 .debug_macro   0x00024830      0x1da ./Drivers/STM32G4xx_HAL_Driver/Src/stm32g4xx_hal_rcc_ex.o
 .debug_macro   0x00024a0a      0x32f ./cryp_lib/can.o
 .debug_macro   0x00024d39      0x1e2 ./cryp_lib/canard.o
 .debug_macro   0x00024f1b       0x16 ./cryp_lib/canard.o
 .debug_macro   0x00024f31      0x16a ./cryp_lib/hyp.aes.Encryption_Hyp.o
 .debug_macro   0x0002509b      0x170 ./tiny_lib/aes.o

.debug_line     0x00000000     0xbd69
 .debug_line    0x00000000      0x9c0 ./Core/Src/main.o
 .debug_line    0x000009c0      0x6d4 ./Core/Src/stm32g4xx_hal_msp.o
 .debug_line    0x00001094      0x722 ./Core/Src/stm32g4xx_it.o
 .debug_line    0x000017b6      0x6c8 ./Core/Src/system_stm32g4xx.o
 .debug_line    0x00001e7e       0x7b ./Core/Startup/startup_stm32g474retx.o
 .debug_line    0x00001ef9      0xa94 ./Drivers/STM32G4xx_HAL_Driver/Src/stm32g4xx_hal.o
 .debug_line    0x0000298d      0xbf9 ./Drivers/STM32G4xx_HAL_Driver/Src/stm32g4xx_hal_cortex.o
 .debug_line    0x00003586     0x17e5 ./Drivers/STM32G4xx_HAL_Driver/Src/stm32g4xx_hal_fdcan.o
 .debug_line    0x00004d6b      0xa6d ./Drivers/STM32G4xx_HAL_Driver/Src/stm32g4xx_hal_gpio.o
 .debug_line    0x000057d8      0xbf3 ./Drivers/STM32G4xx_HAL_Driver/Src/stm32g4xx_hal_pwr_ex.o
 .debug_line    0x000063cb      0xf17 ./Drivers/STM32G4xx_HAL_Driver/Src/stm32g4xx_hal_rcc.o
 .debug_line    0x000072e2     0x118c ./Drivers/STM32G4xx_HAL_Driver/Src/stm32g4xx_hal_rcc_ex.o
 .debug_line    0x0000846e      0xab4 ./cryp_lib/can.o
 .debug_line    0x00008f22     0x190e ./cryp_lib/canard.o
 .debug_line    0x0000a830      0x63e ./cryp_lib/hyp.aes.Encryption_Hyp.o
 .debug_line    0x0000ae6e      0xefb ./tiny_lib/aes.o

.debug_str      0x00000000    0xe9ba2
 .debug_str     0x00000000    0xe9ba2 ./Core/Src/main.o
                              0xe52f2 (size before relaxing)
 .debug_str     0x000e9ba2    0xe1a1e ./Core/Src/stm32g4xx_hal_msp.o
 .debug_str     0x000e9ba2    0xe1044 ./Core/Src/stm32g4xx_it.o
 .debug_str     0x000e9ba2    0xe0e0a ./Core/Src/system_stm32g4xx.o
 .debug_str     0x000e9ba2       0x7f ./Core/Startup/startup_stm32g474retx.o
 .debug_str     0x000e9ba2    0xe1b1c ./Drivers/STM32G4xx_HAL_Driver/Src/stm32g4xx_hal.o
 .debug_str     0x000e9ba2    0xe17d8 ./Drivers/STM32G4xx_HAL_Driver/Src/stm32g4xx_hal_cortex.o
 .debug_str     0x000e9ba2    0xe23b9 ./Drivers/STM32G4xx_HAL_Driver/Src/stm32g4xx_hal_fdcan.o
 .debug_str     0x000e9ba2    0xe0f95 ./Drivers/STM32G4xx_HAL_Driver/Src/stm32g4xx_hal_gpio.o
 .debug_str     0x000e9ba2    0xe12f8 ./Drivers/STM32G4xx_HAL_Driver/Src/stm32g4xx_hal_pwr_ex.o
 .debug_str     0x000e9ba2    0xe1529 ./Drivers/STM32G4xx_HAL_Driver/Src/stm32g4xx_hal_rcc.o
 .debug_str     0x000e9ba2    0xe1553 ./Drivers/STM32G4xx_HAL_Driver/Src/stm32g4xx_hal_rcc_ex.o
 .debug_str     0x000e9ba2    0xe57fe ./cryp_lib/can.o
 .debug_str     0x000e9ba2     0x8ad3 ./cryp_lib/canard.o
 .debug_str     0x000e9ba2     0x7c54 ./cryp_lib/hyp.aes.Encryption_Hyp.o
 .debug_str     0x000e9ba2     0x760f ./tiny_lib/aes.o

.comment        0x00000000       0x43
 .comment       0x00000000       0x43 ./Core/Src/main.o
                                 0x44 (size before relaxing)
 .comment       0x00000043       0x44 ./Core/Src/stm32g4xx_hal_msp.o
 .comment       0x00000043       0x44 ./Core/Src/stm32g4xx_it.o
 .comment       0x00000043       0x44 ./Core/Src/system_stm32g4xx.o
 .comment       0x00000043       0x44 ./Drivers/STM32G4xx_HAL_Driver/Src/stm32g4xx_hal.o
 .comment       0x00000043       0x44 ./Drivers/STM32G4xx_HAL_Driver/Src/stm32g4xx_hal_cortex.o
 .comment       0x00000043       0x44 ./Drivers/STM32G4xx_HAL_Driver/Src/stm32g4xx_hal_fdcan.o
 .comment       0x00000043       0x44 ./Drivers/STM32G4xx_HAL_Driver/Src/stm32g4xx_hal_gpio.o
 .comment       0x00000043       0x44 ./Drivers/STM32G4xx_HAL_Driver/Src/stm32g4xx_hal_pwr_ex.o
 .comment       0x00000043       0x44 ./Drivers/STM32G4xx_HAL_Driver/Src/stm32g4xx_hal_rcc.o
 .comment       0x00000043       0x44 ./Drivers/STM32G4xx_HAL_Driver/Src/stm32g4xx_hal_rcc_ex.o
 .comment       0x00000043       0x44 ./cryp_lib/can.o
 .comment       0x00000043       0x44 ./cryp_lib/canard.o
 .comment       0x00000043       0x44 ./cryp_lib/hyp.aes.Encryption_Hyp.o
 .comment       0x00000043       0x44 ./tiny_lib/aes.o

.debug_frame    0x00000000     0x2f20
 .debug_frame   0x00000000       0xac ./Core/Src/main.o
 .debug_frame   0x000000ac       0x80 ./Core/Src/stm32g4xx_hal_msp.o
 .debug_frame   0x0000012c      0x120 ./Core/Src/stm32g4xx_it.o
 .debug_frame   0x0000024c       0x58 ./Core/Src/system_stm32g4xx.o
 .debug_frame   0x000002a4      0x500 ./Drivers/STM32G4xx_HAL_Driver/Src/stm32g4xx_hal.o
 .debug_frame   0x000007a4      0x4e8 ./Drivers/STM32G4xx_HAL_Driver/Src/stm32g4xx_hal_cortex.o
 .debug_frame   0x00000c8c      0x9b0 ./Drivers/STM32G4xx_HAL_Driver/Src/stm32g4xx_hal_fdcan.o
 .debug_frame   0x0000163c      0x14c ./Drivers/STM32G4xx_HAL_Driver/Src/stm32g4xx_hal_gpio.o
 .debug_frame   0x00001788      0x4fc ./Drivers/STM32G4xx_HAL_Driver/Src/stm32g4xx_hal_pwr_ex.o
 .debug_frame   0x00001c84      0x23c ./Drivers/STM32G4xx_HAL_Driver/Src/stm32g4xx_hal_rcc.o
 .debug_frame   0x00001ec0      0x2ac ./Drivers/STM32G4xx_HAL_Driver/Src/stm32g4xx_hal_rcc_ex.o
 .debug_frame   0x0000216c      0x13c ./cryp_lib/can.o
 .debug_frame   0x000022a8      0x82c ./cryp_lib/canard.o
 .debug_frame   0x00002ad4       0xa0 ./cryp_lib/hyp.aes.Encryption_Hyp.o
 .debug_frame   0x00002b74      0x310 ./tiny_lib/aes.o
 .debug_frame   0x00002e84       0x28 /opt/st/stm32cubeide_1.19.0/plugins/com.st.stm32cube.ide.mcu.externaltools.gnu-tools-for-stm32.13.3.rel1.linux64_1.0.0.202410170706/tools/bin/../lib/gcc/arm-none-eabi/13.3.1/../../../../arm-none-eabi/lib/thumb/v7e-m+fp/hard/libc_nano.a(libc_a-memcmp.o)
 .debug_frame   0x00002eac       0x20 /opt/st/stm32cubeide_1.19.0/plugins/com.st.stm32cube.ide.mcu.externaltools.gnu-tools-for-stm32.13.3.rel1.linux64_1.0.0.202410170706/tools/bin/../lib/gcc/arm-none-eabi/13.3.1/../../../../arm-none-eabi/lib/thumb/v7e-m+fp/hard/libc_nano.a(libc_a-memset.o)
 .debug_frame   0x00002ecc       0x2c /opt/st/stm32cubeide_1.19.0/plugins/com.st.stm32cube.ide.mcu.externaltools.gnu-tools-for-stm32.13.3.rel1.linux64_1.0.0.202410170706/tools/bin/../lib/gcc/arm-none-eabi/13.3.1/../../../../arm-none-eabi/lib/thumb/v7e-m+fp/hard/libc_nano.a(libc_a-init.o)
 .debug_frame   0x00002ef8       0x28 /opt/st/stm32cubeide_1.19.0/plugins/com.st.stm32cube.ide.mcu.externaltools.gnu-tools-for-stm32.13.3.rel1.linux64_1.0.0.202410170706/tools/bin/../lib/gcc/arm-none-eabi/13.3.1/../../../../arm-none-eabi/lib/thumb/v7e-m+fp/hard/libc_nano.a(libc_a-memcpy-stub.o)

.debug_line_str
                0x00000000       0x63
 .debug_line_str
                0x00000000       0x63 ./Core/Startup/startup_stm32g474retx.o
