../Core/Src/main.c:77:6:HAL_CAN_RxFifo0MsgPendingCallback	96	static
../Core/Src/main.c:95:6:should_accept	24	static
../Core/Src/main.c:107:6:on_reception	184	static
../Core/Src/main.c:135:6:tx_frame	40	static
../Core/Src/main.c:168:6:config_filter	48	static
../Core/Src/main.c:189:5:main	16	static
../Core/Src/main.c:244:6:SystemClock_Config	88	static
../Core/Src/main.c:290:13:MX_CAN1_Init	8	static
../Core/Src/main.c:327:13:MX_GPIO_Init	24	static
../Core/Src/main.c:351:6:Error_Handler	4	static,ignoring_inline_asm
