10:02:52 **** Incremental Build of configuration Debug for project pack_pin ****
make -j12 all 
arm-none-eabi-size  pack_pin.elf 
   text	   data	    bss	    dec	    hex	filename
  20160	     12	   2708	  22880	   5960	pack_pin.elf
Finished building: default.size.stdout
 
10:02:53 **** Incremental Build of configuration Debug for project pack_pin ****
make -j12 all 
arm-none-eabi-size  pack_pin.elf 
   text	   data	    bss	    dec	    hex	filename
  20160	     12	   2708	  22880	   5960	pack_pin.elf
Finished building: default.size.stdout
 
10:04:34 **** Incremental Build of configuration Debug for project pack_pin ****
make -j12 all 
arm-none-eabi-gcc "../Core/Src/main.c" -mcpu=cortex-m4 -std=gnu11 -g3 -DDEBUG -DUSE_HAL_DRIVER -DSTM32F407xx -c -I../Core/Inc -I../Drivers/STM32F4xx_HAL_Driver/Inc -I../Drivers/STM32F4xx_HAL_Driver/Inc/Legacy -I../Drivers/CMSIS/Device/ST/STM32F4xx/Include -I../Drivers/CMSIS/Include -I"/home/duong/Du_an/HYPMOTION/pack_pin_ide/pack_pin/LIB/canard" -I"/home/duong/Du_an/HYPMOTION/pack_pin_ide/pack_pin/LIB/Lib_canard_func/include" -O0 -ffunction-sections -fdata-sections -Wall -fstack-usage -fcyclomatic-complexity -MMD -MP -MF"Core/Src/main.d" -MT"Core/Src/main.o" --specs=nano.specs -mfpu=fpv4-sp-d16 -mfloat-abi=hard -mthumb -o "Core/Src/main.o"
In file included from ../Core/Src/main.c:25:
/home/duong/Du_an/HYPMOTION/pack_pin_ide/pack_pin/LIB/canard/canard_internals.h:88:32: warning: 'traverseRxStates' declared 'static' but never defined [-Wunused-function]
   88 | CANARD_INTERNAL CanardRxState* traverseRxStates(CanardInstance* ins,
      |                                ^~~~~~~~~~~~~~~~
/home/duong/Du_an/HYPMOTION/pack_pin_ide/pack_pin/LIB/canard/canard_internals.h:91:32: warning: 'createRxState' declared 'static' but never defined [-Wunused-function]
   91 | CANARD_INTERNAL CanardRxState* createRxState(CanardPoolAllocator* allocator,
      |                                ^~~~~~~~~~~~~
/home/duong/Du_an/HYPMOTION/pack_pin_ide/pack_pin/LIB/canard/canard_internals.h:94:32: warning: 'prependRxState' declared 'static' but never defined [-Wunused-function]
   94 | CANARD_INTERNAL CanardRxState* prependRxState(CanardInstance* ins,
      |                                ^~~~~~~~~~~~~~
/home/duong/Du_an/HYPMOTION/pack_pin_ide/pack_pin/LIB/canard/canard_internals.h:97:32: warning: 'findRxState' declared 'static' but never defined [-Wunused-function]
   97 | CANARD_INTERNAL CanardRxState* findRxState(CanardInstance *ins,
      |                                ^~~~~~~~~~~
/home/duong/Du_an/HYPMOTION/pack_pin_ide/pack_pin/LIB/canard/canard_internals.h:100:25: warning: 'bufferBlockPushBytes' declared 'static' but never defined [-Wunused-function]
  100 | CANARD_INTERNAL int16_t bufferBlockPushBytes(CanardPoolAllocator* allocator,
      |                         ^~~~~~~~~~~~~~~~~~~~
/home/duong/Du_an/HYPMOTION/pack_pin_ide/pack_pin/LIB/canard/canard_internals.h:105:36: warning: 'createBufferBlock' declared 'static' but never defined [-Wunused-function]
  105 | CANARD_INTERNAL CanardBufferBlock* createBufferBlock(CanardPoolAllocator* allocator);
      |                                    ^~~~~~~~~~~~~~~~~
/home/duong/Du_an/HYPMOTION/pack_pin_ide/pack_pin/LIB/canard/canard_internals.h:107:22: warning: 'pushTxQueue' declared 'static' but never defined [-Wunused-function]
  107 | CANARD_INTERNAL void pushTxQueue(CanardInstance* ins,
      |                      ^~~~~~~~~~~
/home/duong/Du_an/HYPMOTION/pack_pin_ide/pack_pin/LIB/canard/canard_internals.h:110:22: warning: 'isPriorityHigher' declared 'static' but never defined [-Wunused-function]
  110 | CANARD_INTERNAL bool isPriorityHigher(uint32_t id,
      |                      ^~~~~~~~~~~~~~~~
/home/duong/Du_an/HYPMOTION/pack_pin_ide/pack_pin/LIB/canard/canard_internals.h:113:36: warning: 'createTxItem' declared 'static' but never defined [-Wunused-function]
  113 | CANARD_INTERNAL CanardTxQueueItem* createTxItem(CanardPoolAllocator* allocator);
      |                                    ^~~~~~~~~~~~
/home/duong/Du_an/HYPMOTION/pack_pin_ide/pack_pin/LIB/canard/canard_internals.h:115:22: warning: 'prepareForNextTransfer' declared 'static' but never defined [-Wunused-function]
  115 | CANARD_INTERNAL void prepareForNextTransfer(CanardRxState* state);
      |                      ^~~~~~~~~~~~~~~~~~~~~~
/home/duong/Du_an/HYPMOTION/pack_pin_ide/pack_pin/LIB/canard/canard_internals.h:117:25: warning: 'computeTransferIDForwardDistance' declared 'static' but never defined [-Wunused-function]
  117 | CANARD_INTERNAL int16_t computeTransferIDForwardDistance(uint8_t a,
      |                         ^~~~~~~~~~~~~~~~~~~~~~~~~~~~~~~~
/home/duong/Du_an/HYPMOTION/pack_pin_ide/pack_pin/LIB/canard/canard_internals.h:120:22: warning: 'incrementTransferID' declared 'static' but never defined [-Wunused-function]
  120 | CANARD_INTERNAL void incrementTransferID(uint8_t* transfer_id);
      |                      ^~~~~~~~~~~~~~~~~~~
/home/duong/Du_an/HYPMOTION/pack_pin_ide/pack_pin/LIB/canard/canard_internals.h:122:26: warning: 'releaseStatePayload' declared 'static' but never defined [-Wunused-function]
  122 | CANARD_INTERNAL uint64_t releaseStatePayload(CanardInstance* ins,
      |                          ^~~~~~~~~~~~~~~~~~~
/home/duong/Du_an/HYPMOTION/pack_pin_ide/pack_pin/LIB/canard/canard_internals.h:125:26: warning: 'dlcToDataLength' declared 'static' but never defined [-Wunused-function]
  125 | CANARD_INTERNAL uint16_t dlcToDataLength(uint16_t dlc);
      |                          ^~~~~~~~~~~~~~~
/home/duong/Du_an/HYPMOTION/pack_pin_ide/pack_pin/LIB/canard/canard_internals.h:126:26: warning: 'dataLengthToDlc' declared 'static' but never defined [-Wunused-function]
  126 | CANARD_INTERNAL uint16_t dataLengthToDlc(uint16_t data_length);
      |                          ^~~~~~~~~~~~~~~
/home/duong/Du_an/HYPMOTION/pack_pin_ide/pack_pin/LIB/canard/canard_internals.h:129:25: warning: 'enqueueTxFrames' declared 'static' but never defined [-Wunused-function]
  129 | CANARD_INTERNAL int16_t enqueueTxFrames(CanardInstance* ins,
      |                         ^~~~~~~~~~~~~~~
/home/duong/Du_an/HYPMOTION/pack_pin_ide/pack_pin/LIB/canard/canard_internals.h:134:22: warning: 'copyBitArray' declared 'static' but never defined [-Wunused-function]
  134 | CANARD_INTERNAL void copyBitArray(const uint8_t* src,
      |                      ^~~~~~~~~~~~
/home/duong/Du_an/HYPMOTION/pack_pin_ide/pack_pin/LIB/canard/canard_internals.h:144:25: warning: 'descatterTransferPayload' declared 'static' but never defined [-Wunused-function]
  144 | CANARD_INTERNAL int16_t descatterTransferPayload(const CanardRxTransfer* transfer,
      |                         ^~~~~~~~~~~~~~~~~~~~~~~~
/home/duong/Du_an/HYPMOTION/pack_pin_ide/pack_pin/LIB/canard/canard_internals.h:149:22: warning: 'isBigEndian' declared 'static' but never defined [-Wunused-function]
  149 | CANARD_INTERNAL bool isBigEndian(void);
      |                      ^~~~~~~~~~~
/home/duong/Du_an/HYPMOTION/pack_pin_ide/pack_pin/LIB/canard/canard_internals.h:151:22: warning: 'swapByteOrder' declared 'static' but never defined [-Wunused-function]
  151 | CANARD_INTERNAL void swapByteOrder(void* data, unsigned size);
      |                      ^~~~~~~~~~~~~
/home/duong/Du_an/HYPMOTION/pack_pin_ide/pack_pin/LIB/canard/canard_internals.h:156:26: warning: 'crcAddByte' declared 'static' but never defined [-Wunused-function]
  156 | CANARD_INTERNAL uint16_t crcAddByte(uint16_t crc_val,
      |                          ^~~~~~~~~~
/home/duong/Du_an/HYPMOTION/pack_pin_ide/pack_pin/LIB/canard/canard_internals.h:159:26: warning: 'crcAddSignature' declared 'static' but never defined [-Wunused-function]
  159 | CANARD_INTERNAL uint16_t crcAddSignature(uint16_t crc_val,
      |                          ^~~~~~~~~~~~~~~
/home/duong/Du_an/HYPMOTION/pack_pin_ide/pack_pin/LIB/canard/canard_internals.h:162:26: warning: 'crcAdd' declared 'static' but never defined [-Wunused-function]
  162 | CANARD_INTERNAL uint16_t crcAdd(uint16_t crc_val,
      |                          ^~~~~~
/home/duong/Du_an/HYPMOTION/pack_pin_ide/pack_pin/LIB/canard/canard_internals.h:173:22: warning: 'initPoolAllocator' declared 'static' but never defined [-Wunused-function]
  173 | CANARD_INTERNAL void initPoolAllocator(CanardPoolAllocator* allocator,
      |                      ^~~~~~~~~~~~~~~~~
/home/duong/Du_an/HYPMOTION/pack_pin_ide/pack_pin/LIB/canard/canard_internals.h:180:23: warning: 'allocateBlock' declared 'static' but never defined [-Wunused-function]
  180 | CANARD_INTERNAL void* allocateBlock(CanardPoolAllocator* allocator);
      |                       ^~~~~~~~~~~~~
/home/duong/Du_an/HYPMOTION/pack_pin_ide/pack_pin/LIB/canard/canard_internals.h:185:22: warning: 'freeBlock' declared 'static' but never defined [-Wunused-function]
  185 | CANARD_INTERNAL void freeBlock(CanardPoolAllocator* allocator,
      |                      ^~~~~~~~~
/home/duong/Du_an/HYPMOTION/pack_pin_ide/pack_pin/LIB/canard/canard_internals.h:188:26: warning: 'calculateCRC' declared 'static' but never defined [-Wunused-function]
  188 | CANARD_INTERNAL uint16_t calculateCRC(const CanardTxTransfer* transfer_object);
      |                          ^~~~~~~~~~~~
/home/duong/Du_an/HYPMOTION/pack_pin_ide/pack_pin/LIB/canard/canard_internals.h:190:36: warning: 'canardBufferFromIdx' declared 'static' but never defined [-Wunused-function]
  190 | CANARD_INTERNAL CanardBufferBlock *canardBufferFromIdx(CanardPoolAllocator* allocator, canard_buffer_idx_t idx);
      |                                    ^~~~~~~~~~~~~~~~~~~
/home/duong/Du_an/HYPMOTION/pack_pin_ide/pack_pin/LIB/canard/canard_internals.h:192:37: warning: 'canardBufferToIdx' declared 'static' but never defined [-Wunused-function]
  192 | CANARD_INTERNAL canard_buffer_idx_t canardBufferToIdx(CanardPoolAllocator* allocator, const CanardBufferBlock *buf);
      |                                     ^~~~~~~~~~~~~~~~~
/home/duong/Du_an/HYPMOTION/pack_pin_ide/pack_pin/LIB/canard/canard_internals.h:194:32: warning: 'canardRxFromIdx' declared 'static' but never defined [-Wunused-function]
  194 | CANARD_INTERNAL CanardRxState *canardRxFromIdx(CanardPoolAllocator* allocator, canard_buffer_idx_t idx);
      |                                ^~~~~~~~~~~~~~~
/home/duong/Du_an/HYPMOTION/pack_pin_ide/pack_pin/LIB/canard/canard_internals.h:196:37: warning: 'canardRxToIdx' declared 'static' but never defined [-Wunused-function]
  196 | CANARD_INTERNAL canard_buffer_idx_t canardRxToIdx(CanardPoolAllocator* allocator, const CanardRxState *rx);
      |                                     ^~~~~~~~~~~~~
arm-none-eabi-gcc -o "pack_pin.elf" @"objects.list"   -mcpu=cortex-m4 -T"/home/duong/Du_an/HYPMOTION/pack_pin_ide/pack_pin/STM32F407VGTX_FLASH.ld" --specs=nosys.specs -Wl,-Map="pack_pin.map" -Wl,--gc-sections -static --specs=nano.specs -mfpu=fpv4-sp-d16 -mfloat-abi=hard -mthumb -Wl,--start-group -lc -lm -Wl,--end-group
Finished building target: pack_pin.elf
 
arm-none-eabi-size  pack_pin.elf 
arm-none-eabi-objdump -h -S pack_pin.elf  > "pack_pin.list"
   text	   data	    bss	    dec	    hex	filename
  20160	     12	   2708	  22880	   5960	pack_pin.elf
Finished building: default.size.stdout
 
Finished building: pack_pin.list
 
10:05:26 **** Incremental Build of configuration Debug for project pack_pin ****
make -j12 all 
arm-none-eabi-gcc "../Core/Src/main.c" -mcpu=cortex-m4 -std=gnu11 -g3 -DDEBUG -DUSE_HAL_DRIVER -DSTM32F407xx -c -I../Core/Inc -I../Drivers/STM32F4xx_HAL_Driver/Inc -I../Drivers/STM32F4xx_HAL_Driver/Inc/Legacy -I../Drivers/CMSIS/Device/ST/STM32F4xx/Include -I../Drivers/CMSIS/Include -I"/home/duong/Du_an/HYPMOTION/pack_pin_ide/pack_pin/LIB/canard" -I"/home/duong/Du_an/HYPMOTION/pack_pin_ide/pack_pin/LIB/Lib_canard_func/include" -O0 -ffunction-sections -fdata-sections -Wall -fstack-usage -fcyclomatic-complexity -MMD -MP -MF"Core/Src/main.d" -MT"Core/Src/main.o" --specs=nano.specs -mfpu=fpv4-sp-d16 -mfloat-abi=hard -mthumb -o "Core/Src/main.o"
In file included from ../Core/Src/main.c:25:
/home/duong/Du_an/HYPMOTION/pack_pin_ide/pack_pin/LIB/canard/canard_internals.h:88:32: warning: 'traverseRxStates' declared 'static' but never defined [-Wunused-function]
   88 | CANARD_INTERNAL CanardRxState* traverseRxStates(CanardInstance* ins,
      |                                ^~~~~~~~~~~~~~~~
/home/duong/Du_an/HYPMOTION/pack_pin_ide/pack_pin/LIB/canard/canard_internals.h:91:32: warning: 'createRxState' declared 'static' but never defined [-Wunused-function]
   91 | CANARD_INTERNAL CanardRxState* createRxState(CanardPoolAllocator* allocator,
      |                                ^~~~~~~~~~~~~
/home/duong/Du_an/HYPMOTION/pack_pin_ide/pack_pin/LIB/canard/canard_internals.h:94:32: warning: 'prependRxState' declared 'static' but never defined [-Wunused-function]
   94 | CANARD_INTERNAL CanardRxState* prependRxState(CanardInstance* ins,
      |                                ^~~~~~~~~~~~~~
/home/duong/Du_an/HYPMOTION/pack_pin_ide/pack_pin/LIB/canard/canard_internals.h:97:32: warning: 'findRxState' declared 'static' but never defined [-Wunused-function]
   97 | CANARD_INTERNAL CanardRxState* findRxState(CanardInstance *ins,
      |                                ^~~~~~~~~~~
/home/duong/Du_an/HYPMOTION/pack_pin_ide/pack_pin/LIB/canard/canard_internals.h:100:25: warning: 'bufferBlockPushBytes' declared 'static' but never defined [-Wunused-function]
  100 | CANARD_INTERNAL int16_t bufferBlockPushBytes(CanardPoolAllocator* allocator,
      |                         ^~~~~~~~~~~~~~~~~~~~
/home/duong/Du_an/HYPMOTION/pack_pin_ide/pack_pin/LIB/canard/canard_internals.h:105:36: warning: 'createBufferBlock' declared 'static' but never defined [-Wunused-function]
  105 | CANARD_INTERNAL CanardBufferBlock* createBufferBlock(CanardPoolAllocator* allocator);
      |                                    ^~~~~~~~~~~~~~~~~
/home/duong/Du_an/HYPMOTION/pack_pin_ide/pack_pin/LIB/canard/canard_internals.h:107:22: warning: 'pushTxQueue' declared 'static' but never defined [-Wunused-function]
  107 | CANARD_INTERNAL void pushTxQueue(CanardInstance* ins,
      |                      ^~~~~~~~~~~
/home/duong/Du_an/HYPMOTION/pack_pin_ide/pack_pin/LIB/canard/canard_internals.h:110:22: warning: 'isPriorityHigher' declared 'static' but never defined [-Wunused-function]
  110 | CANARD_INTERNAL bool isPriorityHigher(uint32_t id,
      |                      ^~~~~~~~~~~~~~~~
/home/duong/Du_an/HYPMOTION/pack_pin_ide/pack_pin/LIB/canard/canard_internals.h:113:36: warning: 'createTxItem' declared 'static' but never defined [-Wunused-function]
  113 | CANARD_INTERNAL CanardTxQueueItem* createTxItem(CanardPoolAllocator* allocator);
      |                                    ^~~~~~~~~~~~
/home/duong/Du_an/HYPMOTION/pack_pin_ide/pack_pin/LIB/canard/canard_internals.h:115:22: warning: 'prepareForNextTransfer' declared 'static' but never defined [-Wunused-function]
  115 | CANARD_INTERNAL void prepareForNextTransfer(CanardRxState* state);
      |                      ^~~~~~~~~~~~~~~~~~~~~~
/home/duong/Du_an/HYPMOTION/pack_pin_ide/pack_pin/LIB/canard/canard_internals.h:117:25: warning: 'computeTransferIDForwardDistance' declared 'static' but never defined [-Wunused-function]
  117 | CANARD_INTERNAL int16_t computeTransferIDForwardDistance(uint8_t a,
      |                         ^~~~~~~~~~~~~~~~~~~~~~~~~~~~~~~~
/home/duong/Du_an/HYPMOTION/pack_pin_ide/pack_pin/LIB/canard/canard_internals.h:120:22: warning: 'incrementTransferID' declared 'static' but never defined [-Wunused-function]
  120 | CANARD_INTERNAL void incrementTransferID(uint8_t* transfer_id);
      |                      ^~~~~~~~~~~~~~~~~~~
/home/duong/Du_an/HYPMOTION/pack_pin_ide/pack_pin/LIB/canard/canard_internals.h:122:26: warning: 'releaseStatePayload' declared 'static' but never defined [-Wunused-function]
  122 | CANARD_INTERNAL uint64_t releaseStatePayload(CanardInstance* ins,
      |                          ^~~~~~~~~~~~~~~~~~~
/home/duong/Du_an/HYPMOTION/pack_pin_ide/pack_pin/LIB/canard/canard_internals.h:125:26: warning: 'dlcToDataLength' declared 'static' but never defined [-Wunused-function]
  125 | CANARD_INTERNAL uint16_t dlcToDataLength(uint16_t dlc);
      |                          ^~~~~~~~~~~~~~~
/home/duong/Du_an/HYPMOTION/pack_pin_ide/pack_pin/LIB/canard/canard_internals.h:126:26: warning: 'dataLengthToDlc' declared 'static' but never defined [-Wunused-function]
  126 | CANARD_INTERNAL uint16_t dataLengthToDlc(uint16_t data_length);
      |                          ^~~~~~~~~~~~~~~
/home/duong/Du_an/HYPMOTION/pack_pin_ide/pack_pin/LIB/canard/canard_internals.h:129:25: warning: 'enqueueTxFrames' declared 'static' but never defined [-Wunused-function]
  129 | CANARD_INTERNAL int16_t enqueueTxFrames(CanardInstance* ins,
      |                         ^~~~~~~~~~~~~~~
/home/duong/Du_an/HYPMOTION/pack_pin_ide/pack_pin/LIB/canard/canard_internals.h:134:22: warning: 'copyBitArray' declared 'static' but never defined [-Wunused-function]
  134 | CANARD_INTERNAL void copyBitArray(const uint8_t* src,
      |                      ^~~~~~~~~~~~
/home/duong/Du_an/HYPMOTION/pack_pin_ide/pack_pin/LIB/canard/canard_internals.h:144:25: warning: 'descatterTransferPayload' declared 'static' but never defined [-Wunused-function]
  144 | CANARD_INTERNAL int16_t descatterTransferPayload(const CanardRxTransfer* transfer,
      |                         ^~~~~~~~~~~~~~~~~~~~~~~~
/home/duong/Du_an/HYPMOTION/pack_pin_ide/pack_pin/LIB/canard/canard_internals.h:149:22: warning: 'isBigEndian' declared 'static' but never defined [-Wunused-function]
  149 | CANARD_INTERNAL bool isBigEndian(void);
      |                      ^~~~~~~~~~~
/home/duong/Du_an/HYPMOTION/pack_pin_ide/pack_pin/LIB/canard/canard_internals.h:151:22: warning: 'swapByteOrder' declared 'static' but never defined [-Wunused-function]
  151 | CANARD_INTERNAL void swapByteOrder(void* data, unsigned size);
      |                      ^~~~~~~~~~~~~
/home/duong/Du_an/HYPMOTION/pack_pin_ide/pack_pin/LIB/canard/canard_internals.h:156:26: warning: 'crcAddByte' declared 'static' but never defined [-Wunused-function]
  156 | CANARD_INTERNAL uint16_t crcAddByte(uint16_t crc_val,
      |                          ^~~~~~~~~~
/home/duong/Du_an/HYPMOTION/pack_pin_ide/pack_pin/LIB/canard/canard_internals.h:159:26: warning: 'crcAddSignature' declared 'static' but never defined [-Wunused-function]
  159 | CANARD_INTERNAL uint16_t crcAddSignature(uint16_t crc_val,
      |                          ^~~~~~~~~~~~~~~
/home/duong/Du_an/HYPMOTION/pack_pin_ide/pack_pin/LIB/canard/canard_internals.h:162:26: warning: 'crcAdd' declared 'static' but never defined [-Wunused-function]
  162 | CANARD_INTERNAL uint16_t crcAdd(uint16_t crc_val,
      |                          ^~~~~~
/home/duong/Du_an/HYPMOTION/pack_pin_ide/pack_pin/LIB/canard/canard_internals.h:173:22: warning: 'initPoolAllocator' declared 'static' but never defined [-Wunused-function]
  173 | CANARD_INTERNAL void initPoolAllocator(CanardPoolAllocator* allocator,
      |                      ^~~~~~~~~~~~~~~~~
/home/duong/Du_an/HYPMOTION/pack_pin_ide/pack_pin/LIB/canard/canard_internals.h:180:23: warning: 'allocateBlock' declared 'static' but never defined [-Wunused-function]
  180 | CANARD_INTERNAL void* allocateBlock(CanardPoolAllocator* allocator);
      |                       ^~~~~~~~~~~~~
/home/duong/Du_an/HYPMOTION/pack_pin_ide/pack_pin/LIB/canard/canard_internals.h:185:22: warning: 'freeBlock' declared 'static' but never defined [-Wunused-function]
  185 | CANARD_INTERNAL void freeBlock(CanardPoolAllocator* allocator,
      |                      ^~~~~~~~~
/home/duong/Du_an/HYPMOTION/pack_pin_ide/pack_pin/LIB/canard/canard_internals.h:188:26: warning: 'calculateCRC' declared 'static' but never defined [-Wunused-function]
  188 | CANARD_INTERNAL uint16_t calculateCRC(const CanardTxTransfer* transfer_object);
      |                          ^~~~~~~~~~~~
/home/duong/Du_an/HYPMOTION/pack_pin_ide/pack_pin/LIB/canard/canard_internals.h:190:36: warning: 'canardBufferFromIdx' declared 'static' but never defined [-Wunused-function]
  190 | CANARD_INTERNAL CanardBufferBlock *canardBufferFromIdx(CanardPoolAllocator* allocator, canard_buffer_idx_t idx);
      |                                    ^~~~~~~~~~~~~~~~~~~
/home/duong/Du_an/HYPMOTION/pack_pin_ide/pack_pin/LIB/canard/canard_internals.h:192:37: warning: 'canardBufferToIdx' declared 'static' but never defined [-Wunused-function]
  192 | CANARD_INTERNAL canard_buffer_idx_t canardBufferToIdx(CanardPoolAllocator* allocator, const CanardBufferBlock *buf);
      |                                     ^~~~~~~~~~~~~~~~~
/home/duong/Du_an/HYPMOTION/pack_pin_ide/pack_pin/LIB/canard/canard_internals.h:194:32: warning: 'canardRxFromIdx' declared 'static' but never defined [-Wunused-function]
  194 | CANARD_INTERNAL CanardRxState *canardRxFromIdx(CanardPoolAllocator* allocator, canard_buffer_idx_t idx);
      |                                ^~~~~~~~~~~~~~~
/home/duong/Du_an/HYPMOTION/pack_pin_ide/pack_pin/LIB/canard/canard_internals.h:196:37: warning: 'canardRxToIdx' declared 'static' but never defined [-Wunused-function]
  196 | CANARD_INTERNAL canard_buffer_idx_t canardRxToIdx(CanardPoolAllocator* allocator, const CanardRxState *rx);
      |                                     ^~~~~~~~~~~~~
arm-none-eabi-gcc -o "pack_pin.elf" @"objects.list"   -mcpu=cortex-m4 -T"/home/duong/Du_an/HYPMOTION/pack_pin_ide/pack_pin/STM32F407VGTX_FLASH.ld" --specs=nosys.specs -Wl,-Map="pack_pin.map" -Wl,--gc-sections -static --specs=nano.specs -mfpu=fpv4-sp-d16 -mfloat-abi=hard -mthumb -Wl,--start-group -lc -lm -Wl,--end-group
Finished building target: pack_pin.elf
 
arm-none-eabi-size  pack_pin.elf 
arm-none-eabi-objdump -h -S pack_pin.elf  > "pack_pin.list"
   text	   data	    bss	    dec	    hex	filename
  20160	     12	   2708	  22880	   5960	pack_pin.elf
Finished building: default.size.stdout
 
Finished building: pack_pin.list
 
10:06:39 **** Incremental Build of configuration Debug for project pack_pin ****
make -j12 all 
arm-none-eabi-size  pack_pin.elf 
   text	   data	    bss	    dec	    hex	filename
  20160	     12	   2708	  22880	   5960	pack_pin.elf
Finished building: default.size.stdout
 
10:08:56 **** Incremental Build of configuration Debug for project pack_pin ****
make -j12 all 
arm-none-eabi-size  pack_pin.elf 
   text	   data	    bss	    dec	    hex	filename
  20160	     12	   2708	  22880	   5960	pack_pin.elf
Finished building: default.size.stdout
 
